ARM Linker, 5.03 [Build 24] [MDK-ARM Standard]

==============================================================================

Section Cross References

    main.o(.text) refers to _printf_pad.o(.text) for _printf_pre_padding
    main.o(.text) refers to _printf_percent.o(.ARM.Collect$$_printf_percent$$00000000) for _printf_percent
    main.o(.text) refers to _printf_d.o(.ARM.Collect$$_printf_percent$$00000009) for _printf_d
    main.o(.text) refers to _printf_dec.o(.text) for _printf_int_dec
    main.o(.text) refers to malloc.o(.text) for mymalloc
    main.o(.text) refers to noretval__2sprintf.o(.text) for __2sprintf
    main.o(.text) refers to os_q.o(.text) for OSQPost
    main.o(.text) refers to os_tmr.o(.text) for OSTmrStop
    main.o(.text) refers to delay.o(.text) for delay_ms
    main.o(.text) refers to key.o(.text) for KEY_Scan
    main.o(.text) refers to os_mbox.o(.text) for OSMboxPost
    main.o(.text) refers to os_flag.o(.text) for OSFlagPend
    main.o(.text) refers to beep.o(.text) for BEEP_On
    main.o(.text) refers to os_core.o(.text) for OSStatInit
    main.o(.text) refers to os_cpu_a.o(.text) for OS_CPU_SR_Save
    main.o(.text) refers to os_task.o(.text) for OSTaskCreate
    main.o(.text) refers to misc.o(.text) for NVIC_PriorityGroupConfig
    main.o(.text) refers to usart.o(.text) for uart_init
    main.o(.text) refers to led.o(.text) for LED_Init
    main.o(.text) refers to main.o(.data) for .data
    main.o(.text) refers to os_core.o(.data) for OSCPUUsage
    main.o(.text) refers to main.o(.bss) for .bss
    system_stm32f10x.o(.text) refers to system_stm32f10x.o(.data) for .data
    led.o(.text) refers to stm32f10x_rcc.o(.text) for RCC_APB2PeriphClockCmd
    led.o(.text) refers to stm32f10x_gpio.o(.text) for GPIO_Init
    led.o(.text) refers to led.o(.constdata) for .constdata
    led.o(.text) refers to led.o(.data) for .data
    key.o(.text) refers to stm32f10x_rcc.o(.text) for RCC_APB2PeriphClockCmd
    key.o(.text) refers to stm32f10x_gpio.o(.text) for GPIO_Init
    key.o(.text) refers to stm32f10x_exti.o(.text) for EXTI_Init
    key.o(.text) refers to misc.o(.text) for NVIC_Init
    key.o(.text) refers to delay.o(.text) for delay_ms
    key.o(.text) refers to key.o(.constdata) for .constdata
    key.o(.text) refers to key.o(.data) for .data
    beep.o(.text) refers to stm32f10x_rcc.o(.text) for RCC_APB2PeriphClockCmd
    beep.o(.text) refers to stm32f10x_gpio.o(.text) for GPIO_Init
    lcd.o(.text) refers to _printf_percent.o(.ARM.Collect$$_printf_percent$$00000000) for _printf_percent
    lcd.o(.text) refers to _printf_x.o(.ARM.Collect$$_printf_percent$$0000000C) for _printf_x
    lcd.o(.text) refers to _printf_hex_int.o(.text) for _printf_longlong_hex
    lcd.o(.text) refers to _printf_pad.o(.text) for _printf_pre_padding
    lcd.o(.text) refers to _printf_d.o(.ARM.Collect$$_printf_percent$$00000009) for _printf_d
    lcd.o(.text) refers to _printf_dec.o(.text) for _printf_int_dec
    lcd.o(.text) refers to stm32f10x_gpio.o(.text) for GPIO_Init
    lcd.o(.text) refers to stm32f10x_rcc.o(.text) for RCC_APB2PeriphClockCmd
    lcd.o(.text) refers to delay.o(.text) for delay_ms
    lcd.o(.text) refers to noretval__2printf.o(.text) for __2printf
    lcd.o(.text) refers to lcd.o(.data) for .data
    lcd.o(.text) refers to fonts.o(.data) for Font16x24
    lcd.o(.text) refers to dflt_clz.o(x$fpl$dfltu) for __aeabi_ui2d
    lcd.o(.text) refers to dflt_clz.o(x$fpl$dflt) for __aeabi_i2d
    lcd.o(.text) refers to dleqf.o(x$fpl$dleqf) for __aeabi_cdcmple
    lcd.o(.text) refers to drleqf.o(x$fpl$drleqf) for __aeabi_cdrcmple
    lcd.o(.text) refers to rt_memclr_w.o(.text) for __aeabi_memclr4
    lcd.o(.text) refers to noretval__2sprintf.o(.text) for __2sprintf
    lcd.o(.text) refers to lcd.o(.constdata) for .constdata
    lcd.o(.text) refers to fonts.o(.data) for pFontTable
    24cxx.o(.text) refers to myiic.o(.text) for IIC_Init
    24cxx.o(.text) refers to delay.o(.text) for delay_ms
    touch.o(.text) refers to stm32f10x_rcc.o(.text) for RCC_APB2PeriphClockCmd
    touch.o(.text) refers to stm32f10x_gpio.o(.text) for GPIO_Init
    touch.o(.text) refers to stm32f10x_spi.o(.text) for SPI_Init
    touch.o(.text) refers to delay.o(.text) for delay_ms
    touch.o(.text) refers to touch.o(.data) for .data
    fonts.o(.data) refers to fonts.o(.data) for ASCII24X48_Table
    fonts.o(.data) refers to fonts.o(.constdata) for ASCII16x24_Table
    fonts.o(.data) refers to fonts.o(.data) for ASCII12x24_Table
    fonts.o(.data) refers to fonts.o(.data) for ASCII8x16_Table
    fonts.o(.data) refers to fonts.o(.constdata) for ASCII8x12_Table
    fonts.o(.data) refers to fonts.o(.constdata) for ASCII8x8_Table
    fonts.o(.data) refers to fonts.o(.data) for Font24x48
    fonts.o(.data) refers to fonts.o(.data) for Font16x24
    fonts.o(.data) refers to fonts.o(.data) for Font12x24
    fonts.o(.data) refers to fonts.o(.data) for Font8x16
    fonts.o(.data) refers to fonts.o(.data) for Font8x12
[...]
    ../clib/angel/rt.s                       0x00000000   Number         0  rt_raise.o ABSOLUTE
    ../clib/angel/scatter.s                  0x00000000   Number         0  __scatter.o ABSOLUTE
    ../clib/angel/startup.s                  0x00000000   Number         0  __main.o ABSOLUTE
    ../clib/angel/sys.s                      0x00000000   Number         0  use_no_semi.o ABSOLUTE
    ../clib/angel/sys.s                      0x00000000   Number         0  libspace.o ABSOLUTE
    ../clib/angel/sys.s                      0x00000000   Number         0  sys_stackheap_outer.o ABSOLUTE
    ../clib/angel/sys.s                      0x00000000   Number         0  indicate_semi.o ABSOLUTE
    ../clib/angel/sys.s                      0x00000000   Number         0  use_no_semi_2.o ABSOLUTE
    ../clib/angel/sysapp.c                   0x00000000   Number         0  sys_command.o ABSOLUTE
    ../clib/angel/sysapp.c                   0x00000000   Number         0  sys_wrch.o ABSOLUTE
    ../clib/armsys.c                         0x00000000   Number         0  _get_argv_nomalloc.o ABSOLUTE
    ../clib/armsys.c                         0x00000000   Number         0  no_argv.o ABSOLUTE
    ../clib/armsys.c                         0x00000000   Number         0  argv_veneer.o ABSOLUTE
    ../clib/armsys.c                         0x00000000   Number         0  argv_veneer.o ABSOLUTE
    ../clib/heapalloc.c                      0x00000000   Number         0  hrguard.o ABSOLUTE
    ../clib/heapaux.c                        0x00000000   Number         0  heapauxi.o ABSOLUTE
    ../clib/libinit.s                        0x00000000   Number         0  libinit.o ABSOLUTE
    ../clib/libinit.s                        0x00000000   Number         0  libshutdown.o ABSOLUTE
    ../clib/libinit.s                        0x00000000   Number         0  libinit2.o ABSOLUTE
    ../clib/libinit.s                        0x00000000   Number         0  libshutdown2.o ABSOLUTE
    ../clib/memcpset.s                       0x00000000   Number         0  rt_memclr_w.o ABSOLUTE
    ../clib/misc.s                           0x00000000   Number         0  printf_stubs.o ABSOLUTE
    ../clib/printf.c                         0x00000000   Number         0  noretval__2sprintf.o ABSOLUTE
    ../clib/printf.c                         0x00000000   Number         0  __printf_flags.o ABSOLUTE
    ../clib/printf.c                         0x00000000   Number         0  _printf_char_common.o ABSOLUTE
    ../clib/printf.c                         0x00000000   Number         0  __printf_flags_ss_wp.o ABSOLUTE
    ../clib/printf.c                         0x00000000   Number         0  _printf_intcommon.o ABSOLUTE
    ../clib/printf.c                         0x00000000   Number         0  _sputc.o ABSOLUTE
    ../clib/printf.c                         0x00000000   Number         0  __printf_ss_wp.o ABSOLUTE
    ../clib/printf.c                         0x00000000   Number         0  _printf_char_file.o ABSOLUTE
    ../clib/printf.c                         0x00000000   Number         0  __printf_flags_wp.o ABSOLUTE
    ../clib/printf.c                         0x00000000   Number         0  __printf_wp.o ABSOLUTE
    ../clib/printf.c                         0x00000000   Number         0  __printf_nopercent.o ABSOLUTE
    ../clib/printf.c                         0x00000000   Number         0  __printf_ss.o ABSOLUTE
    ../clib/printf.c                         0x00000000   Number         0  __2printf.o ABSOLUTE
    ../clib/printf.c                         0x00000000   Number         0  __2sprintf.o ABSOLUTE
    ../clib/printf.c                         0x00000000   Number         0  _printf_hex_ll_ptr.o ABSOLUTE
    ../clib/printf.c                         0x00000000   Number         0  _printf_hex_ptr.o ABSOLUTE
    ../clib/printf.c                         0x00000000   Number         0  _printf_hex_int_ll.o ABSOLUTE
    ../clib/printf.c                         0x00000000   Number         0  _printf_hex_int_ptr.o ABSOLUTE
    ../clib/printf.c                         0x00000000   Number         0  __printf_flags_ss.o ABSOLUTE
    ../clib/printf.c                         0x00000000   Number         0  _printf_hex_int.o ABSOLUTE
    ../clib/printf.c                         0x00000000   Number         0  _printf_hex_ll.o ABSOLUTE
    ../clib/printf.c                         0x00000000   Number         0  _printf_dec.o ABSOLUTE
    ../clib/printf.c                         0x00000000   Number         0  _printf_hex_int_ll_ptr.o ABSOLUTE
    ../clib/printf.c                         0x00000000   Number         0  noretval__2printf.o ABSOLUTE
    ../clib/printf.c                         0x00000000   Number         0  _printf_pad.o ABSOLUTE
    ../clib/printf.c                         0x00000000   Number         0  __printf.o ABSOLUTE
    ../clib/printf_percent.s                 0x00000000   Number         0  _printf_percent_end.o ABSOLUTE
    ../clib/printf_percent.s                 0x00000000   Number         0  _printf_d.o ABSOLUTE
    ../clib/printf_percent.s                 0x00000000   Number         0  _printf_x.o ABSOLUTE
    ../clib/printf_percent.s                 0x00000000   Number         0  _printf_percent.o ABSOLUTE
    ../clib/signal.c                         0x00000000   Number         0  defsig_rtmem_outer.o ABSOLUTE
    ../clib/signal.c                         0x00000000   Number         0  defsig_other.o ABSOLUTE
    ../clib/signal.c                         0x00000000   Number         0  defsig_segv_inner.o ABSOLUTE
    ../clib/signal.c                         0x00000000   Number         0  defsig_cppl_inner.o ABSOLUTE
    ../clib/signal.c                         0x00000000   Number         0  defsig_abrt_inner.o ABSOLUTE
    ../clib/signal.c                         0x00000000   Number         0  defsig_general.o ABSOLUTE
    ../clib/signal.c                         0x00000000   Number         0  defsig_rtmem_formal.o ABSOLUTE
    ../clib/signal.c                         0x00000000   Number         0  defsig_pvfn_inner.o ABSOLUTE
    ../clib/signal.c                         0x00000000   Number         0  defsig_stak_inner.o ABSOLUTE
    ../clib/signal.c                         0x00000000   Number         0  defsig_exit.o ABSOLUTE
    ../clib/signal.c                         0x00000000   Number         0  defsig_rtred_inner.o ABSOLUTE
    ../clib/signal.c                         0x00000000   Number         0  defsig_rtmem_inner.o ABSOLUTE
    ../clib/signal.c                         0x00000000   Number         0  defsig_fpe_inner.o ABSOLUTE
    ../clib/signal.c                         0x00000000   Number         0  __raise.o ABSOLUTE
    ../clib/signal.s                         0x00000000   Number         0  defsig.o ABSOLUTE
    ../clib/stdio.c                          0x00000000   Number         0  ferror_locked.o ABSOLUTE
    ../clib/stdio.c                          0x00000000   Number         0  ferror.o ABSOLUTE
    ../clib/stdlib.c                         0x00000000   Number         0  exit.o ABSOLUTE
    ../fplib/dcmpi.s                         0x00000000   Number         0  dcmpi.o ABSOLUTE
    ../fplib/dflt.s                          0x00000000   Number         0  dflt_clz.o ABSOLUTE
    ../fplib/dleqf.s                         0x00000000   Number         0  dleqf.o ABSOLUTE
    ../fplib/dnaninf.s                       0x00000000   Number         0  dnaninf.o ABSOLUTE
    ../fplib/drleqf.s                        0x00000000   Number         0  drleqf.o ABSOLUTE
    ../fplib/fpinit.s                        0x00000000   Number         0  fpinit.o ABSOLUTE
    ../fplib/usenofp.s                       0x00000000   Number         0  usenofp.o ABSOLUTE
    ..\CORE\core_cm3.c                       0x00000000   Number         0  core_cm3.o ABSOLUTE
    ..\CORE\startup_stm32f10x_cl.s           0x00000000   Number         0  startup_stm32f10x_cl.o ABSOLUTE
    ..\HARDWARE\24CXX\24cxx.c                0x00000000   Number         0  24cxx.o ABSOLUTE
    ..\HARDWARE\BEEP\beep.c                  0x00000000   Number         0  beep.o ABSOLUTE
    ..\HARDWARE\IIC\myiic.c                  0x00000000   Number         0  myiic.o ABSOLUTE
    ..\HARDWARE\KEY\key.c                    0x00000000   Number         0  key.o ABSOLUTE
    ..\HARDWARE\LCD\fonts.c                  0x00000000   Number         0  fonts.o ABSOLUTE
    ..\HARDWARE\LCD\lcd.c                    0x00000000   Number         0  lcd.o ABSOLUTE
    ..\HARDWARE\LED\led.c                    0x00000000   Number         0  led.o ABSOLUTE
    ..\HARDWARE\SPI\spi.c                    0x00000000   Number         0  spi.o ABSOLUTE
    ..\HARDWARE\TOUCH\touch.c                0x00000000   Number         0  touch.o ABSOLUTE
    ..\MALLOC\malloc.c                       0x00000000   Number         0  malloc.o ABSOLUTE
    ..\STM32F10x_FWLib\src\misc.c            0x00000000   Number         0  misc.o ABSOLUTE
    ..\STM32F10x_FWLib\src\stm32f10x_exti.c  0x00000000   Number         0  stm32f10x_exti.o ABSOLUTE
    ..\STM32F10x_FWLib\src\stm32f10x_gpio.c  0x00000000   Number         0  stm32f10x_gpio.o ABSOLUTE
    ..\STM32F10x_FWLib\src\stm32f10x_rcc.c   0x00000000   Number         0  stm32f10x_rcc.o ABSOLUTE
    ..\STM32F10x_FWLib\src\stm32f10x_spi.c   0x00000000   Number         0  stm32f10x_spi.o ABSOLUTE
    ..\STM32F10x_FWLib\src\stm32f10x_tim.c   0x00000000   Number         0  stm32f10x_tim.o ABSOLUTE
    ..\STM32F10x_FWLib\src\stm32f10x_usart.c 0x00000000   Number         0  stm32f10x_usart.o ABSOLUTE
    ..\SYSTEM\delay\delay.c                  0x00000000   Number         0  delay.o ABSOLUTE
    ..\SYSTEM\sys\sys.c                      0x00000000   Number         0  sys.o ABSOLUTE
    ..\SYSTEM\usart\usart.c                  0x00000000   Number         0  usart.o ABSOLUTE
    ..\UCOSII\CORE\os_core.c                 0x00000000   Number         0  os_core.o ABSOLUTE
    ..\UCOSII\CORE\os_flag.c                 0x00000000   Number         0  os_flag.o ABSOLUTE
    ..\UCOSII\CORE\os_mbox.c                 0x00000000   Number         0  os_mbox.o ABSOLUTE
    ..\UCOSII\CORE\os_mem.c                  0x00000000   Number         0  os_mem.o ABSOLUTE
    ..\UCOSII\CORE\os_mutex.c                0x00000000   Number         0  os_mutex.o ABSOLUTE
    ..\UCOSII\CORE\os_q.c                    0x00000000   Number         0  os_q.o ABSOLUTE
    ..\UCOSII\CORE\os_sem.c                  0x00000000   Number         0  os_sem.o ABSOLUTE
    ..\UCOSII\CORE\os_task.c                 0x00000000   Number         0  os_task.o ABSOLUTE
    ..\UCOSII\CORE\os_time.c                 0x00000000   Number         0  os_time.o ABSOLUTE
    ..\UCOSII\CORE\os_tmr.c                  0x00000000   Number         0  os_tmr.o ABSOLUTE
    ..\UCOSII\PORT\os_cpu_a.asm              0x00000000   Number         0  os_cpu_a.o ABSOLUTE
    ..\UCOSII\PORT\os_cpu_c.c                0x00000000   Number         0  os_cpu_c.o ABSOLUTE
    ..\\CORE\\core_cm3.c                     0x00000000   Number         0  core_cm3.o ABSOLUTE
    ..\\SYSTEM\\sys\\sys.c                   0x00000000   Number         0  sys.o ABSOLUTE
    dc.s                                     0x00000000   Number         0  dc.o ABSOLUTE
    main.c                                   0x00000000   Number         0  main.o ABSOLUTE
    stm32f10x_it.c                           0x00000000   Number         0  stm32f10x_it.o ABSOLUTE
    system_stm32f10x.c                       0x00000000   Number         0  system_stm32f10x.o ABSOLUTE
    RESET                                    0x08000000   Section      336  startup_stm32f10x_cl.o(RESET)
    !!!main                                  0x08000150   Section        8  __main.o(!!!main)
    !!!scatter                               0x08000158   Section       52  __scatter.o(!!!scatter)
    !!handler_copy                           0x0800018c   Section       26  __scatter_copy.o(!!handler_copy)
    !!handler_zi                             0x080001a8   Section       28  __scatter_zi.o(!!handler_zi)
    .ARM.Collect$$_printf_percent$$00000000  0x080001c4   Section        0  _printf_percent.o(.ARM.Collect$$_printf_percent$$00000000)
    .ARM.Collect$$_printf_percent$$00000009  0x080001c4   Section        6  _printf_d.o(.ARM.Collect$$_printf_percent$$00000009)
    .ARM.Collect$$_printf_percent$$00000017  0x080001ca   Section        4  _printf_percent_end.o(.ARM.Collect$$_printf_percent$$00000017)
    .ARM.Collect$$libinit$$00000000          0x080001ce   Section        2  libinit.o(.ARM.Collect$$libinit$$00000000)
    .ARM.Collect$$libinit$$00000002          0x080001d0   Section        0  libinit2.o(.ARM.Collect$$libinit$$00000002)
    .ARM.Collect$$libinit$$00000008          0x080001d0   Section        0  libinit2.o(.ARM.Collect$$libinit$$00000008)
    .ARM.Collect$$libinit$$0000000A          0x080001d0   Section        0  libinit2.o(.ARM.Collect$$libinit$$0000000A)
    .ARM.Collect$$libinit$$0000000C          0x080001d0   Section        0  libinit2.o(.ARM.Collect$$libinit$$0000000C)
    .ARM.Collect$$libinit$$0000000F          0x080001d0   Section        0  libinit2.o(.ARM.Collect$$libinit$$0000000F)
    .ARM.Collect$$libinit$$00000011          0x080001d0   Section        0  libinit2.o(.ARM.Collect$$libinit$$00000011)
    .ARM.Collect$$libinit$$00000013          0x080001d0   Section        0  libinit2.o(.ARM.Collect$$libinit$$00000013)
    .ARM.Collect$$libinit$$00000015          0x080001d0   Section        0  libinit2.o(.ARM.Collect$$libinit$$00000015)
    .ARM.Collect$$libinit$$00000017          0x080001d0   Section        0  libinit2.o(.ARM.Collect$$libinit$$00000017)
    .ARM.Collect$$libinit$$00000019          0x080001d0   Section        0  libinit2.o(.ARM.Collect$$libinit$$00000019)
    .ARM.Collect$$libinit$$0000001B          0x080001d0   Section        0  libinit2.o(.ARM.Collect$$libinit$$0000001B)
    .ARM.Collect$$libinit$$0000001D          0x080001d0   Section        0  libinit2.o(.ARM.Collect$$libinit$$0000001D)
    .ARM.Collect$$libinit$$0000001F          0x080001d0   Section        0  libinit2.o(.ARM.Collect$$libinit$$0000001F)
    .ARM.Collect$$libinit$$00000021          0x080001d0   Section        0  libinit2.o(.ARM.Collect$$libinit$$00000021)
    .ARM.Collect$$libinit$$00000023          0x080001d0   Section        0  libinit2.o(.ARM.Collect$$libinit$$00000023)
    .ARM.Collect$$libinit$$0000002A          0x080001d0   Section        0  libinit2.o(.ARM.Collect$$libinit$$0000002A)
    .ARM.Collect$$libinit$$0000002C          0x080001d0   Section        0  libinit2.o(.ARM.Collect$$libinit$$0000002C)
    .ARM.Collect$$libinit$$0000002E          0x080001d0   Section        0  libinit2.o(.ARM.Collect$$libinit$$0000002E)
    .ARM.Collect$$libinit$$00000030          0x080001d0   Section        0  libinit2.o(.ARM.Collect$$libinit$$00000030)
    .ARM.Collect$$libinit$$00000031          0x080001d0   Section        2  libinit2.o(.ARM.Collect$$libinit$$00000031)
    .ARM.Collect$$libshutdown$$00000000      0x080001d2   Section        2  libshutdown.o(.ARM.Collect$$libshutdown$$00000000)
    .ARM.Collect$$libshutdown$$00000003      0x080001d4   Section        0  libshutdown2.o(.ARM.Collect$$libshutdown$$00000003)
    .ARM.Collect$$libshutdown$$00000006      0x080001d4   Section        0  libshutdown2.o(.ARM.Collect$$libshutdown$$00000006)
    .ARM.Collect$$libshutdown$$00000009      0x080001d4   Section        0  libshutdown2.o(.ARM.Collect$$libshutdown$$00000009)
    .ARM.Collect$$libshutdown$$0000000B      0x080001d4   Section        0  libshutdown2.o(.ARM.Collect$$libshutdown$$0000000B)
    .ARM.Collect$$libshutdown$$0000000E      0x080001d4   Section        0  libshutdown2.o(.ARM.Collect$$libshutdown$$0000000E)
    .ARM.Collect$$libshutdown$$0000000F      0x080001d4   Section        2  libshutdown2.o(.ARM.Collect$$libshutdown$$0000000F)
    .ARM.Collect$$rtentry$$00000000          0x080001d6   Section        0  rtentry.o(.ARM.Collect$$rtentry$$00000000)
    .ARM.Collect$$rtentry$$00000002          0x080001d6   Section        0  rtentry2.o(.ARM.Collect$$rtentry$$00000002)
    .ARM.Collect$$rtentry$$00000004          0x080001d6   Section        6  rtentry4.o(.ARM.Collect$$rtentry$$00000004)
    .ARM.Collect$$rtentry$$00000009          0x080001dc   Section        0  rtentry2.o(.ARM.Collect$$rtentry$$00000009)
    .ARM.Collect$$rtentry$$0000000A          0x080001dc   Section        4  rtentry2.o(.ARM.Collect$$rtentry$$0000000A)
    .ARM.Collect$$rtentry$$0000000C          0x080001e0   Section        0  rtentry2.o(.ARM.Collect$$rtentry$$0000000C)
    .ARM.Collect$$rtentry$$0000000D          0x080001e0   Section        8  rtentry2.o(.ARM.Collect$$rtentry$$0000000D)
    .ARM.Collect$$rtexit$$00000000           0x080001e8   Section        2  rtexit.o(.ARM.Collect$$rtexit$$00000000)
    .ARM.Collect$$rtexit$$00000002           0x080001ea   Section        0  rtexit2.o(.ARM.Collect$$rtexit$$00000002)
    .ARM.Collect$$rtexit$$00000003           0x080001ea   Section        4  rtexit2.o(.ARM.Collect$$rtexit$$00000003)
    .ARM.Collect$$rtexit$$00000004           0x080001ee   Section        6  rtexit2.o(.ARM.Collect$$rtexit$$00000004)
    .text                                    0x080001f4   Section        0  main.o(.text)
    .text                                    0x080004b8   Section        0  stm32f10x_it.o(.text)
    .text                                    0x080004c8   Section        0  system_stm32f10x.o(.text)
    SetSysClockTo72                          0x080004c9   Thumb Code   190  system_stm32f10x.o(.text)
    .text                                    0x08000684   Section        0  led.o(.text)
    .text                                    0x080006c4   Section        0  key.o(.text)
    .text                                    0x080007d0   Section        0  beep.o(.text)
    .text                                    0x08000814   Section        0  delay.o(.text)
    .text                                    0x08000900   Section        0  usart.o(.text)
    .text                                    0x08000a2c   Section        0  malloc.o(.text)
    .text                                    0x08000b84   Section       64  startup_stm32f10x_cl.o(.text)
    .text                                    0x08000bc4   Section        0  misc.o(.text)
    .text                                    0x08000c74   Section        0  stm32f10x_gpio.o(.text)
    .text                                    0x08000ed4   Section        0  stm32f10x_rcc.o(.text)
    .text                                    0x0800123c   Section        0  stm32f10x_usart.o(.text)
    .text                                    0x0800156c   Section        0  stm32f10x_exti.o(.text)
    .text                                    0x08001654   Section        0  os_core.o(.text)
    OS_InitTCBList                           0x08001bed   Thumb Code    96  os_core.o(.text)
    OS_SchedNew                              0x08001c4d   Thumb Code    24  os_core.o(.text)
    .text                                    0x08001c78   Section        0  os_flag.o(.text)
    OS_FlagTaskRdy                           0x08001d77   Thumb Code    70  os_flag.o(.text)
    OS_FlagBlock                             0x08001eed   Thumb Code    84  os_flag.o(.text)
    .text                                    0x08002200   Section        0  os_mbox.o(.text)
    .text                                    0x08002540   Section        0  os_q.o(.text)
    .text                                    0x08002a40   Section        0  os_sem.o(.text)
    .text                                    0x08002d3c   Section        0  os_task.o(.text)
    .text                                    0x080033bc   Section        0  os_time.o(.text)
    .text                                    0x0800351c   Section        0  os_tmr.o(.text)
    OSTmr_Free                               0x08003591   Thumb Code    50  os_tmr.o(.text)
    OSTmr_Unlink                             0x080035c3   Thumb Code    58  os_tmr.o(.text)
    OSTmr_Link                               0x0800377b   Thumb Code    66  os_tmr.o(.text)
    OSTmr_Task                               0x080038b3   Thumb Code   140  os_tmr.o(.text)
    .text                                    0x08003a2c   Section      180  os_cpu_a.o(.text)
    .text                                    0x08003ae0   Section        0  os_cpu_c.o(.text)
    .text                                    0x08003b88   Section        2  use_no_semi_2.o(.text)
    .text                                    0x08003b8c   Section        0  noretval__2sprintf.o(.text)
    .text                                    0x08003bb4   Section        0  _printf_pad.o(.text)
    .text                                    0x08003c08   Section        0  _printf_dec.o(.text)
    .text                                    0x08003c80   Section        0  __printf_flags_wp.o(.text)
    .text                                    0x08003dbc   Section        0  heapauxi.o(.text)
    .text                                    0x08003dc2   Section        2  use_no_semi.o(.text)
    .text                                    0x08003dc4   Section        0  _printf_intcommon.o(.text)
    .text                                    0x08003e7c   Section        0  _printf_char_common.o(.text)
    _printf_input_char                       0x08003e7d   Thumb Code    10  _printf_char_common.o(.text)
    .text                                    0x08003eac   Section        0  _sputc.o(.text)
    .text                                    0x08003eb6   Section       74  sys_stackheap_outer.o(.text)
    .text                                    0x08003f00   Section        0  exit.o(.text)
    .text                                    0x08003f0c   Section        8  libspace.o(.text)
    i._is_digit                              0x08003f14   Section        0  __printf_wp.o(i._is_digit)
    .constdata                               0x08003f24   Section       24  led.o(.constdata)
    .constdata                               0x08003f3c   Section       56  key.o(.constdata)
    .constdata                               0x08003f74   Section      256  os_core.o(.constdata)
    .constdata                               0x08004074   Section       17  __printf_flags_wp.o(.constdata)
    maptable                                 0x08004074   Data          17  __printf_flags_wp.o(.constdata)
    .data                                    0x20000000   Section       32  main.o(.data)
    tcnt                                     0x20000000   Data           1  main.o(.data)
    sta                                      0x20000001   Data           1  main.o(.data)
    msg_cnt                                  0x20000002   Data           1  main.o(.data)
    cpuusage                                 0x20000004   Data           2  main.o(.data)
    .data                                    0x20000020   Section       20  system_stm32f10x.o(.data)
    .data                                    0x20000034   Section       16  led.o(.data)
    .data                                    0x20000044   Section       16  key.o(.data)
    .data                                    0x20000054   Section        4  delay.o(.data)
    fac_us                                   0x20000054   Data           1  delay.o(.data)
    fac_ms                                   0x20000056   Data           2  delay.o(.data)
    .data                                    0x20000058   Section        2  usart.o(.data)
    .data                                    0x2000005c   Section       20  malloc.o(.data)
    .data                                    0x20000070   Section       20  stm32f10x_rcc.o(.data)
    ADCPrescTable                            0x20000070   Data           4  stm32f10x_rcc.o(.data)
    APBAHBPrescTable                         0x20000074   Data          16  stm32f10x_rcc.o(.data)
    .data                                    0x20000084   Section       60  os_core.o(.data)
    .data                                    0x200000c0   Section        4  os_core.o(.data)
    .data                                    0x200000c4   Section        4  os_core.o(.data)
    .data                                    0x200000c8   Section        2  os_core.o(.data)
    .data                                    0x200000ca   Section        2  os_core.o(.data)
    .data                                    0x200000cc   Section        4  os_core.o(.data)
    .data                                    0x200000d0   Section        4  os_core.o(.data)
    .data                                    0x200000d4   Section        4  os_core.o(.data)
    .data                                    0x200000d8   Section        4  os_core.o(.data)
    .data                                    0x200000dc   Section        2  os_cpu_c.o(.data)
    OSTmrCtr                                 0x200000dc   Data           2  os_cpu_c.o(.data)
    .bss                                     0x200000e0   Section     4096  main.o(.bss)
    .bss                                     0x200010e0   Section      200  usart.o(.bss)
    .bss                                     0x200011a8   Section    40960  malloc.o(.bss)
    .bss                                     0x2000b1a8   Section     2560  malloc.o(.bss)
    .bss                                     0x2000bba8   Section     2488  os_core.o(.bss)
    .bss                                     0x2000c560   Section       80  os_core.o(.bss)
    .bss                                     0x2000c5b0   Section      120  os_core.o(.bss)
    .bss                                     0x2000c628   Section      640  os_core.o(.bss)
    .bss                                     0x2000c8a8   Section      512  os_core.o(.bss)
    .bss                                     0x2000caa8   Section       64  os_core.o(.bss)
    .bss                                     0x2000cae8   Section       96  libspace.o(.bss)
    HEAP                                     0x2000cb48   Section     1024  startup_stm32f10x_cl.o(HEAP)
    Heap_Mem                                 0x2000cb48   Data        1024  startup_stm32f10x_cl.o(HEAP)
    STACK                                    0x2000cf48   Section     2048  startup_stm32f10x_cl.o(STACK)
    Stack_Mem                                0x2000cf48   Data        2048  startup_stm32f10x_cl.o(STACK)
    __initial_sp                             0x2000d748   Data           0  startup_stm32f10x_cl.o(STACK)

    Global Symbols

    Symbol Name                              Value     Ov Type        Size  Object(Section)

    BuildAttributes$$THM_ISAv4$P$D$K$B$S$PE$A:L22UL41UL21$X:L11$S22US41US21$IEEE1$IW$USESV6$~STKCKD$USESV7$~SHL$OSPACE$ROPI$EBA8$UX$STANDARDLIB$REQ8$PRES8$EABIv2 0x00000000   Number         0  anon$$obj.o ABSOLUTE
    __ARM_use_no_argv                        0x00000000   Number         0  main.o ABSOLUTE
    _printf_flags                            0x00000000   Number         0  printf_stubs.o ABSOLUTE
    _printf_return_value                     0x00000000   Number         0  printf_stubs.o ABSOLUTE
    _printf_sizespec                         0x00000000   Number         0  printf_stubs.o ABSOLUTE
    _printf_widthprec                        0x00000000   Number         0  printf_stubs.o ABSOLUTE
    __ARM_exceptions_init                     - Undefined Weak Reference
    __alloca_initialize                       - Undefined Weak Reference
    __cpp_initialize__aeabi_                  - Undefined Weak Reference
    __cxa_finalize                            - Undefined Weak Reference
    __rt_locale                               - Undefined Weak Reference
    __sigvec_lookup                           - Undefined Weak Reference
    _atexit_init                              - Undefined Weak Reference
    _call_atexit_fns                          - Undefined Weak Reference
    _clock_init                               - Undefined Weak Reference
    _fp_trap_init                             - Undefined Weak Reference
    _fp_trap_shutdown                         - Undefined Weak Reference
    _get_lc_collate                           - Undefined Weak Reference
    _get_lc_ctype                             - Undefined Weak Reference
    _get_lc_monetary                          - Undefined Weak Reference
    _get_lc_numeric                           - Undefined Weak Reference
    _get_lc_time                              - Undefined Weak Reference
    _getenv_init                              - Undefined Weak Reference
    _handle_redirection                       - Undefined Weak Reference
    _init_alloc                               - Undefined Weak Reference
    _init_user_alloc                          - Undefined Weak Reference
    _initio                                   - Undefined Weak Reference
    _mutex_acquire                            - Undefined Weak Reference
    _mutex_release                            - Undefined Weak Reference
    _printf_truncate_signed                   - Undefined Weak Reference
    _printf_truncate_unsigned                 - Undefined Weak Reference
    _rand_init                                - Undefined Weak Reference
    _signal_finish                            - Undefined Weak Reference
    _signal_init                              - Undefined Weak Reference
    _terminate_alloc                          - Undefined Weak Reference
    _terminate_user_alloc                     - Undefined Weak Reference
    _terminateio                              - Undefined Weak Reference
    __Vectors_Size                           0x00000150   Number         0  startup_stm32f10x_cl.o ABSOLUTE
    __Vectors                                0x08000000   Data           4  startup_stm32f10x_cl.o(RESET)
    __Vectors_End                            0x08000150   Data           0  startup_stm32f10x_cl.o(RESET)
    __main                                   0x08000151   Thumb Code     8  __main.o(!!!main)
    __scatterload                            0x08000159   Thumb Code     0  __scatter.o(!!!scatter)
    __scatterload_rt2                        0x08000159   Thumb Code    44  __scatter.o(!!!scatter)
    __scatterload_rt2_thumb_only             0x08000159   Thumb Code     0  __scatter.o(!!!scatter)
    __scatterload_null                       0x08000167   Thumb Code     0  __scatter.o(!!!scatter)
    __scatterload_copy                       0x0800018d   Thumb Code    26  __scatter_copy.o(!!handler_copy)
    __scatterload_zeroinit                   0x080001a9   Thumb Code    28  __scatter_zi.o(!!handler_zi)
    _printf_d                                0x080001c5   Thumb Code     0  _printf_d.o(.ARM.Collect$$_printf_percent$$00000009)
    _printf_percent                          0x080001c5   Thumb Code     0  _printf_percent.o(.ARM.Collect$$_printf_percent$$00000000)
    _printf_percent_end                      0x080001cb   Thumb Code     0  _printf_percent_end.o(.ARM.Collect$$_printf_percent$$00000017)
    __rt_lib_init                            0x080001cf   Thumb Code     0  libinit.o(.ARM.Collect$$libinit$$00000000)
    __rt_lib_init_alloca_1                   0x080001d1   Thumb Code     0  libinit2.o(.ARM.Collect$$libinit$$0000002C)
    __rt_lib_init_argv_1                     0x080001d1   Thumb Code     0  libinit2.o(.ARM.Collect$$libinit$$0000002A)
    __rt_lib_init_atexit_1                   0x080001d1   Thumb Code     0  libinit2.o(.ARM.Collect$$libinit$$00000019)
    __rt_lib_init_clock_1                    0x080001d1   Thumb Code     0  libinit2.o(.ARM.Collect$$libinit$$0000001F)
    __rt_lib_init_cpp_1                      0x080001d1   Thumb Code     0  libinit2.o(.ARM.Collect$$libinit$$00000030)
    __rt_lib_init_exceptions_1               0x080001d1   Thumb Code     0  libinit2.o(.ARM.Collect$$libinit$$0000002E)
    __rt_lib_init_fp_1                       0x080001d1   Thumb Code     0  libinit2.o(.ARM.Collect$$libinit$$00000002)
    __rt_lib_init_fp_trap_1                  0x080001d1   Thumb Code     0  libinit2.o(.ARM.Collect$$libinit$$0000001D)
    __rt_lib_init_getenv_1                   0x080001d1   Thumb Code     0  libinit2.o(.ARM.Collect$$libinit$$00000021)
    __rt_lib_init_heap_1                     0x080001d1   Thumb Code     0  libinit2.o(.ARM.Collect$$libinit$$00000008)
    __rt_lib_init_lc_collate_1               0x080001d1   Thumb Code     0  libinit2.o(.ARM.Collect$$libinit$$0000000F)
    __rt_lib_init_lc_ctype_1                 0x080001d1   Thumb Code     0  libinit2.o(.ARM.Collect$$libinit$$00000011)
    __rt_lib_init_lc_monetary_1              0x080001d1   Thumb Code     0  libinit2.o(.ARM.Collect$$libinit$$00000013)
    __rt_lib_init_lc_numeric_1               0x080001d1   Thumb Code     0  libinit2.o(.ARM.Collect$$libinit$$00000015)
    __rt_lib_init_lc_time_1                  0x080001d1   Thumb Code     0  libinit2.o(.ARM.Collect$$libinit$$00000017)
    __rt_lib_init_rand_1                     0x080001d1   Thumb Code     0  libinit2.o(.ARM.Collect$$libinit$$0000000C)
    __rt_lib_init_return                     0x080001d1   Thumb Code     0  libinit2.o(.ARM.Collect$$libinit$$00000031)
    __rt_lib_init_signal_1                   0x080001d1   Thumb Code     0  libinit2.o(.ARM.Collect$$libinit$$0000001B)
    __rt_lib_init_stdio_1                    0x080001d1   Thumb Code     0  libinit2.o(.ARM.Collect$$libinit$$00000023)
    __rt_lib_init_user_alloc_1               0x080001d1   Thumb Code     0  libinit2.o(.ARM.Collect$$libinit$$0000000A)
    __rt_lib_shutdown                        0x080001d3   Thumb Code     0  libshutdown.o(.ARM.Collect$$libshutdown$$00000000)
    __rt_lib_shutdown_fp_trap_1              0x080001d5   Thumb Code     0  libshutdown2.o(.ARM.Collect$$libshutdown$$00000006)
    __rt_lib_shutdown_heap_1                 0x080001d5   Thumb Code     0  libshutdown2.o(.ARM.Collect$$libshutdown$$0000000E)
    __rt_lib_shutdown_return                 0x080001d5   Thumb Code     0  libshutdown2.o(.ARM.Collect$$libshutdown$$0000000F)
    __rt_lib_shutdown_signal_1               0x080001d5   Thumb Code     0  libshutdown2.o(.ARM.Collect$$libshutdown$$00000009)
    __rt_lib_shutdown_stdio_1                0x080001d5   Thumb Code     0  libshutdown2.o(.ARM.Collect$$libshutdown$$00000003)
    __rt_lib_shutdown_user_alloc_1           0x080001d5   Thumb Code     0  libshutdown2.o(.ARM.Collect$$libshutdown$$0000000B)
    __rt_entry                               0x080001d7   Thumb Code     0  rtentry.o(.ARM.Collect$$rtentry$$00000000)
    __rt_entry_presh_1                       0x080001d7   Thumb Code     0  rtentry2.o(.ARM.Collect$$rtentry$$00000002)
    __rt_entry_sh                            0x080001d7   Thumb Code     0  rtentry4.o(.ARM.Collect$$rtentry$$00000004)
    __rt_entry_li                            0x080001dd   Thumb Code     0  rtentry2.o(.ARM.Collect$$rtentry$$0000000A)
    __rt_entry_postsh_1                      0x080001dd   Thumb Code     0  rtentry2.o(.ARM.Collect$$rtentry$$00000009)
    __rt_entry_main                          0x080001e1   Thumb Code     0  rtentry2.o(.ARM.Collect$$rtentry$$0000000D)
    __rt_entry_postli_1                      0x080001e1   Thumb Code     0  rtentry2.o(.ARM.Collect$$rtentry$$0000000C)
    __rt_exit                                0x080001e9   Thumb Code     0  rtexit.o(.ARM.Collect$$rtexit$$00000000)
    __rt_exit_ls                             0x080001eb   Thumb Code     0  rtexit2.o(.ARM.Collect$$rtexit$$00000003)
    __rt_exit_prels_1                        0x080001eb   Thumb Code     0  rtexit2.o(.ARM.Collect$$rtexit$$00000002)
    __rt_exit_exit                           0x080001ef   Thumb Code     0  rtexit2.o(.ARM.Collect$$rtexit$$00000004)
    tmr1_callback                            0x080001f5   Thumb Code    32  main.o(.text)
    tmr2_callback                            0x08000215   Thumb Code    20  main.o(.text)
    tmr3_callback                            0x08000229   Thumb Code    68  main.o(.text)
    ucos_load_main_ui                        0x0800026d   Thumb Code     8  main.o(.text)
    key_task                                 0x08000275   Thumb Code    24  main.o(.text)
    flags_task                               0x0800028d   Thumb Code    48  main.o(.text)
    main_task                                0x080002bd   Thumb Code   104  main.o(.text)
    qmsgshow_task                            0x08000325   Thumb Code    34  main.o(.text)
    touch_task                               0x08000347   Thumb Code     8  main.o(.text)
    led_task                                 0x0800034f   Thumb Code    40  main.o(.text)
    start_task                               0x08000377   Thumb Code   144  main.o(.text)
    main                                     0x08000407   Thumb Code    98  main.o(.text)
    NMI_Handler                              0x080004b9   Thumb Code     2  stm32f10x_it.o(.text)
    HardFault_Handler                        0x080004bb   Thumb Code     2  stm32f10x_it.o(.text)
    MemManage_Handler                        0x080004bd   Thumb Code     2  stm32f10x_it.o(.text)
    BusFault_Handler                         0x080004bf   Thumb Code     2  stm32f10x_it.o(.text)
    UsageFault_Handler                       0x080004c1   Thumb Code     2  stm32f10x_it.o(.text)
    SVC_Handler                              0x080004c3   Thumb Code     2  stm32f10x_it.o(.text)
    DebugMon_Handler                         0x080004c5   Thumb Code     2  stm32f10x_it.o(.text)
    SystemInit                               0x08000587   Thumb Code    76  system_stm32f10x.o(.text)
    SystemCoreClockUpdate                    0x080005d3   Thumb Code   134  system_stm32f10x.o(.text)
    LED_Init                                 0x08000685   Thumb Code    54  led.o(.text)
    KEY_Init                                 0x080006c5   Thumb Code   140  key.o(.text)
    KEY_Scan                                 0x08000751   Thumb Code   106  key.o(.text)
    BEEP_Init                                0x080007d1   Thumb Code    44  beep.o(.text)
    BEEP_On                                  0x080007fd   Thumb Code     8  beep.o(.text)
    BEEP_Off                                 0x08000805   Thumb Code     8  beep.o(.text)
    delay_osschedlock                        0x08000815   Thumb Code     4  delay.o(.text)
    delay_osschedunlock                      0x08000819   Thumb Code     4  delay.o(.text)
    delay_ostimedly                          0x0800081d   Thumb Code     4  delay.o(.text)
    SysTick_Handler                          0x08000821   Thumb Code    28  delay.o(.text)
    delay_init                               0x0800083d   Thumb Code    58  delay.o(.text)
    delay_us                                 0x08000877   Thumb Code    62  delay.o(.text)
    delay_ms                                 0x080008b5   Thumb Code    54  delay.o(.text)
    _sys_exit                                0x08000901   Thumb Code     2  usart.o(.text)
    fputc                                    0x08000903   Thumb Code    18  usart.o(.text)
    uart_init                                0x08000915   Thumb Code   164  usart.o(.text)
    USART2_IRQHandler                        0x080009b9   Thumb Code    94  usart.o(.text)
    mymemcpy                                 0x08000a2d   Thumb Code    16  malloc.o(.text)
    mymemset                                 0x08000a3d   Thumb Code    12  malloc.o(.text)
    mem_init                                 0x08000a49   Thumb Code    34  malloc.o(.text)
    my_mem_init                              0x08000a6b   Thumb Code     2  malloc.o(.text)
    mem_perused                              0x08000a6d   Thumb Code    40  malloc.o(.text)
    my_mem_perused                           0x08000a95   Thumb Code     2  malloc.o(.text)
    mem_malloc                               0x08000a97   Thumb Code    88  malloc.o(.text)
    mem_free                                 0x08000aef   Thumb Code    56  malloc.o(.text)
    myfree                                   0x08000b27   Thumb Code    14  malloc.o(.text)
    mymalloc                                 0x08000b35   Thumb Code    24  malloc.o(.text)
    myrealloc                                0x08000b4d   Thumb Code    50  malloc.o(.text)
    Reset_Handler                            0x08000b85   Thumb Code     8  startup_stm32f10x_cl.o(.text)
    OS_CPU_PendSVHandler                     0x08000b9b   Thumb Code     2  startup_stm32f10x_cl.o(.text)
    ADC1_2_IRQHandler                        0x08000b9f   Thumb Code     0  startup_stm32f10x_cl.o(.text)
    CAN1_RX0_IRQHandler                      0x08000b9f   Thumb Code     0  startup_stm32f10x_cl.o(.text)
    CAN1_RX1_IRQHandler                      0x08000b9f   Thumb Code     0  startup_stm32f10x_cl.o(.text)
    CAN1_SCE_IRQHandler                      0x08000b9f   Thumb Code     0  startup_stm32f10x_cl.o(.text)
    CAN1_TX_IRQHandler                       0x08000b9f   Thumb Code     0  startup_stm32f10x_cl.o(.text)
    CAN2_RX0_IRQHandler                      0x08000b9f   Thumb Code     0  startup_stm32f10x_cl.o(.text)
    CAN2_RX1_IRQHandler                      0x08000b9f   Thumb Code     0  startup_stm32f10x_cl.o(.text)
    CAN2_SCE_IRQHandler                      0x08000b9f   Thumb Code     0  startup_stm32f10x_cl.o(.text)
    CAN2_TX_IRQHandler                       0x08000b9f   Thumb Code     0  startup_stm32f10x_cl.o(.text)
    DMA1_Channel1_IRQHandler                 0x08000b9f   Thumb Code     0  startup_stm32f10x_cl.o(.text)
    DMA1_Channel2_IRQHandler                 0x08000b9f   Thumb Code     0  startup_stm32f10x_cl.o(.text)
    DMA1_Channel3_IRQHandler                 0x08000b9f   Thumb Code     0  startup_stm32f10x_cl.o(.text)
    DMA1_Channel4_IRQHandler                 0x08000b9f   Thumb Code     0  startup_stm32f10x_cl.o(.text)
    DMA1_Channel5_IRQHandler                 0x08000b9f   Thumb Code     0  startup_stm32f10x_cl.o(.text)
    DMA1_Channel6_IRQHandler                 0x08000b9f   Thumb Code     0  startup_stm32f10x_cl.o(.text)
    DMA1_Channel7_IRQHandler                 0x08000b9f   Thumb Code     0  startup_stm32f10x_cl.o(.text)
    DMA2_Channel1_IRQHandler                 0x08000b9f   Thumb Code     0  startup_stm32f10x_cl.o(.text)
    DMA2_Channel2_IRQHandler                 0x08000b9f   Thumb Code     0  startup_stm32f10x_cl.o(.text)
    DMA2_Channel3_IRQHandler                 0x08000b9f   Thumb Code     0  startup_stm32f10x_cl.o(.text)
    DMA2_Channel4_IRQHandler                 0x08000b9f   Thumb Code     0  startup_stm32f10x_cl.o(.text)
    DMA2_Channel5_IRQHandler                 0x08000b9f   Thumb Code     0  startup_stm32f10x_cl.o(.text)
    ETH_IRQHandler                           0x08000b9f   Thumb Code     0  startup_stm32f10x_cl.o(.text)
    ETH_WKUP_IRQHandler                      0x08000b9f   Thumb Code     0  startup_stm32f10x_cl.o(.text)
    EXTI0_IRQHandler                         0x08000b9f   Thumb Code     0  startup_stm32f10x_cl.o(.text)
    EXTI15_10_IRQHandler                     0x08000b9f   Thumb Code     0  startup_stm32f10x_cl.o(.text)
    EXTI1_IRQHandler                         0x08000b9f   Thumb Code     0  startup_stm32f10x_cl.o(.text)
    EXTI2_IRQHandler                         0x08000b9f   Thumb Code     0  startup_stm32f10x_cl.o(.text)
    EXTI3_IRQHandler                         0x08000b9f   Thumb Code     0  startup_stm32f10x_cl.o(.text)
    EXTI4_IRQHandler                         0x08000b9f   Thumb Code     0  startup_stm32f10x_cl.o(.text)
    EXTI9_5_IRQHandler                       0x08000b9f   Thumb Code     0  startup_stm32f10x_cl.o(.text)
    FLASH_IRQHandler                         0x08000b9f   Thumb Code     0  startup_stm32f10x_cl.o(.text)
    I2C1_ER_IRQHandler                       0x08000b9f   Thumb Code     0  startup_stm32f10x_cl.o(.text)
    I2C1_EV_IRQHandler                       0x08000b9f   Thumb Code     0  startup_stm32f10x_cl.o(.text)
    I2C2_ER_IRQHandler                       0x08000b9f   Thumb Code     0  startup_stm32f10x_cl.o(.text)
    I2C2_EV_IRQHandler                       0x08000b9f   Thumb Code     0  startup_stm32f10x_cl.o(.text)
    OTG_FS_IRQHandler                        0x08000b9f   Thumb Code     0  startup_stm32f10x_cl.o(.text)
    OTG_FS_WKUP_IRQHandler                   0x08000b9f   Thumb Code     0  startup_stm32f10x_cl.o(.text)
    PVD_IRQHandler                           0x08000b9f   Thumb Code     0  startup_stm32f10x_cl.o(.text)
    RCC_IRQHandler                           0x08000b9f   Thumb Code     0  startup_stm32f10x_cl.o(.text)
    RTCAlarm_IRQHandler                      0x08000b9f   Thumb Code     0  startup_stm32f10x_cl.o(.text)
    RTC_IRQHandler                           0x08000b9f   Thumb Code     0  startup_stm32f10x_cl.o(.text)
    SPI1_IRQHandler                          0x08000b9f   Thumb Code     0  startup_stm32f10x_cl.o(.text)
    SPI2_IRQHandler                          0x08000b9f   Thumb Code     0  startup_stm32f10x_cl.o(.text)
    SPI3_IRQHandler                          0x08000b9f   Thumb Code     0  startup_stm32f10x_cl.o(.text)
    TAMPER_IRQHandler                        0x08000b9f   Thumb Code     0  startup_stm32f10x_cl.o(.text)
    TIM1_BRK_IRQHandler                      0x08000b9f   Thumb Code     0  startup_stm32f10x_cl.o(.text)
    TIM1_CC_IRQHandler                       0x08000b9f   Thumb Code     0  startup_stm32f10x_cl.o(.text)
    TIM1_TRG_COM_IRQHandler                  0x08000b9f   Thumb Code     0  startup_stm32f10x_cl.o(.text)
    TIM1_UP_IRQHandler                       0x08000b9f   Thumb Code     0  startup_stm32f10x_cl.o(.text)
    TIM2_IRQHandler                          0x08000b9f   Thumb Code     0  startup_stm32f10x_cl.o(.text)
    TIM3_IRQHandler                          0x08000b9f   Thumb Code     0  startup_stm32f10x_cl.o(.text)
    TIM4_IRQHandler                          0x08000b9f   Thumb Code     0  startup_stm32f10x_cl.o(.text)
    TIM5_IRQHandler                          0x08000b9f   Thumb Code     0  startup_stm32f10x_cl.o(.text)
    TIM6_IRQHandler                          0x08000b9f   Thumb Code     0  startup_stm32f10x_cl.o(.text)
    TIM7_IRQHandler                          0x08000b9f   Thumb Code     0  startup_stm32f10x_cl.o(.text)
    UART4_IRQHandler                         0x08000b9f   Thumb Code     0  startup_stm32f10x_cl.o(.text)
    UART5_IRQHandler                         0x08000b9f   Thumb Code     0  startup_stm32f10x_cl.o(.text)
    USART1_IRQHandler                        0x08000b9f   Thumb Code     0  startup_stm32f10x_cl.o(.text)
    USART3_IRQHandler                        0x08000b9f   Thumb Code     0  startup_stm32f10x_cl.o(.text)
    WWDG_IRQHandler                          0x08000b9f   Thumb Code     0  startup_stm32f10x_cl.o(.text)
    __user_initial_stackheap                 0x08000ba1   Thumb Code     0  startup_stm32f10x_cl.o(.text)
    NVIC_PriorityGroupConfig                 0x08000bc5   Thumb Code    10  misc.o(.text)
    NVIC_Init                                0x08000bcf   Thumb Code    90  misc.o(.text)
    NVIC_SetVectorTable                      0x08000c29   Thumb Code    14  misc.o(.text)
    NVIC_SystemLPConfig                      0x08000c37   Thumb Code    20  misc.o(.text)
    SysTick_CLKSourceConfig                  0x08000c4b   Thumb Code    24  misc.o(.text)
    GPIO_DeInit                              0x08000c75   Thumb Code   152  stm32f10x_gpio.o(.text)
    GPIO_AFIODeInit                          0x08000d0d   Thumb Code    22  stm32f10x_gpio.o(.text)
    GPIO_Init                                0x08000d23   Thumb Code   152  stm32f10x_gpio.o(.text)
    GPIO_StructInit                          0x08000dbb   Thumb Code    16  stm32f10x_gpio.o(.text)
    GPIO_ReadInputDataBit                    0x08000dcb   Thumb Code    14  stm32f10x_gpio.o(.text)
    GPIO_ReadInputData                       0x08000dd9   Thumb Code     6  stm32f10x_gpio.o(.text)
    GPIO_ReadOutputDataBit                   0x08000ddf   Thumb Code    14  stm32f10x_gpio.o(.text)
    GPIO_ReadOutputData                      0x08000ded   Thumb Code     6  stm32f10x_gpio.o(.text)
    GPIO_SetBits                             0x08000df3   Thumb Code     4  stm32f10x_gpio.o(.text)
    GPIO_ResetBits                           0x08000df7   Thumb Code     4  stm32f10x_gpio.o(.text)
    GPIO_WriteBit                            0x08000dfb   Thumb Code    10  stm32f10x_gpio.o(.text)
    GPIO_Write                               0x08000e05   Thumb Code     4  stm32f10x_gpio.o(.text)
    GPIO_PinLockConfig                       0x08000e09   Thumb Code    16  stm32f10x_gpio.o(.text)
    GPIO_EventOutputConfig                   0x08000e19   Thumb Code    22  stm32f10x_gpio.o(.text)
    GPIO_EventOutputCmd                      0x08000e2f   Thumb Code     6  stm32f10x_gpio.o(.text)
    GPIO_PinRemapConfig                      0x08000e35   Thumb Code    82  stm32f10x_gpio.o(.text)
    GPIO_EXTILineConfig                      0x08000e87   Thumb Code    34  stm32f10x_gpio.o(.text)
    GPIO_ETH_MediaInterfaceConfig            0x08000ea9   Thumb Code     8  stm32f10x_gpio.o(.text)
    RCC_DeInit                               0x08000ed5   Thumb Code    62  stm32f10x_rcc.o(.text)
    RCC_HSEConfig                            0x08000f13   Thumb Code    48  stm32f10x_rcc.o(.text)
    RCC_GetFlagStatus                        0x08000f43   Thumb Code    42  stm32f10x_rcc.o(.text)
    RCC_WaitForHSEStartUp                    0x08000f6d   Thumb Code    44  stm32f10x_rcc.o(.text)
    RCC_AdjustHSICalibrationValue            0x08000f99   Thumb Code    16  stm32f10x_rcc.o(.text)
    RCC_HSICmd                               0x08000fa9   Thumb Code     6  stm32f10x_rcc.o(.text)
    RCC_PLLConfig                            0x08000faf   Thumb Code    16  stm32f10x_rcc.o(.text)
    RCC_PLLCmd                               0x08000fbf   Thumb Code     6  stm32f10x_rcc.o(.text)
    RCC_PREDIV1Config                        0x08000fc5   Thumb Code    18  stm32f10x_rcc.o(.text)
    RCC_PREDIV2Config                        0x08000fd7   Thumb Code    14  stm32f10x_rcc.o(.text)
    RCC_PLL2Config                           0x08000fe5   Thumb Code    14  stm32f10x_rcc.o(.text)
    RCC_PLL2Cmd                              0x08000ff3   Thumb Code     6  stm32f10x_rcc.o(.text)
    RCC_PLL3Config                           0x08000ff9   Thumb Code    14  stm32f10x_rcc.o(.text)
    RCC_PLL3Cmd                              0x08001007   Thumb Code     6  stm32f10x_rcc.o(.text)
    RCC_SYSCLKConfig                         0x0800100d   Thumb Code    14  stm32f10x_rcc.o(.text)
    RCC_GetSYSCLKSource                      0x0800101b   Thumb Code    10  stm32f10x_rcc.o(.text)
    RCC_HCLKConfig                           0x08001025   Thumb Code    14  stm32f10x_rcc.o(.text)
    RCC_PCLK1Config                          0x08001033   Thumb Code    14  stm32f10x_rcc.o(.text)
    RCC_PCLK2Config                          0x08001041   Thumb Code    16  stm32f10x_rcc.o(.text)
    RCC_ITConfig                             0x08001051   Thumb Code    18  stm32f10x_rcc.o(.text)
    RCC_OTGFSCLKConfig                       0x08001063   Thumb Code     8  stm32f10x_rcc.o(.text)
    RCC_ADCCLKConfig                         0x0800106b   Thumb Code    14  stm32f10x_rcc.o(.text)
    RCC_I2S2CLKConfig                        0x08001079   Thumb Code     6  stm32f10x_rcc.o(.text)
    RCC_I2S3CLKConfig                        0x0800107f   Thumb Code     8  stm32f10x_rcc.o(.text)
    RCC_LSEConfig                            0x08001087   Thumb Code    28  stm32f10x_rcc.o(.text)
    RCC_LSICmd                               0x080010a3   Thumb Code     6  stm32f10x_rcc.o(.text)
    RCC_RTCCLKConfig                         0x080010a9   Thumb Code    10  stm32f10x_rcc.o(.text)
    RCC_RTCCLKCmd                            0x080010b3   Thumb Code     8  stm32f10x_rcc.o(.text)
    RCC_GetClocksFreq                        0x080010bb   Thumb Code   180  stm32f10x_rcc.o(.text)
    RCC_AHBPeriphClockCmd                    0x0800116f   Thumb Code    18  stm32f10x_rcc.o(.text)
    RCC_APB2PeriphClockCmd                   0x08001181   Thumb Code    18  stm32f10x_rcc.o(.text)
    RCC_APB1PeriphClockCmd                   0x08001193   Thumb Code    18  stm32f10x_rcc.o(.text)
    RCC_AHBPeriphResetCmd                    0x080011a5   Thumb Code    18  stm32f10x_rcc.o(.text)
    RCC_APB2PeriphResetCmd                   0x080011b7   Thumb Code    18  stm32f10x_rcc.o(.text)
    RCC_APB1PeriphResetCmd                   0x080011c9   Thumb Code    18  stm32f10x_rcc.o(.text)
    RCC_BackupResetCmd                       0x080011db   Thumb Code     8  stm32f10x_rcc.o(.text)
    RCC_ClockSecuritySystemCmd               0x080011e3   Thumb Code     6  stm32f10x_rcc.o(.text)
    RCC_MCOConfig                            0x080011e9   Thumb Code     6  stm32f10x_rcc.o(.text)
    RCC_ClearFlag                            0x080011ef   Thumb Code    12  stm32f10x_rcc.o(.text)
    RCC_GetITStatus                          0x080011fb   Thumb Code    16  stm32f10x_rcc.o(.text)
    RCC_ClearITPendingBit                    0x0800120b   Thumb Code     6  stm32f10x_rcc.o(.text)
    USART_DeInit                             0x0800123d   Thumb Code    96  stm32f10x_usart.o(.text)
    USART_Init                               0x0800129d   Thumb Code   176  stm32f10x_usart.o(.text)
    USART_StructInit                         0x0800134d   Thumb Code    22  stm32f10x_usart.o(.text)
    USART_ClockInit                          0x08001363   Thumb Code    30  stm32f10x_usart.o(.text)
    USART_ClockStructInit                    0x08001381   Thumb Code    12  stm32f10x_usart.o(.text)
    USART_Cmd                                0x0800138d   Thumb Code    20  stm32f10x_usart.o(.text)
    USART_ITConfig                           0x080013a1   Thumb Code    48  stm32f10x_usart.o(.text)
    USART_DMACmd                             0x080013d1   Thumb Code    16  stm32f10x_usart.o(.text)
    USART_SetAddress                         0x080013e1   Thumb Code    16  stm32f10x_usart.o(.text)
    USART_WakeUpConfig                       0x080013f1   Thumb Code    16  stm32f10x_usart.o(.text)
    USART_ReceiverWakeUpCmd                  0x08001401   Thumb Code    20  stm32f10x_usart.o(.text)
    USART_LINBreakDetectLengthConfig         0x08001415   Thumb Code    16  stm32f10x_usart.o(.text)
    USART_LINCmd                             0x08001425   Thumb Code    20  stm32f10x_usart.o(.text)
    USART_SendData                           0x08001439   Thumb Code     8  stm32f10x_usart.o(.text)
    USART_ReceiveData                        0x08001441   Thumb Code     8  stm32f10x_usart.o(.text)
    USART_SendBreak                          0x08001449   Thumb Code    10  stm32f10x_usart.o(.text)
    USART_SetGuardTime                       0x08001453   Thumb Code    16  stm32f10x_usart.o(.text)
    USART_SetPrescaler                       0x08001463   Thumb Code    16  stm32f10x_usart.o(.text)
    USART_SmartCardCmd                       0x08001473   Thumb Code    20  stm32f10x_usart.o(.text)
    USART_SmartCardNACKCmd                   0x08001487   Thumb Code    20  stm32f10x_usart.o(.text)
    USART_HalfDuplexCmd                      0x0800149b   Thumb Code    20  stm32f10x_usart.o(.text)
    USART_OverSampling8Cmd                   0x080014af   Thumb Code    20  stm32f10x_usart.o(.text)
    USART_OneBitMethodCmd                    0x080014c3   Thumb Code    20  stm32f10x_usart.o(.text)
    USART_IrDAConfig                         0x080014d7   Thumb Code    16  stm32f10x_usart.o(.text)
    USART_IrDACmd                            0x080014e7   Thumb Code    20  stm32f10x_usart.o(.text)
    USART_GetFlagStatus                      0x080014fb   Thumb Code    14  stm32f10x_usart.o(.text)
    USART_ClearFlag                          0x08001509   Thumb Code     6  stm32f10x_usart.o(.text)
    USART_GetITStatus                        0x0800150f   Thumb Code    62  stm32f10x_usart.o(.text)
    USART_ClearITPendingBit                  0x0800154d   Thumb Code    12  stm32f10x_usart.o(.text)
    EXTI_DeInit                              0x0800156d   Thumb Code    28  stm32f10x_exti.o(.text)
    EXTI_Init                                0x08001589   Thumb Code   108  stm32f10x_exti.o(.text)
    EXTI_StructInit                          0x080015f5   Thumb Code    14  stm32f10x_exti.o(.text)
    EXTI_GenerateSWInterrupt                 0x08001603   Thumb Code    12  stm32f10x_exti.o(.text)
    EXTI_GetFlagStatus                       0x0800160f   Thumb Code    18  stm32f10x_exti.o(.text)
    EXTI_ClearFlag                           0x08001621   Thumb Code     8  stm32f10x_exti.o(.text)
    EXTI_GetITStatus                         0x08001629   Thumb Code    28  stm32f10x_exti.o(.text)
    EXTI_ClearITPendingBit                   0x08001645   Thumb Code     8  stm32f10x_exti.o(.text)
    OS_TaskStatStkChk                        0x08001655   Thumb Code    50  os_core.o(.text)
    OS_TaskStat                              0x08001687   Thumb Code    82  os_core.o(.text)
    OS_TaskIdle                              0x080016d9   Thumb Code    22  os_core.o(.text)
    OS_MemClr                                0x080016ef   Thumb Code    18  os_core.o(.text)
    OSInit                                   0x08001701   Thumb Code   232  os_core.o(.text)
    OSIntEnter                               0x080017e9   Thumb Code    20  os_core.o(.text)
    OSIntExit                                0x080017fd   Thumb Code    82  os_core.o(.text)
    OSSchedLock                              0x0800184f   Thumb Code    38  os_core.o(.text)
    OS_Sched                                 0x08001875   Thumb Code    64  os_core.o(.text)
    OSSchedUnlock                            0x080018b5   Thumb Code    52  os_core.o(.text)
    OSStart                                  0x080018e9   Thumb Code    38  os_core.o(.text)
    OSStatInit                               0x0800190f   Thumb Code    48  os_core.o(.text)
    OSTimeTick                               0x0800193f   Thumb Code   154  os_core.o(.text)
    OSVersion                                0x080019d9   Thumb Code     6  os_core.o(.text)
    OS_Dummy                                 0x080019df   Thumb Code     2  os_core.o(.text)
    OS_EventTaskRemove                       0x080019e1   Thumb Code    32  os_core.o(.text)
    OS_EventTaskRdy                          0x08001a01   Thumb Code   148  os_core.o(.text)
    OS_EventTaskWait                         0x08001a95   Thumb Code    66  os_core.o(.text)
    OS_EventWaitListInit                     0x08001ad7   Thumb Code    20  os_core.o(.text)
    OS_MemCopy                               0x08001aeb   Thumb Code    20  os_core.o(.text)
    OS_StrLen                                0x08001aff   Thumb Code    20  os_core.o(.text)
    OS_TCBInit                               0x08001b13   Thumb Code   218  os_core.o(.text)
    OSFlagAccept                             0x08001c79   Thumb Code   154  os_flag.o(.text)
    OSFlagCreate                             0x08001d13   Thumb Code    68  os_flag.o(.text)
    OS_FlagUnlink                            0x08001d57   Thumb Code    32  os_flag.o(.text)
    OSFlagDel                                0x08001dbd   Thumb Code   182  os_flag.o(.text)
    OSFlagNameGet                            0x08001e73   Thumb Code    72  os_flag.o(.text)
    OSFlagNameSet                            0x08001ebb   Thumb Code    50  os_flag.o(.text)
    OSFlagPend                               0x08001f41   Thumb Code   366  os_flag.o(.text)
    OSFlagPendGetFlagsRdy                    0x080020af   Thumb Code    20  os_flag.o(.text)
    OSFlagPost                               0x080020c3   Thumb Code   208  os_flag.o(.text)
    OSFlagQuery                              0x08002193   Thumb Code    38  os_flag.o(.text)
    OS_FlagInit                              0x080021b9   Thumb Code    64  os_flag.o(.text)
    OSMboxAccept                             0x08002201   Thumb Code    32  os_mbox.o(.text)
    OSMboxCreate                             0x08002221   Thumb Code    54  os_mbox.o(.text)
    OSMboxDel                                0x08002257   Thumb Code   182  os_mbox.o(.text)
    OSMboxPend                               0x0800230d   Thumb Code   188  os_mbox.o(.text)
    OSMboxPendAbort                          0x080023c9   Thumb Code   110  os_mbox.o(.text)
    OSMboxPost                               0x08002437   Thumb Code    76  os_mbox.o(.text)
    OSMboxPostOpt                            0x08002483   Thumb Code   108  os_mbox.o(.text)
    OSMboxQuery                              0x080024ef   Thumb Code    66  os_mbox.o(.text)
    OSQAccept                                0x08002541   Thumb Code    78  os_q.o(.text)
    OSQCreate                                0x0800258f   Thumb Code   110  os_q.o(.text)
    OSQDel                                   0x080025fd   Thumb Code   212  os_q.o(.text)
    OSQFlush                                 0x080026d1   Thumb Code    28  os_q.o(.text)
    OSQPend                                  0x080026ed   Thumb Code   202  os_q.o(.text)
    OSQPendAbort                             0x080027b7   Thumb Code   108  os_q.o(.text)
    OSQPost                                  0x08002823   Thumb Code   106  os_q.o(.text)
    OSQPostFront                             0x0800288d   Thumb Code   104  os_q.o(.text)
    OSQPostOpt                               0x080028f5   Thumb Code   182  os_q.o(.text)
    OSQQuery                                 0x080029ab   Thumb Code    84  os_q.o(.text)
    OS_QInit                                 0x080029ff   Thumb Code    58  os_q.o(.text)
    OSSemAccept                              0x08002a41   Thumb Code    34  os_sem.o(.text)
    OSSemCreate                              0x08002a63   Thumb Code    54  os_sem.o(.text)
    OSSemDel                                 0x08002a99   Thumb Code   182  os_sem.o(.text)
    OSSemPend                                0x08002b4f   Thumb Code   168  os_sem.o(.text)
    OSSemPendAbort                           0x08002bf7   Thumb Code   110  os_sem.o(.text)
    OSSemPost                                0x08002c65   Thumb Code    82  os_sem.o(.text)
    OSSemQuery                               0x08002cb7   Thumb Code    66  os_sem.o(.text)
    OSSemSet                                 0x08002cf9   Thumb Code    52  os_sem.o(.text)
    OSTaskChangePrio                         0x08002d3d   Thumb Code   260  os_task.o(.text)
    OSTaskCreate                             0x08002e41   Thumb Code   124  os_task.o(.text)
    OS_TaskStkClr                            0x08002ebd   Thumb Code    22  os_task.o(.text)
    OSTaskCreateExt                          0x08002ed3   Thumb Code   144  os_task.o(.text)
    OSTaskDel                                0x08002f63   Thumb Code   264  os_task.o(.text)
    OSTaskDelReq                             0x0800306b   Thumb Code    82  os_task.o(.text)
    OSTaskNameGet                            0x080030bd   Thumb Code    92  os_task.o(.text)
    OSTaskNameSet                            0x08003119   Thumb Code   116  os_task.o(.text)
    OSTaskResume                             0x0800318d   Thumb Code   118  os_task.o(.text)
    OSTaskStkChk                             0x08003203   Thumb Code    98  os_task.o(.text)
    OSTaskSuspend                            0x08003265   Thumb Code   130  os_task.o(.text)
    OSTaskQuery                              0x080032e7   Thumb Code    74  os_task.o(.text)
    OSTaskRegGet                             0x08003331   Thumb Code    50  os_task.o(.text)
    OSTaskRegSet                             0x08003363   Thumb Code    52  os_task.o(.text)
    OS_TaskReturn                            0x08003397   Thumb Code    18  os_task.o(.text)
    OSTimeDly                                0x080033bd   Thumb Code    82  os_time.o(.text)
    OSTimeDlyHMSM                            0x0800340f   Thumb Code    72  os_time.o(.text)
    OSTimeDlyResume                          0x08003457   Thumb Code   132  os_time.o(.text)
    OSTimeGet                                0x080034db   Thumb Code    18  os_time.o(.text)
    OSTimeSet                                0x080034ed   Thumb Code    20  os_time.o(.text)
    OSTmrCreate                              0x0800351d   Thumb Code   116  os_tmr.o(.text)
    OSTmrDel                                 0x080035fd   Thumb Code    94  os_tmr.o(.text)
    OSTmrNameGet                             0x0800365b   Thumb Code    94  os_tmr.o(.text)
    OSTmrRemainGet                           0x080036b9   Thumb Code   126  os_tmr.o(.text)
    OSTmrStateGet                            0x08003737   Thumb Code    68  os_tmr.o(.text)
    OSTmrStart                               0x080037bd   Thumb Code    96  os_tmr.o(.text)
    OSTmrStop                                0x0800381d   Thumb Code   142  os_tmr.o(.text)
    OSTmrSignal                              0x080038ab   Thumb Code     8  os_tmr.o(.text)
    OSTmr_Init                               0x0800393f   Thumb Code   180  os_tmr.o(.text)
    OS_CPU_SR_Save                           0x08003a2d   Thumb Code     0  os_cpu_a.o(.text)
    OS_CPU_SR_Restore                        0x08003a35   Thumb Code     0  os_cpu_a.o(.text)
    OSStartHighRdy                           0x08003a3b   Thumb Code     0  os_cpu_a.o(.text)
    OSCtxSw                                  0x08003a5d   Thumb Code     0  os_cpu_a.o(.text)
    OSIntCtxSw                               0x08003a6b   Thumb Code     0  os_cpu_a.o(.text)
    PendSV_Handler                           0x08003a7b   Thumb Code     0  os_cpu_a.o(.text)
    OSInitHookBegin                          0x08003ae1   Thumb Code     8  os_cpu_c.o(.text)
    OSInitHookEnd                            0x08003ae9   Thumb Code     2  os_cpu_c.o(.text)
    OSTaskCreateHook                         0x08003aeb   Thumb Code     2  os_cpu_c.o(.text)
    OSTaskDelHook                            0x08003aed   Thumb Code     2  os_cpu_c.o(.text)
    OSTaskIdleHook                           0x08003aef   Thumb Code     2  os_cpu_c.o(.text)
    OSTaskStatHook                           0x08003af1   Thumb Code     2  os_cpu_c.o(.text)
    OSTaskStkInit                            0x08003af3   Thumb Code   114  os_cpu_c.o(.text)
    OSTaskSwHook                             0x08003b65   Thumb Code     2  os_cpu_c.o(.text)
    OSTCBInitHook                            0x08003b67   Thumb Code     2  os_cpu_c.o(.text)
    OSTimeTickHook                           0x08003b69   Thumb Code    24  os_cpu_c.o(.text)
    OSTaskReturnHook                         0x08003b81   Thumb Code     2  os_cpu_c.o(.text)
    __use_no_semihosting                     0x08003b89   Thumb Code     2  use_no_semi_2.o(.text)
    __2sprintf                               0x08003b8d   Thumb Code    34  noretval__2sprintf.o(.text)
    _printf_pre_padding                      0x08003bb5   Thumb Code    46  _printf_pad.o(.text)
    _printf_post_padding                     0x08003be3   Thumb Code    36  _printf_pad.o(.text)
    _printf_int_dec                          0x08003c09   Thumb Code   102  _printf_dec.o(.text)
    __printf                                 0x08003c81   Thumb Code   310  __printf_flags_wp.o(.text)
    __use_two_region_memory                  0x08003dbd   Thumb Code     2  heapauxi.o(.text)
    __rt_heap_escrow$2region                 0x08003dbf   Thumb Code     2  heapauxi.o(.text)
    __rt_heap_expand$2region                 0x08003dc1   Thumb Code     2  heapauxi.o(.text)
    __I$use$semihosting                      0x08003dc3   Thumb Code     0  use_no_semi.o(.text)
    __use_no_semihosting_swi                 0x08003dc3   Thumb Code     2  use_no_semi.o(.text)
    _printf_int_common                       0x08003dc5   Thumb Code   184  _printf_intcommon.o(.text)
    _printf_char_common                      0x08003e87   Thumb Code    32  _printf_char_common.o(.text)
    _sputc                                   0x08003ead   Thumb Code    10  _sputc.o(.text)
    __user_setup_stackheap                   0x08003eb7   Thumb Code    74  sys_stackheap_outer.o(.text)
    exit                                     0x08003f01   Thumb Code    12  exit.o(.text)
    __user_libspace                          0x08003f0d   Thumb Code     8  libspace.o(.text)
    __user_perproc_libspace                  0x08003f0d   Thumb Code     0  libspace.o(.text)
    __user_perthread_libspace                0x08003f0d   Thumb Code     0  libspace.o(.text)
    _is_digit                                0x08003f15   Thumb Code    14  __printf_wp.o(i._is_digit)
    GPIO_PIN                                 0x08003f24   Data           8  led.o(.constdata)
    GPIO_CLK                                 0x08003f2c   Data          16  led.o(.constdata)
    BUTTON_PIN                               0x08003f3c   Data           8  key.o(.constdata)
    BUTTON_EXTI_LINE                         0x08003f44   Data           8  key.o(.constdata)
    BUTTON_PORT_SOURCE                       0x08003f4c   Data           8  key.o(.constdata)
    BUTTON_PIN_SOURCE                        0x08003f54   Data           8  key.o(.constdata)
    BUTTON_IRQn                              0x08003f5c   Data           8  key.o(.constdata)
    BUTTON_CLK                               0x08003f64   Data          16  key.o(.constdata)
    OSUnMapTbl                               0x08003f74   Data         256  os_core.o(.constdata)
    Region$$Table$$Base                      0x08004088   Number         0  anon$$obj.o(Region$$Table)
    Region$$Table$$Limit                     0x080040a8   Number         0  anon$$obj.o(Region$$Table)
    msg_key                                  0x20000008   Data           4  main.o(.data)
    q_msg                                    0x2000000c   Data           4  main.o(.data)
    tmr1                                     0x20000010   Data           4  main.o(.data)
    tmr2                                     0x20000014   Data           4  main.o(.data)
    tmr3                                     0x20000018   Data           4  main.o(.data)
    flags_key                                0x2000001c   Data           4  main.o(.data)
    SystemCoreClock                          0x20000020   Data           4  system_stm32f10x.o(.data)
    AHBPrescTable                            0x20000024   Data          16  system_stm32f10x.o(.data)
    GPIO_PORT                                0x20000034   Data          16  led.o(.data)
    BUTTON_PORT                              0x20000044   Data          16  key.o(.data)
    USART_RX_STA                             0x20000058   Data           2  usart.o(.data)
    mallco_dev                               0x2000005c   Data          20  malloc.o(.data)
    OSCPUUsage                               0x20000084   Data           1  os_core.o(.data)
    OSStatRdy                                0x20000085   Data           1  os_core.o(.data)
    OSIntNesting                             0x20000086   Data           1  os_core.o(.data)
    OSLockNesting                            0x20000087   Data           1  os_core.o(.data)
    OSPrioCur                                0x20000088   Data           1  os_core.o(.data)
    OSPrioHighRdy                            0x20000089   Data           1  os_core.o(.data)
    OSRdyGrp                                 0x2000008a   Data           1  os_core.o(.data)
    OSRunning                                0x2000008b   Data           1  os_core.o(.data)
    OSTaskCtr                                0x2000008c   Data           1  os_core.o(.data)
    OSTickStepState                          0x2000008d   Data           1  os_core.o(.data)
    OSCtxSwCtr                               0x20000090   Data           4  os_core.o(.data)
    OSEventFreeList                          0x20000094   Data           4  os_core.o(.data)
    OSIdleCtrMax                             0x20000098   Data           4  os_core.o(.data)
    OSIdleCtrRun                             0x2000009c   Data           4  os_core.o(.data)
    OSIdleCtr                                0x200000a0   Data           4  os_core.o(.data)
    OSTCBCur                                 0x200000a4   Data           4  os_core.o(.data)
    OSTCBFreeList                            0x200000a8   Data           4  os_core.o(.data)
    OSTCBHighRdy                             0x200000ac   Data           4  os_core.o(.data)
    OSTCBList                                0x200000b0   Data           4  os_core.o(.data)
    OSTime                                   0x200000b4   Data           4  os_core.o(.data)
    OSRdyTbl                                 0x200000b8   Data           8  os_core.o(.data)
    OSFlagFreeList                           0x200000c0   Data           4  os_core.o(.data)
    OSQFreeList                              0x200000c4   Data           4  os_core.o(.data)
    OSTmrFree                                0x200000c8   Data           2  os_core.o(.data)
    OSTmrUsed                                0x200000ca   Data           2  os_core.o(.data)
    OSTmrTime                                0x200000cc   Data           4  os_core.o(.data)
    OSTmrSem                                 0x200000d0   Data           4  os_core.o(.data)
    OSTmrSemSignal                           0x200000d4   Data           4  os_core.o(.data)
    OSTmrFreeList                            0x200000d8   Data           4  os_core.o(.data)
    START_TASK_STK                           0x200000e0   Data         256  main.o(.bss)
    LED_TASK_STK                             0x200001e0   Data         256  main.o(.bss)
    TOUCH_TASK_STK                           0x200002e0   Data         512  main.o(.bss)
    QMSGSHOW_TASK_STK                        0x200004e0   Data         512  main.o(.bss)
    MAIN_TASK_STK                            0x200006e0   Data         512  main.o(.bss)
    FLAGS_TASK_STK                           0x200008e0   Data         512  main.o(.bss)
    KEY_TASK_STK                             0x20000ae0   Data         512  main.o(.bss)
    MsgGrp                                   0x20000ce0   Data        1024  main.o(.bss)
    USART_RX_BUF                             0x200010e0   Data         200  usart.o(.bss)
    membase                                  0x200011a8   Data       40960  malloc.o(.bss)
    memmapbase                               0x2000b1a8   Data        2560  malloc.o(.bss)
    OSEventTbl                               0x2000bba8   Data         200  os_core.o(.bss)
    OSTaskStatStk                            0x2000bc70   Data         512  os_core.o(.bss)
    OSTaskIdleStk                            0x2000be70   Data         512  os_core.o(.bss)
    OSTCBPrioTbl                             0x2000c070   Data         256  os_core.o(.bss)
    OSTCBTbl                                 0x2000c170   Data        1008  os_core.o(.bss)
    OSFlagTbl                                0x2000c560   Data          80  os_core.o(.bss)
    OSQTbl                                   0x2000c5b0   Data         120  os_core.o(.bss)
    OSTmrTbl                                 0x2000c628   Data         640  os_core.o(.bss)
    OSTmrTaskStk                             0x2000c8a8   Data         512  os_core.o(.bss)
    OSTmrWheelTbl                            0x2000caa8   Data          64  os_core.o(.bss)
    __libspace_start                         0x2000cae8   Data          96  libspace.o(.bss)
    __temporary_stack_top$libspace           0x2000cb48   Data           0  libspace.o(.bss)



==============================================================================

Memory Map of the image

  Image Entry point : 0x08000151

  Load Region LR_IROM1 (Base: 0x08000000, Size: 0x00004188, Max: 0x00040000, ABSOLUTE)

    Execution Region ER_IROM1 (Base: 0x08000000, Size: 0x000040a8, Max: 0x00040000, ABSOLUTE)

    Base Addr    Size         Type   Attr      Idx    E Section Name        Object

    0x08000000   0x00000150   Data   RO          502    RESET               startup_stm32f10x_cl.o
    0x08000150   0x00000008   Code   RO          824  * !!!main             c_w.l(__main.o)
    0x08000158   0x00000034   Code   RO         1006    !!!scatter          c_w.l(__scatter.o)
    0x0800018c   0x0000001a   Code   RO         1008    !!handler_copy      c_w.l(__scatter_copy.o)
    0x080001a6   0x00000002   PAD
    0x080001a8   0x0000001c   Code   RO         1010    !!handler_zi        c_w.l(__scatter_zi.o)
    0x080001c4   0x00000000   Code   RO          819    .ARM.Collect$$_printf_percent$$00000000  c_w.l(_printf_percent.o)
    0x080001c4   0x00000006   Code   RO          818    .ARM.Collect$$_printf_percent$$00000009  c_w.l(_printf_d.o)
    0x080001ca   0x00000004   Code   RO          847    .ARM.Collect$$_printf_percent$$00000017  c_w.l(_printf_percent_end.o)
    0x080001ce   0x00000002   Code   RO          883    .ARM.Collect$$libinit$$00000000  c_w.l(libinit.o)
    0x080001d0   0x00000000   Code   RO          890    .ARM.Collect$$libinit$$00000002  c_w.l(libinit2.o)
    0x080001d0   0x00000000   Code   RO          893    .ARM.Collect$$libinit$$00000008  c_w.l(libinit2.o)
    0x080001d0   0x00000000   Code   RO          895    .ARM.Collect$$libinit$$0000000A  c_w.l(libinit2.o)
    0x080001d0   0x00000000   Code   RO          897    .ARM.Collect$$libinit$$0000000C  c_w.l(libinit2.o)
    0x080001d0   0x00000000   Code   RO          900    .ARM.Collect$$libinit$$0000000F  c_w.l(libinit2.o)
    0x080001d0   0x00000000   Code   RO          902    .ARM.Collect$$libinit$$00000011  c_w.l(libinit2.o)
    0x080001d0   0x00000000   Code   RO          904    .ARM.Collect$$libinit$$00000013  c_w.l(libinit2.o)
    0x080001d0   0x00000000   Code   RO          906    .ARM.Collect$$libinit$$00000015  c_w.l(libinit2.o)
    0x080001d0   0x00000000   Code   RO          908    .ARM.Collect$$libinit$$00000017  c_w.l(libinit2.o)
    0x080001d0   0x00000000   Code   RO          910    .ARM.Collect$$libinit$$00000019  c_w.l(libinit2.o)
    0x080001d0   0x00000000   Code   RO          912    .ARM.Collect$$libinit$$0000001B  c_w.l(libinit2.o)
    0x080001d0   0x00000000   Code   RO          914    .ARM.Collect$$libinit$$0000001D  c_w.l(libinit2.o)
    0x080001d0   0x00000000   Code   RO          916    .ARM.Collect$$libinit$$0000001F  c_w.l(libinit2.o)
    0x080001d0   0x00000000   Code   RO          918    .ARM.Collect$$libinit$$00000021  c_w.l(libinit2.o)
    0x080001d0   0x00000000   Code   RO          920    .ARM.Collect$$libinit$$00000023  c_w.l(libinit2.o)
    0x080001d0   0x00000000   Code   RO          924    .ARM.Collect$$libinit$$0000002A  c_w.l(libinit2.o)
    0x080001d0   0x00000000   Code   RO          926    .ARM.Collect$$libinit$$0000002C  c_w.l(libinit2.o)
    0x080001d0   0x00000000   Code   RO          928    .ARM.Collect$$libinit$$0000002E  c_w.l(libinit2.o)
    0x080001d0   0x00000000   Code   RO          930    .ARM.Collect$$libinit$$00000030  c_w.l(libinit2.o)
    0x080001d0   0x00000002   Code   RO          931    .ARM.Collect$$libinit$$00000031  c_w.l(libinit2.o)
    0x080001d2   0x00000002   Code   RO          949    .ARM.Collect$$libshutdown$$00000000  c_w.l(libshutdown.o)
    0x080001d4   0x00000000   Code   RO          960    .ARM.Collect$$libshutdown$$00000003  c_w.l(libshutdown2.o)
    0x080001d4   0x00000000   Code   RO          963    .ARM.Collect$$libshutdown$$00000006  c_w.l(libshutdown2.o)
    0x080001d4   0x00000000   Code   RO          966    .ARM.Collect$$libshutdown$$00000009  c_w.l(libshutdown2.o)
    0x080001d4   0x00000000   Code   RO          968    .ARM.Collect$$libshutdown$$0000000B  c_w.l(libshutdown2.o)
    0x080001d4   0x00000000   Code   RO          971    .ARM.Collect$$libshutdown$$0000000E  c_w.l(libshutdown2.o)
    0x080001d4   0x00000002   Code   RO          972    .ARM.Collect$$libshutdown$$0000000F  c_w.l(libshutdown2.o)
    0x080001d6   0x00000000   Code   RO          838    .ARM.Collect$$rtentry$$00000000  c_w.l(rtentry.o)
    0x080001d6   0x00000000   Code   RO          854    .ARM.Collect$$rtentry$$00000002  c_w.l(rtentry2.o)
    0x080001d6   0x00000006   Code   RO          866    .ARM.Collect$$rtentry$$00000004  c_w.l(rtentry4.o)
    0x080001dc   0x00000000   Code   RO          856    .ARM.Collect$$rtentry$$00000009  c_w.l(rtentry2.o)
    0x080001dc   0x00000004   Code   RO          857    .ARM.Collect$$rtentry$$0000000A  c_w.l(rtentry2.o)
    0x080001e0   0x00000000   Code   RO          859    .ARM.Collect$$rtentry$$0000000C  c_w.l(rtentry2.o)
    0x080001e0   0x00000008   Code   RO          860    .ARM.Collect$$rtentry$$0000000D  c_w.l(rtentry2.o)
    0x080001e8   0x00000002   Code   RO          887    .ARM.Collect$$rtexit$$00000000  c_w.l(rtexit.o)
    0x080001ea   0x00000000   Code   RO          933    .ARM.Collect$$rtexit$$00000002  c_w.l(rtexit2.o)
    0x080001ea   0x00000004   Code   RO          934    .ARM.Collect$$rtexit$$00000003  c_w.l(rtexit2.o)
    0x080001ee   0x00000006   Code   RO          935    .ARM.Collect$$rtexit$$00000004  c_w.l(rtexit2.o)
    0x080001f4   0x000002c4   Code   RO            1    .text               main.o
    0x080004b8   0x0000000e   Code   RO          181    .text               stm32f10x_it.o
    0x080004c6   0x00000002   PAD
    0x080004c8   0x000001bc   Code   RO          222    .text               system_stm32f10x.o
    0x08000684   0x00000040   Code   RO          240    .text               led.o
    0x080006c4   0x0000010c   Code   RO          257    .text               key.o
    0x080007d0   0x00000044   Code   RO          274    .text               beep.o
    0x08000814   0x000000ec   Code   RO          410    .text               delay.o
    0x08000900   0x0000012c   Code   RO          442    .text               usart.o
    0x08000a2c   0x00000158   Code   RO          466    .text               malloc.o
    0x08000b84   0x00000040   Code   RO          503    .text               startup_stm32f10x_cl.o
    0x08000bc4   0x000000b0   Code   RO          507    .text               misc.o
    0x08000c74   0x00000260   Code   RO          519    .text               stm32f10x_gpio.o
    0x08000ed4   0x00000368   Code   RO          531    .text               stm32f10x_rcc.o
    0x0800123c   0x00000330   Code   RO          557    .text               stm32f10x_usart.o
    0x0800156c   0x000000e8   Code   RO          582    .text               stm32f10x_exti.o
    0x08001654   0x00000624   Code   RO          594    .text               os_core.o
    0x08001c78   0x00000588   Code   RO          628    .text               os_flag.o
    0x08002200   0x00000340   Code   RO          641    .text               os_mbox.o
    0x08002540   0x00000500   Code   RO          671    .text               os_q.o
    0x08002a40   0x000002fc   Code   RO          683    .text               os_sem.o
    0x08002d3c   0x00000680   Code   RO          695    .text               os_task.o
    0x080033bc   0x00000160   Code   RO          708    .text               os_time.o
    0x0800351c   0x00000510   Code   RO          720    .text               os_tmr.o
    0x08003a2c   0x000000b4   Code   RO          732    .text               os_cpu_a.o
    0x08003ae0   0x000000a8   Code   RO          735    .text               os_cpu_c.o
    0x08003b88   0x00000002   Code   RO          760    .text               c_w.l(use_no_semi_2.o)
    0x08003b8a   0x00000002   PAD
    0x08003b8c   0x00000028   Code   RO          768    .text               c_w.l(noretval__2sprintf.o)
    0x08003bb4   0x00000052   Code   RO          772    .text               c_w.l(_printf_pad.o)
    0x08003c06   0x00000002   PAD
    0x08003c08   0x00000078   Code   RO          774    .text               c_w.l(_printf_dec.o)
    0x08003c80   0x0000013c   Code   RO          809    .text               c_w.l(__printf_flags_wp.o)
    0x08003dbc   0x00000006   Code   RO          822    .text               c_w.l(heapauxi.o)
    0x08003dc2   0x00000002   Code   RO          836    .text               c_w.l(use_no_semi.o)
    0x08003dc4   0x000000b8   Code   RO          839    .text               c_w.l(_printf_intcommon.o)
    0x08003e7c   0x00000030   Code   RO          841    .text               c_w.l(_printf_char_common.o)
    0x08003eac   0x0000000a   Code   RO          843    .text               c_w.l(_sputc.o)
    0x08003eb6   0x0000004a   Code   RO          874    .text               c_w.l(sys_stackheap_outer.o)
    0x08003f00   0x0000000c   Code   RO          876    .text               c_w.l(exit.o)
    0x08003f0c   0x00000008   Code   RO          884    .text               c_w.l(libspace.o)
    0x08003f14   0x0000000e   Code   RO          807    i._is_digit         c_w.l(__printf_wp.o)
    0x08003f22   0x00000002   PAD
    0x08003f24   0x00000018   Data   RO          242    .constdata          led.o
    0x08003f3c   0x00000038   Data   RO          259    .constdata          key.o
    0x08003f74   0x00000100   Data   RO          601    .constdata          os_core.o
    0x08004074   0x00000011   Data   RO          810    .constdata          c_w.l(__printf_flags_wp.o)
    0x08004085   0x00000003   PAD
    0x08004088   0x00000020   Data   RO         1004    Region$$Table       anon$$obj.o


    Execution Region RW_IRAM1 (Base: 0x20000000, Size: 0x0000d748, Max: 0x00010000, ABSOLUTE)

    Base Addr    Size         Type   Attr      Idx    E Section Name        Object

    0x20000000   0x00000020   Data   RW            3    .data               main.o
    0x20000020   0x00000014   Data   RW          223    .data               system_stm32f10x.o
    0x20000034   0x00000010   Data   RW          243    .data               led.o
    0x20000044   0x00000010   Data   RW          260    .data               key.o
    0x20000054   0x00000004   Data   RW          411    .data               delay.o
    0x20000058   0x00000002   Data   RW          444    .data               usart.o
    0x2000005a   0x00000002   PAD
    0x2000005c   0x00000014   Data   RW          472    .data               malloc.o
    0x20000070   0x00000014   Data   RW          532    .data               stm32f10x_rcc.o
    0x20000084   0x0000003c   Data   RW          602    .data               os_core.o
    0x200000c0   0x00000004   Data   RW          603    .data               os_core.o
    0x200000c4   0x00000004   Data   RW          604    .data               os_core.o
    0x200000c8   0x00000002   Data   RW          605    .data               os_core.o
    0x200000ca   0x00000002   Data   RW          606    .data               os_core.o
    0x200000cc   0x00000004   Data   RW          607    .data               os_core.o
    0x200000d0   0x00000004   Data   RW          608    .data               os_core.o
    0x200000d4   0x00000004   Data   RW          609    .data               os_core.o
    0x200000d8   0x00000004   Data   RW          610    .data               os_core.o
    0x200000dc   0x00000002   Data   RW          737    .data               os_cpu_c.o
    0x200000de   0x00000002   PAD
    0x200000e0   0x00001000   Zero   RW            2    .bss                main.o
    0x200010e0   0x000000c8   Zero   RW          443    .bss                usart.o
    0x200011a8   0x0000a000   Zero   RW          467    .bss                malloc.o
    0x2000b1a8   0x00000a00   Zero   RW          468    .bss                malloc.o
    0x2000bba8   0x000009b8   Zero   RW          595    .bss                os_core.o
    0x2000c560   0x00000050   Zero   RW          596    .bss                os_core.o
    0x2000c5b0   0x00000078   Zero   RW          597    .bss                os_core.o
    0x2000c628   0x00000280   Zero   RW          598    .bss                os_core.o
    0x2000c8a8   0x00000200   Zero   RW          599    .bss                os_core.o
    0x2000caa8   0x00000040   Zero   RW          600    .bss                os_core.o
    0x2000cae8   0x00000060   Zero   RW          885    .bss                c_w.l(libspace.o)
    0x2000cb48   0x00000400   Zero   RW          501    HEAP                startup_stm32f10x_cl.o
    0x2000cf48   0x00000800   Zero   RW          500    STACK               startup_stm32f10x_cl.o


==============================================================================

Image component sizes


      Code (inc. data)   RO Data    RW Data    ZI Data      Debug   Object Name

        68          8          0          0          0        657   beep.o
       236         22          0          4          0       1999   delay.o
       268         22         56         16          0       1745   key.o
        64         10         24         16          0        954   led.o
       708         80          0         32       4096     270828   main.o
       344          6          0         20      43520       3554   malloc.o
       176         18          0          0          0       1545   misc.o
      1572         72        256         88       3904      14529   os_core.o
       180         36          0          0          0        256   os_cpu_a.o
       168          6          0          2          0      10995   os_cpu_c.o
      1416         36          0          0          0       5098   os_flag.o
       832         16          0          0          0       3286   os_mbox.o
      1280         28          0          0          0       4297   os_q.o
       764         16          0          0          0       3098   os_sem.o
      1664         66          0          0          0       5947   os_task.o
       352         28          0          0          0       1514   os_time.o
      1296         92          0          0          0       4425   os_tmr.o
        64         26        336          0       3072        732   startup_stm32f10x_cl.o
       232          8          0          0          0       1975   stm32f10x_exti.o
       608         36          0          0          0       4817   stm32f10x_gpio.o
        14          0          0          0          0        907   stm32f10x_it.o
       872         44          0         20          0       9974   stm32f10x_rcc.o
       816         20          0          0          0       7152   stm32f10x_usart.o
         0          0          0          0          0         32   sys.o
       444         44          0         20          0       1687   system_stm32f10x.o
       300         22          0          2        200       2934   usart.o

    ----------------------------------------------------------------------
     14740        762        704        224      54792     364937   Object Totals
         0          0         32          0          0          0   (incl. Generated)
         2          0          0          4          0          0   (incl. Padding)

    ----------------------------------------------------------------------

      Code (inc. data)   RO Data    RW Data    ZI Data      Debug   Library Member Name

         8          0          0          0          0         68   __main.o
       316          6         17          0          0         92   __printf_flags_wp.o
        14          0          0          0          0         68   __printf_wp.o
        52          8          0          0          0          0   __scatter.o
        26          0          0          0          0          0   __scatter_copy.o
        28          0          0          0          0          0   __scatter_zi.o
        48          6          0          0          0         96   _printf_char_common.o
         6          0          0          0          0          0   _printf_d.o
       120         18          0          0          0         92   _printf_dec.o
       184          0          0          0          0         88   _printf_intcommon.o
        82          0          0          0          0        108   _printf_pad.o
         0          0          0          0          0          0   _printf_percent.o
         4          0          0          0          0          0   _printf_percent_end.o
        10          0          0          0          0         68   _sputc.o
        12          0          0          0          0         72   exit.o
         6          0          0          0          0        152   heapauxi.o
         2          0          0          0          0          0   libinit.o
         2          0          0          0          0          0   libinit2.o
         2          0          0          0          0          0   libshutdown.o
         2          0          0          0          0          0   libshutdown2.o
         8          4          0          0         96         68   libspace.o
        40          6          0          0          0         84   noretval__2sprintf.o
         0          0          0          0          0          0   rtentry.o
        12          0          0          0          0          0   rtentry2.o
         6          0          0          0          0          0   rtentry4.o
         2          0          0          0          0          0   rtexit.o
        10          0          0          0          0          0   rtexit2.o
        74          0          0          0          0         80   sys_stackheap_outer.o
         2          0          0          0          0         68   use_no_semi.o
         2          0          0          0          0         68   use_no_semi_2.o

    ----------------------------------------------------------------------
      1088         48         20          0         96       1272   Library Totals
         8          0          3          0          0          0   (incl. Padding)

    ----------------------------------------------------------------------

      Code (inc. data)   RO Data    RW Data    ZI Data      Debug   Library Name

      1080         48         17          0         96       1272   c_w.l

    ----------------------------------------------------------------------
      1088         48         20          0         96       1272   Library Totals

    ----------------------------------------------------------------------

==============================================================================


      Code (inc. data)   RO Data    RW Data    ZI Data      Debug   

     15828        810        724        224      54888     362777   Grand Totals
     15828        810        724        224      54888     362777   ELF Image Totals
     15828        810        724        224          0          0   ROM Totals

==============================================================================

    Total RO  Size (Code + RO Data)                16552 (  16.16kB)
    Total RW  Size (RW Data + ZI Data)             55112 (  53.82kB)
    Total ROM Size (Code + RO Data + RW Data)      16776 (  16.38kB)

==============================================================================

