ARM Linker, 5.03 [Build 24] [MDK-ARM Standard]

==============================================================================

Section Cross References

    main.o(.text) refers to _printf_pad.o(.text) for _printf_pre_padding
    main.o(.text) refers to _printf_percent.o(.ARM.Collect$$_printf_percent$$00000000) for _printf_percent
    main.o(.text) refers to _printf_d.o(.ARM.Collect$$_printf_percent$$00000009) for _printf_d
    main.o(.text) refers to _printf_dec.o(.text) for _printf_int_dec
    main.o(.text) refers to lcd.o(.text) for LCD_ShowxNum
    main.o(.text) refers to malloc.o(.text) for my_mem_perused
    main.o(.text) refers to noretval__2sprintf.o(.text) for __2sprintf
    main.o(.text) refers to os_q.o(.text) for OSQPost
    main.o(.text) refers to os_tmr.o(.text) for OSTmrStop
    main.o(.text) refers to delay.o(.text) for delay_ms
    main.o(.text) refers to key.o(.text) for KEY_Scan
    main.o(.text) refers to tpad.o(.text) for TPAD_Scan
    main.o(.text) refers to os_mbox.o(.text) for OSMboxPost
    main.o(.text) refers to os_flag.o(.text) for OSFlagPend
    main.o(.text) refers to lcd.o(.data) for POINT_COLOR
    main.o(.text) refers to main.o(.data) for tcnt
    main.o(.text) refers to os_core.o(.data) for OSCPUUsage
    main.o(.text) refers to lcd.o(.bss) for lcddev
    main.o(.text) refers to os_task.o(.text) for OSTaskSuspend
    main.o(.text) refers to touch.o(.text) for TP_Adjust
    main.o(.text) refers to touch.o(.data) for tp_dev
    main.o(.text) refers to os_cpu_a.o(.text) for OS_CPU_SR_Save
    main.o(.text) refers to os_core.o(.text) for OSStatInit
    main.o(.text) refers to misc.o(.text) for NVIC_PriorityGroupConfig
    main.o(.text) refers to usart.o(.text) for uart_init
    main.o(.text) refers to led.o(.text) for LED_Init
    main.o(.text) refers to beep.o(.text) for BEEP_Init
    main.o(.text) refers to main.o(.bss) for MsgGrp
    system_stm32f10x.o(.text) refers to system_stm32f10x.o(.data) for SystemCoreClock
    led.o(.text) refers to stm32f10x_rcc.o(.text) for RCC_APB2PeriphClockCmd
    led.o(.text) refers to stm32f10x_gpio.o(.text) for GPIO_Init
    key.o(.text) refers to stm32f10x_rcc.o(.text) for RCC_APB2PeriphClockCmd
    key.o(.text) refers to stm32f10x_gpio.o(.text) for GPIO_Init
    key.o(.text) refers to delay.o(.text) for delay_ms
    key.o(.text) refers to key.o(.data) for key_up
    beep.o(.text) refers to stm32f10x_rcc.o(.text) for RCC_APB2PeriphClockCmd
    beep.o(.text) refers to stm32f10x_gpio.o(.text) for GPIO_Init
    lcd.o(.text) refers to _printf_percent.o(.ARM.Collect$$_printf_percent$$00000000) for _printf_percent
    lcd.o(.text) refers to _printf_x.o(.ARM.Collect$$_printf_percent$$0000000C) for _printf_x
    lcd.o(.text) refers to _printf_hex_int.o(.text) for _printf_longlong_hex
    lcd.o(.text) refers to delay.o(.text) for delay_us
    lcd.o(.text) refers to lcd.o(.bss) for lcddev
    lcd.o(.text) refers to lcd.o(.data) for POINT_COLOR
    lcd.o(.text) refers to dflt_clz.o(x$fpl$dfltu) for __aeabi_ui2d
    lcd.o(.text) refers to dmul.o(x$fpl$dmul) for __aeabi_dmul
    lcd.o(.text) refers to dfixu.o(x$fpl$dfixu) for __aeabi_d2uiz
    lcd.o(.text) refers to stm32f10x_rcc.o(.text) for RCC_AHBPeriphClockCmd
    lcd.o(.text) refers to stm32f10x_gpio.o(.text) for GPIO_Init
    lcd.o(.text) refers to stm32f10x_fsmc.o(.text) for FSMC_NORSRAMInit
    lcd.o(.text) refers to noretval__2printf.o(.text) for __2printf
    lcd.o(.text) refers to lcd.o(.constdata) for asc2_1206
    myiic.o(.text) refers to stm32f10x_rcc.o(.text) for RCC_APB2PeriphClockCmd
    myiic.o(.text) refers to stm32f10x_gpio.o(.text) for GPIO_Init
    myiic.o(.text) refers to delay.o(.text) for delay_us
    24cxx.o(.text) refers to myiic.o(.text) for IIC_Init
    24cxx.o(.text) refers to delay.o(.text) for delay_ms
    spi.o(.text) refers to stm32f10x_spi.o(.text) for SPI_I2S_GetFlagStatus
    spi.o(.text) refers to stm32f10x_rcc.o(.text) for RCC_APB2PeriphClockCmd
    spi.o(.text) refers to stm32f10x_gpio.o(.text) for GPIO_Init
    w25qxx.o(.text) refers to _printf_percent.o(.ARM.Collect$$_printf_percent$$00000000) for _printf_percent
    w25qxx.o(.text) refers to _printf_x.o(.ARM.Collect$$_printf_percent$$0000000C) for _printf_x
    w25qxx.o(.text) refers to _printf_hex_int.o(.text) for _printf_longlong_hex
    w25qxx.o(.text) refers to spi.o(.text) for SPI2_ReadWriteByte
    w25qxx.o(.text) refers to stm32f10x_rcc.o(.text) for RCC_APB2PeriphClockCmd
    w25qxx.o(.text) refers to stm32f10x_gpio.o(.text) for GPIO_Init
    w25qxx.o(.text) refers to noretval__2printf.o(.text) for __2printf
    w25qxx.o(.text) refers to delay.o(.text) for delay_us
    w25qxx.o(.text) refers to w25qxx.o(.data) for W25QXX_TYPE
    w25qxx.o(.text) refers to w25qxx.o(.bss) for W25QXX_BUFFER
    touch.o(.text) refers to delay.o(.text) for delay_us
    touch.o(.text) refers to lcd.o(.text) for LCD_DrawLine
    touch.o(.text) refers to fflt_clz.o(x$fpl$fflt) for __aeabi_i2f
[...]
    __rt_lib_init_rand_1                     0x080001bd   Thumb Code     0  libinit2.o(.ARM.Collect$$libinit$$0000000C)
    __rt_lib_init_return                     0x080001bd   Thumb Code     0  libinit2.o(.ARM.Collect$$libinit$$00000031)
    __rt_lib_init_signal_1                   0x080001bd   Thumb Code     0  libinit2.o(.ARM.Collect$$libinit$$0000001B)
    __rt_lib_init_stdio_1                    0x080001bd   Thumb Code     0  libinit2.o(.ARM.Collect$$libinit$$00000023)
    __rt_lib_init_user_alloc_1               0x080001bd   Thumb Code     0  libinit2.o(.ARM.Collect$$libinit$$0000000A)
    __rt_lib_shutdown                        0x080001bf   Thumb Code     0  libshutdown.o(.ARM.Collect$$libshutdown$$00000000)
    __rt_lib_shutdown_fp_trap_1              0x080001c1   Thumb Code     0  libshutdown2.o(.ARM.Collect$$libshutdown$$00000006)
    __rt_lib_shutdown_heap_1                 0x080001c1   Thumb Code     0  libshutdown2.o(.ARM.Collect$$libshutdown$$0000000E)
    __rt_lib_shutdown_return                 0x080001c1   Thumb Code     0  libshutdown2.o(.ARM.Collect$$libshutdown$$0000000F)
    __rt_lib_shutdown_signal_1               0x080001c1   Thumb Code     0  libshutdown2.o(.ARM.Collect$$libshutdown$$00000009)
    __rt_lib_shutdown_stdio_1                0x080001c1   Thumb Code     0  libshutdown2.o(.ARM.Collect$$libshutdown$$00000003)
    __rt_lib_shutdown_user_alloc_1           0x080001c1   Thumb Code     0  libshutdown2.o(.ARM.Collect$$libshutdown$$0000000B)
    __rt_entry                               0x080001c3   Thumb Code     0  rtentry.o(.ARM.Collect$$rtentry$$00000000)
    __rt_entry_presh_1                       0x080001c3   Thumb Code     0  rtentry2.o(.ARM.Collect$$rtentry$$00000002)
    __rt_entry_sh                            0x080001c3   Thumb Code     0  rtentry4.o(.ARM.Collect$$rtentry$$00000004)
    __rt_entry_li                            0x080001c9   Thumb Code     0  rtentry2.o(.ARM.Collect$$rtentry$$0000000A)
    __rt_entry_postsh_1                      0x080001c9   Thumb Code     0  rtentry2.o(.ARM.Collect$$rtentry$$00000009)
    __rt_entry_main                          0x080001cd   Thumb Code     0  rtentry2.o(.ARM.Collect$$rtentry$$0000000D)
    __rt_entry_postli_1                      0x080001cd   Thumb Code     0  rtentry2.o(.ARM.Collect$$rtentry$$0000000C)
    __rt_exit                                0x080001d5   Thumb Code     0  rtexit.o(.ARM.Collect$$rtexit$$00000000)
    __rt_exit_ls                             0x080001d7   Thumb Code     0  rtexit2.o(.ARM.Collect$$rtexit$$00000003)
    __rt_exit_prels_1                        0x080001d7   Thumb Code     0  rtexit2.o(.ARM.Collect$$rtexit$$00000002)
    __rt_exit_exit                           0x080001db   Thumb Code     0  rtexit2.o(.ARM.Collect$$rtexit$$00000004)
    tmr1_callback                            0x080001e1   Thumb Code   140  main.o(.text)
    tmr2_callback                            0x0800026d   Thumb Code   274  main.o(.text)
    tmr3_callback                            0x0800037f   Thumb Code    82  main.o(.text)
    ucos_load_main_ui                        0x080003d1   Thumb Code   362  main.o(.text)
    key_task                                 0x0800053b   Thumb Code    42  main.o(.text)
    flags_task                               0x08000565   Thumb Code   494  main.o(.text)
    main_task                                0x08000753   Thumb Code   452  main.o(.text)
    qmsgshow_task                            0x08000917   Thumb Code    54  main.o(.text)
    gui_draw_hline                           0x0800094d   Thumb Code    36  main.o(.text)
    gui_fill_circle                          0x08000971   Thumb Code   176  main.o(.text)
    lcd_draw_bline                           0x08000a21   Thumb Code   304  main.o(.text)
    touch_task                               0x08000b51   Thumb Code   154  main.o(.text)
    led_task                                 0x08000beb   Thumb Code    36  main.o(.text)
    start_task                               0x08000c0f   Thumb Code   152  main.o(.text)
    main                                     0x08000ca7   Thumb Code    86  main.o(.text)
    my_abs                                   0x08000cfd   Thumb Code    18  main.o(.text)
    NMI_Handler                              0x08000d49   Thumb Code     2  stm32f10x_it.o(.text)
    HardFault_Handler                        0x08000d4b   Thumb Code     4  stm32f10x_it.o(.text)
    MemManage_Handler                        0x08000d4f   Thumb Code     4  stm32f10x_it.o(.text)
    BusFault_Handler                         0x08000d53   Thumb Code     4  stm32f10x_it.o(.text)
    UsageFault_Handler                       0x08000d57   Thumb Code     4  stm32f10x_it.o(.text)
    SVC_Handler                              0x08000d5b   Thumb Code     2  stm32f10x_it.o(.text)
    DebugMon_Handler                         0x08000d5d   Thumb Code     2  stm32f10x_it.o(.text)
    SystemInit                               0x08000e3d   Thumb Code    78  system_stm32f10x.o(.text)
    SystemCoreClockUpdate                    0x08000e8b   Thumb Code   142  system_stm32f10x.o(.text)
    LED_Init                                 0x08000f3d   Thumb Code    68  led.o(.text)
    KEY_Init                                 0x08000f89   Thumb Code    52  key.o(.text)
    KEY_Scan                                 0x08000fbd   Thumb Code   188  key.o(.text)
    BEEP_Init                                0x08001085   Thumb Code    50  beep.o(.text)
    LCD_WR_REG                               0x080010bd   Thumb Code     6  lcd.o(.text)
    LCD_WR_DATA                              0x080010c3   Thumb Code     8  lcd.o(.text)
    LCD_RD_DATA                              0x080010cb   Thumb Code    16  lcd.o(.text)
    LCD_WriteReg                             0x080010db   Thumb Code    10  lcd.o(.text)
    LCD_ReadReg                              0x080010e5   Thumb Code    22  lcd.o(.text)
    LCD_WriteRAM_Prepare                     0x080010fb   Thumb Code    10  lcd.o(.text)
    LCD_WriteRAM                             0x08001105   Thumb Code     8  lcd.o(.text)
    LCD_BGR2RGB                              0x0800110d   Thumb Code    26  lcd.o(.text)
    opt_delay                                0x08001127   Thumb Code    14  lcd.o(.text)
    LCD_SetCursor                            0x08001135   Thumb Code   418  lcd.o(.text)
    LCD_ReadPoint                            0x080012d7   Thumb Code   362  lcd.o(.text)
    LCD_DisplayOn                            0x08001441   Thumb Code   100  lcd.o(.text)
    LCD_DisplayOff                           0x080014a5   Thumb Code    90  lcd.o(.text)
    LCD_Scan_Dir                             0x080014ff   Thumb Code   744  lcd.o(.text)
    LCD_DrawPoint                            0x080017e7   Thumb Code    28  lcd.o(.text)
    LCD_Fast_DrawPoint                       0x08001803   Thumb Code   384  lcd.o(.text)
    LCD_SSD_BackLightSet                     0x08001983   Thumb Code    80  lcd.o(.text)
    LCD_Display_Dir                          0x080019d3   Thumb Code   444  lcd.o(.text)
    LCD_Set_Window                           0x08001b8f   Thumb Code   540  lcd.o(.text)
    LCD_Clear                                0x08001dab   Thumb Code   100  lcd.o(.text)
    LCD_Init                                 0x08001e0f   Thumb Code 14182  lcd.o(.text)
    LCD_Fill                                 0x08005575   Thumb Code   178  lcd.o(.text)
    LCD_Color_Fill                           0x08005627   Thumb Code   106  lcd.o(.text)
    LCD_DrawLine                             0x08005691   Thumb Code   176  lcd.o(.text)
    LCD_DrawRectangle                        0x08005741   Thumb Code    60  lcd.o(.text)
    LCD_Draw_Circle                          0x0800577d   Thumb Code   152  lcd.o(.text)
    LCD_ShowChar                             0x08005815   Thumb Code   268  lcd.o(.text)
    LCD_Pow                                  0x08005921   Thumb Code    22  lcd.o(.text)
    LCD_ShowNum                              0x08005937   Thumb Code   148  lcd.o(.text)
    LCD_ShowxNum                             0x080059cb   Thumb Code   220  lcd.o(.text)
    LCD_ShowString                           0x08005aa7   Thumb Code   102  lcd.o(.text)
    IIC_Init                                 0x08005b0d   Thumb Code    46  myiic.o(.text)
    IIC_Start                                0x08005b3b   Thumb Code    68  myiic.o(.text)
    IIC_Stop                                 0x08005b7f   Thumb Code    66  myiic.o(.text)
    IIC_Wait_Ack                             0x08005bc1   Thumb Code    82  myiic.o(.text)
    IIC_Ack                                  0x08005c13   Thumb Code    72  myiic.o(.text)
    IIC_NAck                                 0x08005c5b   Thumb Code    72  myiic.o(.text)
    IIC_Send_Byte                            0x08005ca3   Thumb Code   108  myiic.o(.text)
    IIC_Read_Byte                            0x08005d0f   Thumb Code    98  myiic.o(.text)
    AT24CXX_Init                             0x08005d85   Thumb Code     8  24cxx.o(.text)
    AT24CXX_ReadOneByte                      0x08005d8d   Thumb Code    88  24cxx.o(.text)
    AT24CXX_WriteOneByte                     0x08005de5   Thumb Code    80  24cxx.o(.text)
    AT24CXX_WriteLenByte                     0x08005e35   Thumb Code    42  24cxx.o(.text)
    AT24CXX_ReadLenByte                      0x08005e5f   Thumb Code    44  24cxx.o(.text)
    AT24CXX_Check                            0x08005e8b   Thumb Code    46  24cxx.o(.text)
    AT24CXX_Read                             0x08005eb9   Thumb Code    34  24cxx.o(.text)
    AT24CXX_Write                            0x08005edb   Thumb Code    36  24cxx.o(.text)
    TP_Write_Byte                            0x08005f01   Thumb Code    72  touch.o(.text)
    TP_Read_AD                               0x08005f49   Thumb Code   132  touch.o(.text)
    TP_Read_XOY                              0x08005fcd   Thumb Code   120  touch.o(.text)
    TP_Read_XY                               0x08006045   Thumb Code    38  touch.o(.text)
    TP_Read_XY2                              0x0800606b   Thumb Code   192  touch.o(.text)
    TP_Drow_Touch_Point                      0x0800612b   Thumb Code   108  touch.o(.text)
    TP_Draw_Big_Point                        0x08006197   Thumb Code    54  touch.o(.text)
    TP_Scan                                  0x080061cd   Thumb Code   262  touch.o(.text)
    TP_Save_Adjdata                          0x080062d3   Thumb Code    24  touch.o(.text)
    TP_Get_Adjdata                           0x080062eb   Thumb Code   118  touch.o(.text)
    TP_Adj_Info_Show                         0x08006361   Thumb Code   374  touch.o(.text)
    TP_Adjust                                0x080064d7   Thumb Code  2104  touch.o(.text)
    TP_Init                                  0x08006d0f   Thumb Code   330  touch.o(.text)
    CT_Delay                                 0x08006ead   Thumb Code    10  ctiic.o(.text)
    CT_IIC_Init                              0x08006eb7   Thumb Code    72  ctiic.o(.text)
    CT_IIC_Start                             0x08006eff   Thumb Code    68  ctiic.o(.text)
    CT_IIC_Stop                              0x08006f43   Thumb Code    62  ctiic.o(.text)
    CT_IIC_Wait_Ack                          0x08006f81   Thumb Code    84  ctiic.o(.text)
    CT_IIC_Ack                               0x08006fd5   Thumb Code    66  ctiic.o(.text)
    CT_IIC_NAck                              0x08007017   Thumb Code    66  ctiic.o(.text)
    CT_IIC_Send_Byte                         0x08007059   Thumb Code    88  ctiic.o(.text)
    CT_IIC_Read_Byte                         0x080070b1   Thumb Code    94  ctiic.o(.text)
    OTT2001A_WR_Reg                          0x08007131   Thumb Code    92  ott2001a.o(.text)
    OTT2001A_RD_Reg                          0x0800718d   Thumb Code    98  ott2001a.o(.text)
    OTT2001A_SensorControl                   0x080071ef   Thumb Code    28  ott2001a.o(.text)
    OTT2001A_Init                            0x0800720b   Thumb Code   158  ott2001a.o(.text)
    OTT2001A_Scan                            0x080072a9   Thumb Code   440  ott2001a.o(.text)
    FT5206_WR_Reg                            0x08007499   Thumb Code    82  ft5206.o(.text)
    FT5206_RD_Reg                            0x080074eb   Thumb Code    88  ft5206.o(.text)
    FT5206_Init                              0x08007543   Thumb Code   218  ft5206.o(.text)
    FT5206_Scan                              0x0800761d   Thumb Code   396  ft5206.o(.text)
    GT9147_WR_Reg                            0x080077cd   Thumb Code    92  gt9147.o(.text)
    GT9147_Send_Cfg                          0x08007829   Thumb Code    86  gt9147.o(.text)
    GT9147_RD_Reg                            0x0800787f   Thumb Code    98  gt9147.o(.text)
    GT9147_Init                              0x080078e1   Thumb Code   270  gt9147.o(.text)
    GT9147_Scan                              0x080079ef   Thumb Code   492  gt9147.o(.text)
    TPAD_Reset                               0x08007c25   Thumb Code    82  tpad.o(.text)
    TPAD_Get_Val                             0x08007c77   Thumb Code    50  tpad.o(.text)
    TIM5_CH2_Cap_Init                        0x08007ca9   Thumb Code   126  tpad.o(.text)
    TPAD_Init                                0x08007d27   Thumb Code   160  tpad.o(.text)
    TPAD_Get_MaxVal                          0x08007dc7   Thumb Code    36  tpad.o(.text)
    TPAD_Scan                                0x08007deb   Thumb Code    74  tpad.o(.text)
    delay_osschedlock                        0x08007e5d   Thumb Code     8  delay.o(.text)
    delay_osschedunlock                      0x08007e65   Thumb Code     8  delay.o(.text)
    delay_ostimedly                          0x08007e6d   Thumb Code    12  delay.o(.text)
    SysTick_Handler                          0x08007e79   Thumb Code    24  delay.o(.text)
    delay_init                               0x08007e91   Thumb Code    76  delay.o(.text)
    delay_us                                 0x08007edd   Thumb Code    86  delay.o(.text)
    delay_ms                                 0x08007f33   Thumb Code    66  delay.o(.text)
    _sys_exit                                0x08007f8d   Thumb Code     6  usart.o(.text)
    fputc                                    0x08007f93   Thumb Code    22  usart.o(.text)
    uart_init                                0x08007fa9   Thumb Code   152  usart.o(.text)
    USART1_IRQHandler                        0x08008041   Thumb Code   130  usart.o(.text)
    mymemcpy                                 0x080080d5   Thumb Code    26  malloc.o(.text)
    mymemset                                 0x080080ef   Thumb Code    20  malloc.o(.text)
    my_mem_init                              0x08008103   Thumb Code    54  malloc.o(.text)
    my_mem_perused                           0x08008139   Thumb Code    54  malloc.o(.text)
    my_mem_malloc                            0x0800816f   Thumb Code   154  malloc.o(.text)
    my_mem_free                              0x08008209   Thumb Code    94  malloc.o(.text)
    myfree                                   0x08008267   Thumb Code    32  malloc.o(.text)
    mymalloc                                 0x08008287   Thumb Code    34  malloc.o(.text)
    myrealloc                                0x080082a9   Thumb Code    66  malloc.o(.text)
    Reset_Handler                            0x080082fd   Thumb Code     8  startup_stm32f10x_hd.o(.text)
    ADC1_2_IRQHandler                        0x08008317   Thumb Code     0  startup_stm32f10x_hd.o(.text)
    ADC3_IRQHandler                          0x08008317   Thumb Code     0  startup_stm32f10x_hd.o(.text)
    CAN1_RX1_IRQHandler                      0x08008317   Thumb Code     0  startup_stm32f10x_hd.o(.text)
    CAN1_SCE_IRQHandler                      0x08008317   Thumb Code     0  startup_stm32f10x_hd.o(.text)
    DMA1_Channel1_IRQHandler                 0x08008317   Thumb Code     0  startup_stm32f10x_hd.o(.text)
    DMA1_Channel2_IRQHandler                 0x08008317   Thumb Code     0  startup_stm32f10x_hd.o(.text)
    DMA1_Channel3_IRQHandler                 0x08008317   Thumb Code     0  startup_stm32f10x_hd.o(.text)
    DMA1_Channel4_IRQHandler                 0x08008317   Thumb Code     0  startup_stm32f10x_hd.o(.text)
    DMA1_Channel5_IRQHandler                 0x08008317   Thumb Code     0  startup_stm32f10x_hd.o(.text)
    DMA1_Channel6_IRQHandler                 0x08008317   Thumb Code     0  startup_stm32f10x_hd.o(.text)
    DMA1_Channel7_IRQHandler                 0x08008317   Thumb Code     0  startup_stm32f10x_hd.o(.text)
    DMA2_Channel1_IRQHandler                 0x08008317   Thumb Code     0  startup_stm32f10x_hd.o(.text)
    DMA2_Channel2_IRQHandler                 0x08008317   Thumb Code     0  startup_stm32f10x_hd.o(.text)
    DMA2_Channel3_IRQHandler                 0x08008317   Thumb Code     0  startup_stm32f10x_hd.o(.text)
    DMA2_Channel4_5_IRQHandler               0x08008317   Thumb Code     0  startup_stm32f10x_hd.o(.text)
    EXTI0_IRQHandler                         0x08008317   Thumb Code     0  startup_stm32f10x_hd.o(.text)
    EXTI15_10_IRQHandler                     0x08008317   Thumb Code     0  startup_stm32f10x_hd.o(.text)
    EXTI1_IRQHandler                         0x08008317   Thumb Code     0  startup_stm32f10x_hd.o(.text)
    EXTI2_IRQHandler                         0x08008317   Thumb Code     0  startup_stm32f10x_hd.o(.text)
    EXTI3_IRQHandler                         0x08008317   Thumb Code     0  startup_stm32f10x_hd.o(.text)
    EXTI4_IRQHandler                         0x08008317   Thumb Code     0  startup_stm32f10x_hd.o(.text)
    EXTI9_5_IRQHandler                       0x08008317   Thumb Code     0  startup_stm32f10x_hd.o(.text)
    FLASH_IRQHandler                         0x08008317   Thumb Code     0  startup_stm32f10x_hd.o(.text)
    FSMC_IRQHandler                          0x08008317   Thumb Code     0  startup_stm32f10x_hd.o(.text)
    I2C1_ER_IRQHandler                       0x08008317   Thumb Code     0  startup_stm32f10x_hd.o(.text)
    I2C1_EV_IRQHandler                       0x08008317   Thumb Code     0  startup_stm32f10x_hd.o(.text)
    I2C2_ER_IRQHandler                       0x08008317   Thumb Code     0  startup_stm32f10x_hd.o(.text)
    I2C2_EV_IRQHandler                       0x08008317   Thumb Code     0  startup_stm32f10x_hd.o(.text)
    PVD_IRQHandler                           0x08008317   Thumb Code     0  startup_stm32f10x_hd.o(.text)
    RCC_IRQHandler                           0x08008317   Thumb Code     0  startup_stm32f10x_hd.o(.text)
    RTCAlarm_IRQHandler                      0x08008317   Thumb Code     0  startup_stm32f10x_hd.o(.text)
    RTC_IRQHandler                           0x08008317   Thumb Code     0  startup_stm32f10x_hd.o(.text)
    SDIO_IRQHandler                          0x08008317   Thumb Code     0  startup_stm32f10x_hd.o(.text)
    SPI1_IRQHandler                          0x08008317   Thumb Code     0  startup_stm32f10x_hd.o(.text)
    SPI2_IRQHandler                          0x08008317   Thumb Code     0  startup_stm32f10x_hd.o(.text)
    SPI3_IRQHandler                          0x08008317   Thumb Code     0  startup_stm32f10x_hd.o(.text)
    TAMPER_IRQHandler                        0x08008317   Thumb Code     0  startup_stm32f10x_hd.o(.text)
    TIM1_BRK_IRQHandler                      0x08008317   Thumb Code     0  startup_stm32f10x_hd.o(.text)
    TIM1_CC_IRQHandler                       0x08008317   Thumb Code     0  startup_stm32f10x_hd.o(.text)
    TIM1_TRG_COM_IRQHandler                  0x08008317   Thumb Code     0  startup_stm32f10x_hd.o(.text)
    TIM1_UP_IRQHandler                       0x08008317   Thumb Code     0  startup_stm32f10x_hd.o(.text)
    TIM2_IRQHandler                          0x08008317   Thumb Code     0  startup_stm32f10x_hd.o(.text)
    TIM3_IRQHandler                          0x08008317   Thumb Code     0  startup_stm32f10x_hd.o(.text)
    TIM4_IRQHandler                          0x08008317   Thumb Code     0  startup_stm32f10x_hd.o(.text)
    TIM5_IRQHandler                          0x08008317   Thumb Code     0  startup_stm32f10x_hd.o(.text)
    TIM6_IRQHandler                          0x08008317   Thumb Code     0  startup_stm32f10x_hd.o(.text)
    TIM7_IRQHandler                          0x08008317   Thumb Code     0  startup_stm32f10x_hd.o(.text)
    TIM8_BRK_IRQHandler                      0x08008317   Thumb Code     0  startup_stm32f10x_hd.o(.text)
    TIM8_CC_IRQHandler                       0x08008317   Thumb Code     0  startup_stm32f10x_hd.o(.text)
    TIM8_TRG_COM_IRQHandler                  0x08008317   Thumb Code     0  startup_stm32f10x_hd.o(.text)
    TIM8_UP_IRQHandler                       0x08008317   Thumb Code     0  startup_stm32f10x_hd.o(.text)
    UART4_IRQHandler                         0x08008317   Thumb Code     0  startup_stm32f10x_hd.o(.text)
    UART5_IRQHandler                         0x08008317   Thumb Code     0  startup_stm32f10x_hd.o(.text)
    USART2_IRQHandler                        0x08008317   Thumb Code     0  startup_stm32f10x_hd.o(.text)
    USART3_IRQHandler                        0x08008317   Thumb Code     0  startup_stm32f10x_hd.o(.text)
    USBWakeUp_IRQHandler                     0x08008317   Thumb Code     0  startup_stm32f10x_hd.o(.text)
    USB_HP_CAN1_TX_IRQHandler                0x08008317   Thumb Code     0  startup_stm32f10x_hd.o(.text)
    USB_LP_CAN1_RX0_IRQHandler               0x08008317   Thumb Code     0  startup_stm32f10x_hd.o(.text)
    WWDG_IRQHandler                          0x08008317   Thumb Code     0  startup_stm32f10x_hd.o(.text)
    __user_initial_stackheap                 0x08008319   Thumb Code     0  startup_stm32f10x_hd.o(.text)
    NVIC_PriorityGroupConfig                 0x0800833d   Thumb Code    10  misc.o(.text)
    NVIC_Init                                0x08008347   Thumb Code   102  misc.o(.text)
    NVIC_SetVectorTable                      0x080083ad   Thumb Code    14  misc.o(.text)
    NVIC_SystemLPConfig                      0x080083bb   Thumb Code    34  misc.o(.text)
    SysTick_CLKSourceConfig                  0x080083dd   Thumb Code    40  misc.o(.text)
    FSMC_NORSRAMDeInit                       0x08008419   Thumb Code    56  stm32f10x_fsmc.o(.text)
    FSMC_NANDDeInit                          0x08008451   Thumb Code    62  stm32f10x_fsmc.o(.text)
    FSMC_PCCARDDeInit                        0x0800848f   Thumb Code    40  stm32f10x_fsmc.o(.text)
    FSMC_NORSRAMInit                         0x080084b7   Thumb Code   224  stm32f10x_fsmc.o(.text)
    FSMC_NANDInit                            0x08008597   Thumb Code   130  stm32f10x_fsmc.o(.text)
    FSMC_PCCARDInit                          0x08008619   Thumb Code   124  stm32f10x_fsmc.o(.text)
    FSMC_NORSRAMStructInit                   0x08008695   Thumb Code   114  stm32f10x_fsmc.o(.text)
    FSMC_NANDStructInit                      0x08008707   Thumb Code    54  stm32f10x_fsmc.o(.text)
    FSMC_PCCARDStructInit                    0x0800873d   Thumb Code    60  stm32f10x_fsmc.o(.text)
    FSMC_NORSRAMCmd                          0x08008779   Thumb Code    46  stm32f10x_fsmc.o(.text)
    FSMC_NANDCmd                             0x080087a7   Thumb Code    86  stm32f10x_fsmc.o(.text)
    FSMC_PCCARDCmd                           0x080087fd   Thumb Code    40  stm32f10x_fsmc.o(.text)
    FSMC_NANDECCCmd                          0x08008825   Thumb Code   118  stm32f10x_fsmc.o(.text)
    FSMC_GetECC                              0x0800889b   Thumb Code    22  stm32f10x_fsmc.o(.text)
    FSMC_ITConfig                            0x080088b1   Thumb Code   128  stm32f10x_fsmc.o(.text)
    FSMC_GetFlagStatus                       0x08008931   Thumb Code    48  stm32f10x_fsmc.o(.text)
    FSMC_ClearFlag                           0x08008961   Thumb Code    62  stm32f10x_fsmc.o(.text)
    FSMC_GetITStatus                         0x0800899f   Thumb Code    60  stm32f10x_fsmc.o(.text)
    FSMC_ClearITPendingBit                   0x080089db   Thumb Code    64  stm32f10x_fsmc.o(.text)
    GPIO_DeInit                              0x08008a31   Thumb Code   172  stm32f10x_gpio.o(.text)
    GPIO_AFIODeInit                          0x08008add   Thumb Code    20  stm32f10x_gpio.o(.text)
    GPIO_Init                                0x08008af1   Thumb Code   274  stm32f10x_gpio.o(.text)
    GPIO_StructInit                          0x08008c03   Thumb Code    16  stm32f10x_gpio.o(.text)
    GPIO_ReadInputDataBit                    0x08008c13   Thumb Code    18  stm32f10x_gpio.o(.text)
    GPIO_ReadInputData                       0x08008c25   Thumb Code     8  stm32f10x_gpio.o(.text)
    GPIO_ReadOutputDataBit                   0x08008c2d   Thumb Code    18  stm32f10x_gpio.o(.text)
    GPIO_ReadOutputData                      0x08008c3f   Thumb Code     8  stm32f10x_gpio.o(.text)
    GPIO_SetBits                             0x08008c47   Thumb Code     4  stm32f10x_gpio.o(.text)
    GPIO_ResetBits                           0x08008c4b   Thumb Code     4  stm32f10x_gpio.o(.text)
    GPIO_WriteBit                            0x08008c4f   Thumb Code    10  stm32f10x_gpio.o(.text)
    GPIO_Write                               0x08008c59   Thumb Code     4  stm32f10x_gpio.o(.text)
    GPIO_PinLockConfig                       0x08008c5d   Thumb Code    18  stm32f10x_gpio.o(.text)
    GPIO_EventOutputConfig                   0x08008c6f   Thumb Code    26  stm32f10x_gpio.o(.text)
    GPIO_EventOutputCmd                      0x08008c89   Thumb Code     6  stm32f10x_gpio.o(.text)
    GPIO_PinRemapConfig                      0x08008c8f   Thumb Code   138  stm32f10x_gpio.o(.text)
    GPIO_EXTILineConfig                      0x08008d19   Thumb Code    66  stm32f10x_gpio.o(.text)
    GPIO_ETH_MediaInterfaceConfig            0x08008d5b   Thumb Code     6  stm32f10x_gpio.o(.text)
    RCC_DeInit                               0x08008d89   Thumb Code    64  stm32f10x_rcc.o(.text)
    RCC_HSEConfig                            0x08008dc9   Thumb Code    70  stm32f10x_rcc.o(.text)
    RCC_GetFlagStatus                        0x08008e0f   Thumb Code    56  stm32f10x_rcc.o(.text)
    RCC_WaitForHSEStartUp                    0x08008e47   Thumb Code    56  stm32f10x_rcc.o(.text)
    RCC_AdjustHSICalibrationValue            0x08008e7f   Thumb Code    20  stm32f10x_rcc.o(.text)
    RCC_HSICmd                               0x08008e93   Thumb Code     6  stm32f10x_rcc.o(.text)
    RCC_PLLConfig                            0x08008e99   Thumb Code    24  stm32f10x_rcc.o(.text)
    RCC_PLLCmd                               0x08008eb1   Thumb Code     6  stm32f10x_rcc.o(.text)
    RCC_SYSCLKConfig                         0x08008eb7   Thumb Code    18  stm32f10x_rcc.o(.text)
    RCC_GetSYSCLKSource                      0x08008ec9   Thumb Code    10  stm32f10x_rcc.o(.text)
    RCC_HCLKConfig                           0x08008ed3   Thumb Code    18  stm32f10x_rcc.o(.text)
    RCC_PCLK1Config                          0x08008ee5   Thumb Code    18  stm32f10x_rcc.o(.text)
    RCC_PCLK2Config                          0x08008ef7   Thumb Code    20  stm32f10x_rcc.o(.text)
    RCC_ITConfig                             0x08008f0b   Thumb Code    26  stm32f10x_rcc.o(.text)
    RCC_USBCLKConfig                         0x08008f25   Thumb Code     6  stm32f10x_rcc.o(.text)
    RCC_ADCCLKConfig                         0x08008f2b   Thumb Code    18  stm32f10x_rcc.o(.text)
    RCC_LSEConfig                            0x08008f3d   Thumb Code    44  stm32f10x_rcc.o(.text)
    RCC_LSICmd                               0x08008f69   Thumb Code     6  stm32f10x_rcc.o(.text)
    RCC_RTCCLKConfig                         0x08008f6f   Thumb Code    12  stm32f10x_rcc.o(.text)
    RCC_RTCCLKCmd                            0x08008f7b   Thumb Code     8  stm32f10x_rcc.o(.text)
    RCC_GetClocksFreq                        0x08008f83   Thumb Code   192  stm32f10x_rcc.o(.text)
    RCC_AHBPeriphClockCmd                    0x08009043   Thumb Code    26  stm32f10x_rcc.o(.text)
    RCC_APB2PeriphClockCmd                   0x0800905d   Thumb Code    26  stm32f10x_rcc.o(.text)
    RCC_APB1PeriphClockCmd                   0x08009077   Thumb Code    26  stm32f10x_rcc.o(.text)
    RCC_APB2PeriphResetCmd                   0x08009091   Thumb Code    26  stm32f10x_rcc.o(.text)
    RCC_APB1PeriphResetCmd                   0x080090ab   Thumb Code    26  stm32f10x_rcc.o(.text)
    RCC_BackupResetCmd                       0x080090c5   Thumb Code     8  stm32f10x_rcc.o(.text)
    RCC_ClockSecuritySystemCmd               0x080090cd   Thumb Code     6  stm32f10x_rcc.o(.text)
    RCC_MCOConfig                            0x080090d3   Thumb Code     6  stm32f10x_rcc.o(.text)
    RCC_ClearFlag                            0x080090d9   Thumb Code    14  stm32f10x_rcc.o(.text)
    RCC_GetITStatus                          0x080090e7   Thumb Code    20  stm32f10x_rcc.o(.text)
    RCC_ClearITPendingBit                    0x080090fb   Thumb Code     6  stm32f10x_rcc.o(.text)
    USART_DeInit                             0x0800912d   Thumb Code   134  stm32f10x_usart.o(.text)
    USART_Init                               0x080091b3   Thumb Code   210  stm32f10x_usart.o(.text)
    USART_StructInit                         0x08009285   Thumb Code    24  stm32f10x_usart.o(.text)
    USART_ClockInit                          0x0800929d   Thumb Code    34  stm32f10x_usart.o(.text)
    USART_ClockStructInit                    0x080092bf   Thumb Code    12  stm32f10x_usart.o(.text)
    USART_Cmd                                0x080092cb   Thumb Code    24  stm32f10x_usart.o(.text)
    USART_ITConfig                           0x080092e3   Thumb Code    74  stm32f10x_usart.o(.text)
    USART_DMACmd                             0x0800932d   Thumb Code    18  stm32f10x_usart.o(.text)
    USART_SetAddress                         0x0800933f   Thumb Code    18  stm32f10x_usart.o(.text)
    USART_WakeUpConfig                       0x08009351   Thumb Code    18  stm32f10x_usart.o(.text)
    USART_ReceiverWakeUpCmd                  0x08009363   Thumb Code    24  stm32f10x_usart.o(.text)
    USART_LINBreakDetectLengthConfig         0x0800937b   Thumb Code    18  stm32f10x_usart.o(.text)
    USART_LINCmd                             0x0800938d   Thumb Code    24  stm32f10x_usart.o(.text)
    USART_SendData                           0x080093a5   Thumb Code     8  stm32f10x_usart.o(.text)
    USART_ReceiveData                        0x080093ad   Thumb Code    10  stm32f10x_usart.o(.text)
    USART_SendBreak                          0x080093b7   Thumb Code    10  stm32f10x_usart.o(.text)
    USART_SetGuardTime                       0x080093c1   Thumb Code    16  stm32f10x_usart.o(.text)
    USART_SetPrescaler                       0x080093d1   Thumb Code    16  stm32f10x_usart.o(.text)
    USART_SmartCardCmd                       0x080093e1   Thumb Code    24  stm32f10x_usart.o(.text)
    USART_SmartCardNACKCmd                   0x080093f9   Thumb Code    24  stm32f10x_usart.o(.text)
    USART_HalfDuplexCmd                      0x08009411   Thumb Code    24  stm32f10x_usart.o(.text)
    USART_OverSampling8Cmd                   0x08009429   Thumb Code    22  stm32f10x_usart.o(.text)
    USART_OneBitMethodCmd                    0x0800943f   Thumb Code    24  stm32f10x_usart.o(.text)
    USART_IrDAConfig                         0x08009457   Thumb Code    18  stm32f10x_usart.o(.text)
    USART_IrDACmd                            0x08009469   Thumb Code    24  stm32f10x_usart.o(.text)
    USART_GetFlagStatus                      0x08009481   Thumb Code    26  stm32f10x_usart.o(.text)
    USART_ClearFlag                          0x0800949b   Thumb Code    18  stm32f10x_usart.o(.text)
    USART_GetITStatus                        0x080094ad   Thumb Code    84  stm32f10x_usart.o(.text)
    USART_ClearITPendingBit                  0x08009501   Thumb Code    52  stm32f10x_usart.o(.text)
    TIM_DeInit                               0x08009535   Thumb Code   424  stm32f10x_tim.o(.text)
    TIM_TimeBaseInit                         0x080096dd   Thumb Code   122  stm32f10x_tim.o(.text)
    TIM_OC1Init                              0x08009757   Thumb Code   132  stm32f10x_tim.o(.text)
    TIM_OC2Init                              0x080097db   Thumb Code   154  stm32f10x_tim.o(.text)
    TIM_OC3Init                              0x08009875   Thumb Code   150  stm32f10x_tim.o(.text)
    TIM_OC4Init                              0x0800990b   Thumb Code   182  stm32f10x_tim.o(.text)
    TIM_SetIC4Prescaler                      0x080099c1   Thumb Code    26  stm32f10x_tim.o(.text)
    TIM_SetIC3Prescaler                      0x08009a5d   Thumb Code    18  stm32f10x_tim.o(.text)
    TIM_SetIC2Prescaler                      0x08009ae9   Thumb Code    26  stm32f10x_tim.o(.text)
    TIM_SetIC1Prescaler                      0x08009b85   Thumb Code    18  stm32f10x_tim.o(.text)
    TIM_ICInit                               0x08009c03   Thumb Code   150  stm32f10x_tim.o(.text)
    TIM_PWMIConfig                           0x08009c99   Thumb Code   124  stm32f10x_tim.o(.text)
    TIM_BDTRConfig                           0x08009d15   Thumb Code    32  stm32f10x_tim.o(.text)
    TIM_TimeBaseStructInit                   0x08009d35   Thumb Code    18  stm32f10x_tim.o(.text)
    TIM_OCStructInit                         0x08009d47   Thumb Code    20  stm32f10x_tim.o(.text)
    TIM_ICStructInit                         0x08009d5b   Thumb Code    18  stm32f10x_tim.o(.text)
    TIM_BDTRStructInit                       0x08009d6d   Thumb Code    40  stm32f10x_tim.o(.text)
    TIM_Cmd                                  0x08009d95   Thumb Code    24  stm32f10x_tim.o(.text)
    TIM_CtrlPWMOutputs                       0x08009dad   Thumb Code    30  stm32f10x_tim.o(.text)
    TIM_ITConfig                             0x08009dcb   Thumb Code    18  stm32f10x_tim.o(.text)
    TIM_GenerateEvent                        0x08009ddd   Thumb Code     4  stm32f10x_tim.o(.text)
    TIM_DMAConfig                            0x08009de1   Thumb Code    10  stm32f10x_tim.o(.text)
    TIM_DMACmd                               0x08009deb   Thumb Code    18  stm32f10x_tim.o(.text)
    TIM_InternalClockConfig                  0x08009dfd   Thumb Code    12  stm32f10x_tim.o(.text)
    TIM_SelectInputTrigger                   0x08009e09   Thumb Code    18  stm32f10x_tim.o(.text)
    TIM_ITRxExternalClockConfig              0x08009e1b   Thumb Code    24  stm32f10x_tim.o(.text)
    TIM_TIxExternalClockConfig               0x08009e33   Thumb Code    62  stm32f10x_tim.o(.text)
    TIM_ETRConfig                            0x08009e71   Thumb Code    28  stm32f10x_tim.o(.text)
    TIM_ETRClockMode1Config                  0x08009e8d   Thumb Code    54  stm32f10x_tim.o(.text)
    TIM_ETRClockMode2Config                  0x08009ec3   Thumb Code    32  stm32f10x_tim.o(.text)
    TIM_PrescalerConfig                      0x08009ee3   Thumb Code     6  stm32f10x_tim.o(.text)
    TIM_CounterModeConfig                    0x08009ee9   Thumb Code    18  stm32f10x_tim.o(.text)
    TIM_EncoderInterfaceConfig               0x08009efb   Thumb Code    66  stm32f10x_tim.o(.text)
    TIM_ForcedOC1Config                      0x08009f3d   Thumb Code    18  stm32f10x_tim.o(.text)
    TIM_ForcedOC2Config                      0x08009f4f   Thumb Code    26  stm32f10x_tim.o(.text)
    TIM_ForcedOC3Config                      0x08009f69   Thumb Code    18  stm32f10x_tim.o(.text)
    TIM_ForcedOC4Config                      0x08009f7b   Thumb Code    26  stm32f10x_tim.o(.text)
    TIM_ARRPreloadConfig                     0x08009f95   Thumb Code    24  stm32f10x_tim.o(.text)
    TIM_SelectCOM                            0x08009fad   Thumb Code    24  stm32f10x_tim.o(.text)
    TIM_SelectCCDMA                          0x08009fc5   Thumb Code    24  stm32f10x_tim.o(.text)
    TIM_CCPreloadControl                     0x08009fdd   Thumb Code    24  stm32f10x_tim.o(.text)
    TIM_OC1PreloadConfig                     0x08009ff5   Thumb Code    18  stm32f10x_tim.o(.text)
    TIM_OC2PreloadConfig                     0x0800a007   Thumb Code    26  stm32f10x_tim.o(.text)
    TIM_OC3PreloadConfig                     0x0800a021   Thumb Code    18  stm32f10x_tim.o(.text)
    TIM_OC4PreloadConfig                     0x0800a033   Thumb Code    26  stm32f10x_tim.o(.text)
    TIM_OC1FastConfig                        0x0800a04d   Thumb Code    18  stm32f10x_tim.o(.text)
    TIM_OC2FastConfig                        0x0800a05f   Thumb Code    26  stm32f10x_tim.o(.text)
    TIM_OC3FastConfig                        0x0800a079   Thumb Code    18  stm32f10x_tim.o(.text)
    TIM_OC4FastConfig                        0x0800a08b   Thumb Code    26  stm32f10x_tim.o(.text)
    TIM_ClearOC1Ref                          0x0800a0a5   Thumb Code    18  stm32f10x_tim.o(.text)
    TIM_ClearOC2Ref                          0x0800a0b7   Thumb Code    24  stm32f10x_tim.o(.text)
    TIM_ClearOC3Ref                          0x0800a0cf   Thumb Code    18  stm32f10x_tim.o(.text)
    TIM_ClearOC4Ref                          0x0800a0e1   Thumb Code    24  stm32f10x_tim.o(.text)
    TIM_OC1PolarityConfig                    0x0800a0f9   Thumb Code    18  stm32f10x_tim.o(.text)
    TIM_OC1NPolarityConfig                   0x0800a10b   Thumb Code    18  stm32f10x_tim.o(.text)
    TIM_OC2PolarityConfig                    0x0800a11d   Thumb Code    26  stm32f10x_tim.o(.text)
    TIM_OC2NPolarityConfig                   0x0800a137   Thumb Code    26  stm32f10x_tim.o(.text)
    TIM_OC3PolarityConfig                    0x0800a151   Thumb Code    26  stm32f10x_tim.o(.text)
    TIM_OC3NPolarityConfig                   0x0800a16b   Thumb Code    26  stm32f10x_tim.o(.text)
    TIM_OC4PolarityConfig                    0x0800a185   Thumb Code    26  stm32f10x_tim.o(.text)
    TIM_CCxCmd                               0x0800a19f   Thumb Code    30  stm32f10x_tim.o(.text)
    TIM_CCxNCmd                              0x0800a1bd   Thumb Code    30  stm32f10x_tim.o(.text)
    TIM_SelectOCxM                           0x0800a1db   Thumb Code    82  stm32f10x_tim.o(.text)
    TIM_UpdateDisableConfig                  0x0800a22d   Thumb Code    24  stm32f10x_tim.o(.text)
    TIM_UpdateRequestConfig                  0x0800a245   Thumb Code    24  stm32f10x_tim.o(.text)
    TIM_SelectHallSensor                     0x0800a25d   Thumb Code    24  stm32f10x_tim.o(.text)
    TIM_SelectOnePulseMode                   0x0800a275   Thumb Code    18  stm32f10x_tim.o(.text)
    TIM_SelectOutputTrigger                  0x0800a287   Thumb Code    18  stm32f10x_tim.o(.text)
    TIM_SelectSlaveMode                      0x0800a299   Thumb Code    18  stm32f10x_tim.o(.text)
    TIM_SelectMasterSlaveMode                0x0800a2ab   Thumb Code    18  stm32f10x_tim.o(.text)
    TIM_SetCounter                           0x0800a2bd   Thumb Code     4  stm32f10x_tim.o(.text)
    TIM_SetAutoreload                        0x0800a2c1   Thumb Code     4  stm32f10x_tim.o(.text)
    TIM_SetCompare1                          0x0800a2c5   Thumb Code     4  stm32f10x_tim.o(.text)
    TIM_SetCompare2                          0x0800a2c9   Thumb Code     4  stm32f10x_tim.o(.text)
    TIM_SetCompare3                          0x0800a2cd   Thumb Code     4  stm32f10x_tim.o(.text)
    TIM_SetCompare4                          0x0800a2d1   Thumb Code     6  stm32f10x_tim.o(.text)
    TIM_SetClockDivision                     0x0800a2d7   Thumb Code    18  stm32f10x_tim.o(.text)
    TIM_GetCapture1                          0x0800a2e9   Thumb Code     6  stm32f10x_tim.o(.text)
    TIM_GetCapture2                          0x0800a2ef   Thumb Code     6  stm32f10x_tim.o(.text)
    TIM_GetCapture3                          0x0800a2f5   Thumb Code     6  stm32f10x_tim.o(.text)
    TIM_GetCapture4                          0x0800a2fb   Thumb Code     8  stm32f10x_tim.o(.text)
    TIM_GetCounter                           0x0800a303   Thumb Code     6  stm32f10x_tim.o(.text)
    TIM_GetPrescaler                         0x0800a309   Thumb Code     6  stm32f10x_tim.o(.text)
    TIM_GetFlagStatus                        0x0800a30f   Thumb Code    18  stm32f10x_tim.o(.text)
    TIM_ClearFlag                            0x0800a321   Thumb Code     6  stm32f10x_tim.o(.text)
    TIM_GetITStatus                          0x0800a327   Thumb Code    34  stm32f10x_tim.o(.text)
    TIM_ClearITPendingBit                    0x0800a349   Thumb Code     6  stm32f10x_tim.o(.text)
    OS_TaskStatStkChk                        0x0800a351   Thumb Code    54  os_core.o(.text)
    OS_TaskStat                              0x0800a387   Thumb Code   116  os_core.o(.text)
    OS_TaskIdle                              0x0800a42f   Thumb Code    34  os_core.o(.text)
    OS_MemClr                                0x0800a485   Thumb Code    18  os_core.o(.text)
    OSInit                                   0x0800a5a3   Thumb Code    48  os_core.o(.text)
    OSIntEnter                               0x0800a5d3   Thumb Code    28  os_core.o(.text)
    OSIntExit                                0x0800a609   Thumb Code   112  os_core.o(.text)
    OSSchedLock                              0x0800a679   Thumb Code    50  os_core.o(.text)
    OS_Sched                                 0x0800a6ab   Thumb Code    88  os_core.o(.text)
    OSSchedUnlock                            0x0800a703   Thumb Code   238  os_core.o(.text)
    OSStart                                  0x0800a7f1   Thumb Code    48  os_core.o(.text)
    OSStatInit                               0x0800a821   Thumb Code    62  os_core.o(.text)
    OSTimeTick                               0x0800a85f   Thumb Code   218  os_core.o(.text)
    OSVersion                                0x0800a939   Thumb Code     6  os_core.o(.text)
    OS_Dummy                                 0x0800a93f   Thumb Code     2  os_core.o(.text)
    OS_EventTaskRemove                       0x0800a941   Thumb Code    42  os_core.o(.text)
    OS_EventTaskRdy                          0x0800a96b   Thumb Code   118  os_core.o(.text)
    OS_EventTaskWait                         0x0800a9e1   Thumb Code   112  os_core.o(.text)
    OS_EventWaitListInit                     0x0800aa51   Thumb Code    28  os_core.o(.text)
    OS_MemCopy                               0x0800aa6d   Thumb Code    20  os_core.o(.text)
    OS_StrLen                                0x0800aa81   Thumb Code    20  os_core.o(.text)
    OS_TCBInit                               0x0800aa95   Thumb Code   294  os_core.o(.text)
    OSFlagAccept                             0x0800ac01   Thumb Code   252  os_flag.o(.text)
    OSFlagCreate                             0x0800acfd   Thumb Code    86  os_flag.o(.text)
    OS_FlagUnlink                            0x0800ad53   Thumb Code    36  os_flag.o(.text)
    OSFlagDel                                0x0800add7   Thumb Code   214  os_flag.o(.text)
    OSFlagNameGet                            0x0800aead   Thumb Code    80  os_flag.o(.text)
    OSFlagNameSet                            0x0800aefd   Thumb Code    66  os_flag.o(.text)
    OSFlagPend                               0x0800afd7   Thumb Code   614  os_flag.o(.text)
    OSFlagPendGetFlagsRdy                    0x0800b23d   Thumb Code    26  os_flag.o(.text)
    OSFlagPost                               0x0800b257   Thumb Code   312  os_flag.o(.text)
    OSFlagQuery                              0x0800b38f   Thumb Code    48  os_flag.o(.text)
    OS_FlagInit                              0x0800b3bf   Thumb Code    78  os_flag.o(.text)
    OSMboxAccept                             0x0800b419   Thumb Code    38  os_mbox.o(.text)
    OSMboxCreate                             0x0800b43f   Thumb Code    68  os_mbox.o(.text)
    OSMboxDel                                0x0800b483   Thumb Code   200  os_mbox.o(.text)
    OSMboxPend                               0x0800b54b   Thumb Code   246  os_mbox.o(.text)
    OSMboxPendAbort                          0x0800b641   Thumb Code   126  os_mbox.o(.text)
    OSMboxPost                               0x0800b6bf   Thumb Code    80  os_mbox.o(.text)
    OSMboxPostOpt                            0x0800b70f   Thumb Code   120  os_mbox.o(.text)
    OSMboxQuery                              0x0800b787   Thumb Code    76  os_mbox.o(.text)
    OSQAccept                                0x0800b7e5   Thumb Code    88  os_q.o(.text)
    OSQCreate                                0x0800b83d   Thumb Code   140  os_q.o(.text)
    OSQDel                                   0x0800b8c9   Thumb Code   236  os_q.o(.text)
    OSQFlush                                 0x0800b9b5   Thumb Code    36  os_q.o(.text)
    OSQPend                                  0x0800b9d9   Thumb Code   272  os_q.o(.text)
    OSQPendAbort                             0x0800bae9   Thumb Code   126  os_q.o(.text)
    OSQPost                                  0x0800bb67   Thumb Code   114  os_q.o(.text)
    OSQPostFront                             0x0800bbd9   Thumb Code   138  os_q.o(.text)
    OSQPostOpt                               0x0800bc63   Thumb Code   182  os_q.o(.text)
    OSQQuery                                 0x0800bd19   Thumb Code    98  os_q.o(.text)
    OS_QInit                                 0x0800bd7b   Thumb Code    72  os_q.o(.text)
    OSSemAccept                              0x0800bdcd   Thumb Code    42  os_sem.o(.text)
    OSSemCreate                              0x0800bdf7   Thumb Code    68  os_sem.o(.text)
    OSSemDel                                 0x0800be3b   Thumb Code   200  os_sem.o(.text)
    OSSemPend                                0x0800bf03   Thumb Code   222  os_sem.o(.text)
    OSSemPendAbort                           0x0800bfe1   Thumb Code   126  os_sem.o(.text)
    OSSemPost                                0x0800c05f   Thumb Code    88  os_sem.o(.text)
    OSSemQuery                               0x0800c0b7   Thumb Code    76  os_sem.o(.text)
    OSSemSet                                 0x0800c103   Thumb Code    66  os_sem.o(.text)
    OSTaskChangePrio                         0x0800c155   Thumb Code   310  os_task.o(.text)
    OSTaskCreate                             0x0800c28b   Thumb Code   148  os_task.o(.text)
    OS_TaskStkClr                            0x0800c31f   Thumb Code    26  os_task.o(.text)
    OSTaskCreateExt                          0x0800c339   Thumb Code   170  os_task.o(.text)
    OSTaskDel                                0x0800c3e3   Thumb Code   294  os_task.o(.text)
    OSTaskDelReq                             0x0800c509   Thumb Code   146  os_task.o(.text)
    OSTaskNameGet                            0x0800c59b   Thumb Code   114  os_task.o(.text)
    OSTaskNameSet                            0x0800c60d   Thumb Code    98  os_task.o(.text)
    OSTaskResume                             0x0800c66f   Thumb Code   160  os_task.o(.text)
    OSTaskStkChk                             0x0800c70f   Thumb Code   132  os_task.o(.text)
    OSTaskSuspend                            0x0800c793   Thumb Code   152  os_task.o(.text)
    OSTaskQuery                              0x0800c82b   Thumb Code    82  os_task.o(.text)
    OSTaskRegGet                             0x0800c87d   Thumb Code    60  os_task.o(.text)
    OSTaskRegSet                             0x0800c8b9   Thumb Code    62  os_task.o(.text)
    OS_TaskReturn                            0x0800c8f7   Thumb Code    18  os_task.o(.text)
    OSTimeDly                                0x0800c921   Thumb Code   100  os_time.o(.text)
    OSTimeDlyHMSM                            0x0800c985   Thumb Code    86  os_time.o(.text)
    OSTimeDlyResume                          0x0800c9db   Thumb Code   176  os_time.o(.text)
    OSTimeGet                                0x0800ca8b   Thumb Code    24  os_time.o(.text)
    OSTimeSet                                0x0800caa3   Thumb Code    24  os_time.o(.text)
    OSTmrCreate                              0x0800cb0b   Thumb Code    96  os_tmr.o(.text)
    OSTmrDel                                 0x0800cbe3   Thumb Code   124  os_tmr.o(.text)
    OSTmrNameGet                             0x0800cc5f   Thumb Code   114  os_tmr.o(.text)
    OSTmrRemainGet                           0x0800ccd1   Thumb Code   164  os_tmr.o(.text)
    OSTmrStateGet                            0x0800cd75   Thumb Code    86  os_tmr.o(.text)
    OSTmrStart                               0x0800ce2f   Thumb Code   128  os_tmr.o(.text)
    OSTmrStop                                0x0800ceaf   Thumb Code   210  os_tmr.o(.text)
    OSTmrSignal                              0x0800cf81   Thumb Code    16  os_tmr.o(.text)
    OSTmr_Init                               0x0800d035   Thumb Code   152  os_tmr.o(.text)
    OS_CPU_SR_Save                           0x0800d10d   Thumb Code     0  os_cpu_a.o(.text)
    OS_CPU_SR_Restore                        0x0800d115   Thumb Code     0  os_cpu_a.o(.text)
    OSStartHighRdy                           0x0800d11b   Thumb Code     0  os_cpu_a.o(.text)
    OSCtxSw                                  0x0800d13d   Thumb Code     0  os_cpu_a.o(.text)
    OSIntCtxSw                               0x0800d14b   Thumb Code     0  os_cpu_a.o(.text)
    PendSV_Handler                           0x0800d15b   Thumb Code     0  os_cpu_a.o(.text)
    OSInitHookBegin                          0x0800d1c1   Thumb Code     8  os_cpu_c.o(.text)
    OSInitHookEnd                            0x0800d1c9   Thumb Code     2  os_cpu_c.o(.text)
    OSTaskCreateHook                         0x0800d1cb   Thumb Code     2  os_cpu_c.o(.text)
    OSTaskDelHook                            0x0800d1cd   Thumb Code     2  os_cpu_c.o(.text)
    OSTaskIdleHook                           0x0800d1cf   Thumb Code     2  os_cpu_c.o(.text)
    OSTaskStatHook                           0x0800d1d1   Thumb Code     2  os_cpu_c.o(.text)
    OSTaskStkInit                            0x0800d1d3   Thumb Code   154  os_cpu_c.o(.text)
    OSTaskSwHook                             0x0800d26d   Thumb Code     2  os_cpu_c.o(.text)
    OSTCBInitHook                            0x0800d26f   Thumb Code     2  os_cpu_c.o(.text)
    OSTimeTickHook                           0x0800d271   Thumb Code    30  os_cpu_c.o(.text)
    OSTaskReturnHook                         0x0800d28f   Thumb Code     2  os_cpu_c.o(.text)
    __use_no_semihosting                     0x0800d295   Thumb Code     2  use_no_semi_2.o(.text)
    __2printf                                0x0800d299   Thumb Code    20  noretval__2printf.o(.text)
    __2sprintf                               0x0800d2b1   Thumb Code    34  noretval__2sprintf.o(.text)
    _printf_pre_padding                      0x0800d2d9   Thumb Code    46  _printf_pad.o(.text)
    _printf_post_padding                     0x0800d307   Thumb Code    36  _printf_pad.o(.text)
    _printf_str                              0x0800d32b   Thumb Code    82  _printf_str.o(.text)
    _printf_int_dec                          0x0800d37d   Thumb Code   102  _printf_dec.o(.text)
    _printf_int_hex                          0x0800d3f5   Thumb Code    88  _printf_hex_int.o(.text)
    _printf_longlong_hex                     0x0800d3f5   Thumb Code     0  _printf_hex_int.o(.text)
    __printf                                 0x0800d451   Thumb Code   310  __printf_flags_wp.o(.text)
    strcmp                                   0x0800d58d   Thumb Code   128  strcmpv7m.o(.text)
    __use_two_region_memory                  0x0800d60d   Thumb Code     2  heapauxi.o(.text)
    __rt_heap_escrow$2region                 0x0800d60f   Thumb Code     2  heapauxi.o(.text)
    __rt_heap_expand$2region                 0x0800d611   Thumb Code     2  heapauxi.o(.text)
    __I$use$semihosting                      0x0800d613   Thumb Code     0  use_no_semi.o(.text)
    __use_no_semihosting_swi                 0x0800d613   Thumb Code     2  use_no_semi.o(.text)
    __read_errno                             0x0800d615   Thumb Code    10  _rserrno.o(.text)
    __set_errno                              0x0800d61f   Thumb Code    12  _rserrno.o(.text)
    _printf_int_common                       0x0800d62b   Thumb Code   184  _printf_intcommon.o(.text)
    _printf_char_common                      0x0800d6ef   Thumb Code    32  _printf_char_common.o(.text)
    _sputc                                   0x0800d715   Thumb Code    10  _sputc.o(.text)
    _printf_cs_common                        0x0800d71f   Thumb Code    20  _printf_char.o(.text)
    _printf_char                             0x0800d733   Thumb Code    16  _printf_char.o(.text)
    _printf_string                           0x0800d743   Thumb Code     8  _printf_char.o(.text)
    _printf_char_file                        0x0800d74d   Thumb Code    32  _printf_char_file.o(.text)
    __aeabi_errno_addr                       0x0800d771   Thumb Code     8  rt_errno_addr_intlibspace.o(.text)
    __errno$intlibspace                      0x0800d771   Thumb Code     0  rt_errno_addr_intlibspace.o(.text)
    __rt_errno_addr$intlibspace              0x0800d771   Thumb Code     0  rt_errno_addr_intlibspace.o(.text)
    ferror                                   0x0800d779   Thumb Code     8  ferror.o(.text)
    __user_libspace                          0x0800d781   Thumb Code     8  libspace.o(.text)
    __user_perproc_libspace                  0x0800d781   Thumb Code     0  libspace.o(.text)
    __user_perthread_libspace                0x0800d781   Thumb Code     0  libspace.o(.text)
    __user_setup_stackheap                   0x0800d789   Thumb Code    74  sys_stackheap_outer.o(.text)
    exit                                     0x0800d7d3   Thumb Code    12  exit.o(.text)
    _is_digit                                0x0800d7df   Thumb Code    14  __printf_wp.o(i._is_digit)
    sqrt                                     0x0800d7ed   Thumb Code    78  sqrt.o(i.sqrt)
    __aeabi_dadd                             0x0800d83d   Thumb Code     0  daddsub_clz.o(x$fpl$dadd)
    _dadd                                    0x0800d83d   Thumb Code   332  daddsub_clz.o(x$fpl$dadd)
    __fpl_dcmp_Inf                           0x0800d98d   Thumb Code    24  dcmpi.o(x$fpl$dcmpinf)
    __aeabi_d2uiz                            0x0800d9a5   Thumb Code     0  dfixu.o(x$fpl$dfixu)
    _dfixu                                   0x0800d9a5   Thumb Code    90  dfixu.o(x$fpl$dfixu)
    __aeabi_i2d                              0x0800d9ff   Thumb Code     0  dflt_clz.o(x$fpl$dflt)
    _dflt                                    0x0800d9ff   Thumb Code    46  dflt_clz.o(x$fpl$dflt)
    __aeabi_ui2d                             0x0800da2d   Thumb Code     0  dflt_clz.o(x$fpl$dfltu)
    _dfltu                                   0x0800da2d   Thumb Code    38  dflt_clz.o(x$fpl$dfltu)
    __aeabi_cdcmple                          0x0800da55   Thumb Code     0  dleqf.o(x$fpl$dleqf)
    _dcmple                                  0x0800da55   Thumb Code   120  dleqf.o(x$fpl$dleqf)
    __fpl_dcmple_InfNaN                      0x0800dab7   Thumb Code     0  dleqf.o(x$fpl$dleqf)
    __aeabi_dmul                             0x0800dacd   Thumb Code     0  dmul.o(x$fpl$dmul)
    _dmul                                    0x0800dacd   Thumb Code   332  dmul.o(x$fpl$dmul)
    __fpl_dnaninf                            0x0800dc21   Thumb Code   156  dnaninf.o(x$fpl$dnaninf)
    __fpl_dretinf                            0x0800dcbd   Thumb Code    12  dretinf.o(x$fpl$dretinf)
    __aeabi_cdrcmple                         0x0800dcc9   Thumb Code     0  drleqf.o(x$fpl$drleqf)
    _drcmple                                 0x0800dcc9   Thumb Code   108  drleqf.o(x$fpl$drleqf)
    __aeabi_drsub                            0x0800dd35   Thumb Code     0  daddsub_clz.o(x$fpl$drsb)
    _drsb                                    0x0800dd35   Thumb Code    22  daddsub_clz.o(x$fpl$drsb)
    _dsqrt                                   0x0800dd4d   Thumb Code   456  dsqrt_noumaal.o(x$fpl$dsqrt)
    __aeabi_dsub                             0x0800df19   Thumb Code     0  daddsub_clz.o(x$fpl$dsub)
    _dsub                                    0x0800df19   Thumb Code   464  daddsub_clz.o(x$fpl$dsub)
    __aeabi_f2d                              0x0800e0ed   Thumb Code     0  f2d.o(x$fpl$f2d)
    _f2d                                     0x0800e0ed   Thumb Code    86  f2d.o(x$fpl$f2d)
    __aeabi_fadd                             0x0800e145   Thumb Code     0  faddsub_clz.o(x$fpl$fadd)
    _fadd                                    0x0800e145   Thumb Code   196  faddsub_clz.o(x$fpl$fadd)
    __aeabi_fdiv                             0x0800e209   Thumb Code     0  fdiv.o(x$fpl$fdiv)
    _fdiv                                    0x0800e209   Thumb Code   384  fdiv.o(x$fpl$fdiv)
    __aeabi_f2iz                             0x0800e38d   Thumb Code     0  ffix.o(x$fpl$ffix)
    _ffix                                    0x0800e38d   Thumb Code    54  ffix.o(x$fpl$ffix)
    __aeabi_f2uiz                            0x0800e3c5   Thumb Code     0  ffixu.o(x$fpl$ffixu)
    _ffixu                                   0x0800e3c5   Thumb Code    62  ffixu.o(x$fpl$ffixu)
    __aeabi_i2f                              0x0800e405   Thumb Code     0  fflt_clz.o(x$fpl$fflt)
    _fflt                                    0x0800e405   Thumb Code    48  fflt_clz.o(x$fpl$fflt)
    __aeabi_ui2f                             0x0800e435   Thumb Code     0  fflt_clz.o(x$fpl$ffltu)
    _ffltu                                   0x0800e435   Thumb Code    38  fflt_clz.o(x$fpl$ffltu)
    __aeabi_fmul                             0x0800e45d   Thumb Code     0  fmul.o(x$fpl$fmul)
    _fmul                                    0x0800e45d   Thumb Code   258  fmul.o(x$fpl$fmul)
    __fpl_fnaninf                            0x0800e55f   Thumb Code   140  fnaninf.o(x$fpl$fnaninf)
    __fpl_fretinf                            0x0800e5eb   Thumb Code    10  fretinf.o(x$fpl$fretinf)
    __aeabi_fsub                             0x0800e5f5   Thumb Code     0  faddsub_clz.o(x$fpl$fsub)
    _fsub                                    0x0800e5f5   Thumb Code   234  faddsub_clz.o(x$fpl$fsub)
    __I$use$fp                               0x0800e6de   Number         0  usenofp.o(x$fpl$usenofp)
    asc2_1206                                0x0800e6de   Data        1140  lcd.o(.constdata)
    asc2_1608                                0x0800eb52   Data        1520  lcd.o(.constdata)
    asc2_2412                                0x0800f142   Data        3420  lcd.o(.constdata)
    TP_REMIND_MSG_TBL                        0x0800fea0   Data           4  touch.o(.constdata)
    OTT_TPX_TBL                              0x0800fea4   Data          10  ott2001a.o(.constdata)
    FT5206_TPX_TBL                           0x0800feae   Data          10  ft5206.o(.constdata)
    GT9147_CFG_TBL                           0x0800feb8   Data         184  gt9147.o(.constdata)
    GT9147_TPX_TBL                           0x0800ff70   Data          10  gt9147.o(.constdata)
    memtblsize                               0x0800ff7c   Data           8  malloc.o(.constdata)
    memblksize                               0x0800ff84   Data           8  malloc.o(.constdata)
    memsize                                  0x0800ff8c   Data           8  malloc.o(.constdata)
    OSUnMapTbl                               0x0800ff94   Data         256  os_core.o(.constdata)
    Region$$Table$$Base                      0x08010148   Number         0  anon$$obj.o(Region$$Table)
    Region$$Table$$Limit                     0x08010168   Number         0  anon$$obj.o(Region$$Table)
    msg_key                                  0x20000008   Data           4  main.o(.data)
    q_msg                                    0x2000000c   Data           4  main.o(.data)
    tmr1                                     0x20000010   Data           4  main.o(.data)
    tmr2                                     0x20000014   Data           4  main.o(.data)
    tmr3                                     0x20000018   Data           4  main.o(.data)
    flags_key                                0x2000001c   Data           4  main.o(.data)
    SystemCoreClock                          0x20000020   Data           4  system_stm32f10x.o(.data)
    AHBPrescTable                            0x20000024   Data          16  system_stm32f10x.o(.data)
    POINT_COLOR                              0x20000036   Data           2  lcd.o(.data)
    BACK_COLOR                               0x20000038   Data           2  lcd.o(.data)
    tp_dev                                   0x2000003c   Data          52  touch.o(.data)
    CMD_RDX                                  0x20000070   Data           1  touch.o(.data)
    CMD_RDY                                  0x20000071   Data           1  touch.o(.data)
    tpad_default_val                         0x20000076   Data           2  tpad.o(.data)
    USART_RX_STA                             0x20000080   Data           2  usart.o(.data)
    __stdout                                 0x20000084   Data           4  usart.o(.data)
    mallco_dev                               0x20000088   Data          28  malloc.o(.data)
    OSCtxSwCtr                               0x200000b8   Data           4  os_core.o(.data)
    OSEventFreeList                          0x200000bc   Data           4  os_core.o(.data)
    OSFlagFreeList                           0x200000c0   Data           4  os_core.o(.data)
    OSCPUUsage                               0x200000c4   Data           1  os_core.o(.data)
    OSIdleCtrMax                             0x200000c8   Data           4  os_core.o(.data)
    OSIdleCtrRun                             0x200000cc   Data           4  os_core.o(.data)
    OSStatRdy                                0x200000d0   Data           1  os_core.o(.data)
    OSIntNesting                             0x200000d1   Data           1  os_core.o(.data)
    OSLockNesting                            0x200000d2   Data           1  os_core.o(.data)
    OSPrioCur                                0x200000d3   Data           1  os_core.o(.data)
    OSPrioHighRdy                            0x200000d4   Data           1  os_core.o(.data)
    OSRdyGrp                                 0x200000d5   Data           1  os_core.o(.data)
    OSRdyTbl                                 0x200000d6   Data           8  os_core.o(.data)
    OSRunning                                0x200000de   Data           1  os_core.o(.data)
    OSTaskCtr                                0x200000df   Data           1  os_core.o(.data)
    OSIdleCtr                                0x200000e0   Data           4  os_core.o(.data)
    OSTCBCur                                 0x200000e4   Data           4  os_core.o(.data)
    OSTCBFreeList                            0x200000e8   Data           4  os_core.o(.data)
    OSTCBHighRdy                             0x200000ec   Data           4  os_core.o(.data)
    OSTCBList                                0x200000f0   Data           4  os_core.o(.data)
    OSTickStepState                          0x200000f4   Data           1  os_core.o(.data)
    OSQFreeList                              0x200000f8   Data           4  os_core.o(.data)
    OSTime                                   0x200000fc   Data           4  os_core.o(.data)
    OSTmrFree                                0x20000100   Data           2  os_core.o(.data)
    OSTmrUsed                                0x20000102   Data           2  os_core.o(.data)
    OSTmrTime                                0x20000104   Data           4  os_core.o(.data)
    OSTmrSem                                 0x20000108   Data           4  os_core.o(.data)
    OSTmrSemSignal                           0x2000010c   Data           4  os_core.o(.data)
    OSTmrFreeList                            0x20000110   Data           4  os_core.o(.data)
    OSInterrputSum                           0x20000114   Data           4  os_cpu_c.o(.data)
    START_TASK_STK                           0x2000011c   Data         256  main.o(.bss)
    LED_TASK_STK                             0x2000021c   Data         256  main.o(.bss)
    TOUCH_TASK_STK                           0x2000031c   Data         512  main.o(.bss)
    QMSGSHOW_TASK_STK                        0x2000051c   Data         512  main.o(.bss)
    MAIN_TASK_STK                            0x2000071c   Data         512  main.o(.bss)
    FLAGS_TASK_STK                           0x2000091c   Data         512  main.o(.bss)
    KEY_TASK_STK                             0x20000b1c   Data         512  main.o(.bss)
    MsgGrp                                   0x20000d1c   Data        1024  main.o(.bss)
    lcddev                                   0x2000111c   Data          14  lcd.o(.bss)
    USART_RX_BUF                             0x2000112a   Data         200  usart.o(.bss)
    mem1base                                 0x20001200   Data       40960  malloc.o(.bss)
    mem1mapbase                              0x2000b200   Data        2560  malloc.o(.bss)
    OSEventTbl                               0x2000bc00   Data         200  os_core.o(.bss)
    OSFlagTbl                                0x2000bcc8   Data          80  os_core.o(.bss)
    OSTaskStatStk                            0x2000bd18   Data         512  os_core.o(.bss)
    OSTaskIdleStk                            0x2000bf18   Data         512  os_core.o(.bss)
    OSTCBPrioTbl                             0x2000c118   Data         256  os_core.o(.bss)
    OSTCBTbl                                 0x2000c218   Data        1008  os_core.o(.bss)
    OSQTbl                                   0x2000c608   Data         120  os_core.o(.bss)
    OSTmrTbl                                 0x2000c680   Data         640  os_core.o(.bss)
    OSTmrTaskStk                             0x2000c900   Data         512  os_core.o(.bss)
    OSTmrWheelTbl                            0x2000cb00   Data          64  os_core.o(.bss)
    __libspace_start                         0x2000cb40   Data          96  libspace.o(.bss)
    __temporary_stack_top$libspace           0x2000cba0   Data           0  libspace.o(.bss)
    mem2base                                 0x68000000   Data       983040  malloc.o(.ARM.__AT_0x68000000)
    mem2mapbase                              0x680f0000   Data       61440  malloc.o(.ARM.__AT_0x680F0000)



==============================================================================

Memory Map of the image

  Image Entry point : 0x08000131

  Load Region LR_IROM1 (Base: 0x08000000, Size: 0x00010284, Max: 0x00080000, ABSOLUTE)

    Execution Region ER_IROM1 (Base: 0x08000000, Size: 0x00010168, Max: 0x00080000, ABSOLUTE)

    Base Addr    Size         Type   Attr      Idx    E Section Name        Object

    0x08000000   0x00000130   Data   RO          567    RESET               startup_stm32f10x_hd.o
    0x08000130   0x00000008   Code   RO          874  * !!!main             c_w.l(__main.o)
    0x08000138   0x00000034   Code   RO         1121    !!!scatter          c_w.l(__scatter.o)
    0x0800016c   0x0000001a   Code   RO         1123    !!handler_copy      c_w.l(__scatter_copy.o)
    0x08000186   0x00000002   PAD
    0x08000188   0x0000001c   Code   RO         1125    !!handler_zi        c_w.l(__scatter_zi.o)
    0x080001a4   0x00000000   Code   RO          869    .ARM.Collect$$_printf_percent$$00000000  c_w.l(_printf_percent.o)
    0x080001a4   0x00000006   Code   RO          868    .ARM.Collect$$_printf_percent$$00000009  c_w.l(_printf_d.o)
    0x080001aa   0x00000006   Code   RO          867    .ARM.Collect$$_printf_percent$$0000000C  c_w.l(_printf_x.o)
    0x080001b0   0x00000006   Code   RO          866    .ARM.Collect$$_printf_percent$$00000014  c_w.l(_printf_s.o)
    0x080001b6   0x00000004   Code   RO          949    .ARM.Collect$$_printf_percent$$00000017  c_w.l(_printf_percent_end.o)
    0x080001ba   0x00000002   Code   RO         1001    .ARM.Collect$$libinit$$00000000  c_w.l(libinit.o)
    0x080001bc   0x00000000   Code   RO         1005    .ARM.Collect$$libinit$$00000002  c_w.l(libinit2.o)
    0x080001bc   0x00000000   Code   RO         1008    .ARM.Collect$$libinit$$00000008  c_w.l(libinit2.o)
    0x080001bc   0x00000000   Code   RO         1010    .ARM.Collect$$libinit$$0000000A  c_w.l(libinit2.o)
    0x080001bc   0x00000000   Code   RO         1012    .ARM.Collect$$libinit$$0000000C  c_w.l(libinit2.o)
    0x080001bc   0x00000000   Code   RO         1015    .ARM.Collect$$libinit$$0000000F  c_w.l(libinit2.o)
    0x080001bc   0x00000000   Code   RO         1017    .ARM.Collect$$libinit$$00000011  c_w.l(libinit2.o)
    0x080001bc   0x00000000   Code   RO         1019    .ARM.Collect$$libinit$$00000013  c_w.l(libinit2.o)
    0x080001bc   0x00000000   Code   RO         1021    .ARM.Collect$$libinit$$00000015  c_w.l(libinit2.o)
    0x080001bc   0x00000000   Code   RO         1023    .ARM.Collect$$libinit$$00000017  c_w.l(libinit2.o)
    0x080001bc   0x00000000   Code   RO         1025    .ARM.Collect$$libinit$$00000019  c_w.l(libinit2.o)
    0x080001bc   0x00000000   Code   RO         1027    .ARM.Collect$$libinit$$0000001B  c_w.l(libinit2.o)
    0x080001bc   0x00000000   Code   RO         1029    .ARM.Collect$$libinit$$0000001D  c_w.l(libinit2.o)
    0x080001bc   0x00000000   Code   RO         1031    .ARM.Collect$$libinit$$0000001F  c_w.l(libinit2.o)
    0x080001bc   0x00000000   Code   RO         1033    .ARM.Collect$$libinit$$00000021  c_w.l(libinit2.o)
    0x080001bc   0x00000000   Code   RO         1035    .ARM.Collect$$libinit$$00000023  c_w.l(libinit2.o)
    0x080001bc   0x00000000   Code   RO         1039    .ARM.Collect$$libinit$$0000002A  c_w.l(libinit2.o)
    0x080001bc   0x00000000   Code   RO         1041    .ARM.Collect$$libinit$$0000002C  c_w.l(libinit2.o)
    0x080001bc   0x00000000   Code   RO         1043    .ARM.Collect$$libinit$$0000002E  c_w.l(libinit2.o)
    0x080001bc   0x00000000   Code   RO         1045    .ARM.Collect$$libinit$$00000030  c_w.l(libinit2.o)
    0x080001bc   0x00000002   Code   RO         1046    .ARM.Collect$$libinit$$00000031  c_w.l(libinit2.o)
    0x080001be   0x00000002   Code   RO         1064    .ARM.Collect$$libshutdown$$00000000  c_w.l(libshutdown.o)
    0x080001c0   0x00000000   Code   RO         1075    .ARM.Collect$$libshutdown$$00000003  c_w.l(libshutdown2.o)
    0x080001c0   0x00000000   Code   RO         1078    .ARM.Collect$$libshutdown$$00000006  c_w.l(libshutdown2.o)
    0x080001c0   0x00000000   Code   RO         1081    .ARM.Collect$$libshutdown$$00000009  c_w.l(libshutdown2.o)
    0x080001c0   0x00000000   Code   RO         1083    .ARM.Collect$$libshutdown$$0000000B  c_w.l(libshutdown2.o)
    0x080001c0   0x00000000   Code   RO         1086    .ARM.Collect$$libshutdown$$0000000E  c_w.l(libshutdown2.o)
    0x080001c0   0x00000002   Code   RO         1087    .ARM.Collect$$libshutdown$$0000000F  c_w.l(libshutdown2.o)
    0x080001c2   0x00000000   Code   RO          936    .ARM.Collect$$rtentry$$00000000  c_w.l(rtentry.o)
    0x080001c2   0x00000000   Code   RO          964    .ARM.Collect$$rtentry$$00000002  c_w.l(rtentry2.o)
    0x080001c2   0x00000006   Code   RO          976    .ARM.Collect$$rtentry$$00000004  c_w.l(rtentry4.o)
    0x080001c8   0x00000000   Code   RO          966    .ARM.Collect$$rtentry$$00000009  c_w.l(rtentry2.o)
    0x080001c8   0x00000004   Code   RO          967    .ARM.Collect$$rtentry$$0000000A  c_w.l(rtentry2.o)
    0x080001cc   0x00000000   Code   RO          969    .ARM.Collect$$rtentry$$0000000C  c_w.l(rtentry2.o)
    0x080001cc   0x00000008   Code   RO          970    .ARM.Collect$$rtentry$$0000000D  c_w.l(rtentry2.o)
    0x080001d4   0x00000002   Code   RO         1002    .ARM.Collect$$rtexit$$00000000  c_w.l(rtexit.o)
    0x080001d6   0x00000000   Code   RO         1048    .ARM.Collect$$rtexit$$00000002  c_w.l(rtexit2.o)
    0x080001d6   0x00000004   Code   RO         1049    .ARM.Collect$$rtexit$$00000003  c_w.l(rtexit2.o)
    0x080001da   0x00000006   Code   RO         1050    .ARM.Collect$$rtexit$$00000004  c_w.l(rtexit2.o)
    0x080001e0   0x00000b68   Code   RO            1    .text               main.o
    0x08000d48   0x00000016   Code   RO          180    .text               stm32f10x_it.o
    0x08000d5e   0x00000002   PAD
    0x08000d60   0x000001dc   Code   RO          221    .text               system_stm32f10x.o
    0x08000f3c   0x0000004c   Code   RO          239    .text               led.o
    0x08000f88   0x000000fc   Code   RO          251    .text               key.o
    0x08001084   0x00000038   Code   RO          264    .text               beep.o
    0x080010bc   0x00004a50   Code   RO          276    .text               lcd.o
    0x08005b0c   0x00000278   Code   RO          306    .text               myiic.o
    0x08005d84   0x0000017a   Code   RO          321    .text               24cxx.o
    0x08005efe   0x00000002   PAD
    0x08005f00   0x00000fac   Code   RO          374    .text               touch.o
    0x08006eac   0x00000284   Code   RO          398    .text               ctiic.o
    0x08007130   0x00000368   Code   RO          413    .text               ott2001a.o
    0x08007498   0x00000334   Code   RO          429    .text               ft5206.o
    0x080077cc   0x00000458   Code   RO          445    .text               gt9147.o
    0x08007c24   0x00000238   Code   RO          461    .text               tpad.o
    0x08007e5c   0x00000130   Code   RO          479    .text               delay.o
    0x08007f8c   0x00000148   Code   RO          510    .text               usart.o
    0x080080d4   0x00000228   Code   RO          533    .text               malloc.o
    0x080082fc   0x00000040   Code   RO          568    .text               startup_stm32f10x_hd.o
    0x0800833c   0x000000dc   Code   RO          572    .text               misc.o
    0x08008418   0x00000618   Code   RO          584    .text               stm32f10x_fsmc.o
    0x08008a30   0x00000358   Code   RO          596    .text               stm32f10x_gpio.o
    0x08008d88   0x000003a4   Code   RO          608    .text               stm32f10x_rcc.o
    0x0800912c   0x00000408   Code   RO          634    .text               stm32f10x_usart.o
    0x08009534   0x00000e1a   Code   RO          646    .text               stm32f10x_tim.o
    0x0800a34e   0x00000002   PAD
    0x0800a350   0x000008b0   Code   RO          658    .text               os_core.o
    0x0800ac00   0x00000818   Code   RO          678    .text               os_flag.o
    0x0800b418   0x000003cc   Code   RO          690    .text               os_mbox.o
    0x0800b7e4   0x000005e8   Code   RO          720    .text               os_q.o
    0x0800bdcc   0x00000388   Code   RO          732    .text               os_sem.o
    0x0800c154   0x000007cc   Code   RO          744    .text               os_task.o
    0x0800c920   0x000001b8   Code   RO          756    .text               os_time.o
    0x0800cad8   0x00000634   Code   RO          768    .text               os_tmr.o
    0x0800d10c   0x000000b4   Code   RO          780    .text               os_cpu_a.o
    0x0800d1c0   0x000000d4   Code   RO          783    .text               os_cpu_c.o
    0x0800d294   0x00000002   Code   RO          807    .text               c_w.l(use_no_semi_2.o)
    0x0800d296   0x00000002   PAD
    0x0800d298   0x00000018   Code   RO          813    .text               c_w.l(noretval__2printf.o)
    0x0800d2b0   0x00000028   Code   RO          815    .text               c_w.l(noretval__2sprintf.o)
    0x0800d2d8   0x00000052   Code   RO          819    .text               c_w.l(_printf_pad.o)
    0x0800d32a   0x00000052   Code   RO          821    .text               c_w.l(_printf_str.o)
    0x0800d37c   0x00000078   Code   RO          823    .text               c_w.l(_printf_dec.o)
    0x0800d3f4   0x0000005c   Code   RO          828    .text               c_w.l(_printf_hex_int.o)
    0x0800d450   0x0000013c   Code   RO          858    .text               c_w.l(__printf_flags_wp.o)
    0x0800d58c   0x00000080   Code   RO          870    .text               c_w.l(strcmpv7m.o)
    0x0800d60c   0x00000006   Code   RO          872    .text               c_w.l(heapauxi.o)
    0x0800d612   0x00000002   Code   RO          934    .text               c_w.l(use_no_semi.o)
    0x0800d614   0x00000016   Code   RO          937    .text               c_w.l(_rserrno.o)
    0x0800d62a   0x000000b8   Code   RO          939    .text               c_w.l(_printf_intcommon.o)
    0x0800d6e2   0x00000002   PAD
    0x0800d6e4   0x00000030   Code   RO          941    .text               c_w.l(_printf_char_common.o)
    0x0800d714   0x0000000a   Code   RO          943    .text               c_w.l(_sputc.o)
    0x0800d71e   0x0000002c   Code   RO          945    .text               c_w.l(_printf_char.o)
    0x0800d74a   0x00000002   PAD
    0x0800d74c   0x00000024   Code   RO          947    .text               c_w.l(_printf_char_file.o)
    0x0800d770   0x00000008   Code   RO          981    .text               c_w.l(rt_errno_addr_intlibspace.o)
    0x0800d778   0x00000008   Code   RO          985    .text               c_w.l(ferror.o)
    0x0800d780   0x00000008   Code   RO          989    .text               c_w.l(libspace.o)
    0x0800d788   0x0000004a   Code   RO          992    .text               c_w.l(sys_stackheap_outer.o)
    0x0800d7d2   0x0000000c   Code   RO          994    .text               c_w.l(exit.o)
    0x0800d7de   0x0000000e   Code   RO          856    i._is_digit         c_w.l(__printf_wp.o)
    0x0800d7ec   0x0000004e   Code   RO          927    i.sqrt              m_ws.l(sqrt.o)
    0x0800d83a   0x00000002   PAD
    0x0800d83c   0x00000150   Code   RO          876    x$fpl$dadd          fz_ws.l(daddsub_clz.o)
    0x0800d98c   0x00000018   Code   RO          950    x$fpl$dcmpinf       fz_ws.l(dcmpi.o)
    0x0800d9a4   0x0000005a   Code   RO          882    x$fpl$dfixu         fz_ws.l(dfixu.o)
    0x0800d9fe   0x0000002e   Code   RO          887    x$fpl$dflt          fz_ws.l(dflt_clz.o)
    0x0800da2c   0x00000026   Code   RO          886    x$fpl$dfltu         fz_ws.l(dflt_clz.o)
    0x0800da52   0x00000002   PAD
    0x0800da54   0x00000078   Code   RO          892    x$fpl$dleqf         fz_ws.l(dleqf.o)
    0x0800dacc   0x00000154   Code   RO          894    x$fpl$dmul          fz_ws.l(dmul.o)
    0x0800dc20   0x0000009c   Code   RO          952    x$fpl$dnaninf       fz_ws.l(dnaninf.o)
    0x0800dcbc   0x0000000c   Code   RO          954    x$fpl$dretinf       fz_ws.l(dretinf.o)
    0x0800dcc8   0x0000006c   Code   RO          896    x$fpl$drleqf        fz_ws.l(drleqf.o)
    0x0800dd34   0x00000016   Code   RO          877    x$fpl$drsb          fz_ws.l(daddsub_clz.o)
    0x0800dd4a   0x00000002   PAD
    0x0800dd4c   0x000001cc   Code   RO          956    x$fpl$dsqrt         fz_ws.l(dsqrt_noumaal.o)
    0x0800df18   0x000001d4   Code   RO          878    x$fpl$dsub          fz_ws.l(daddsub_clz.o)
    0x0800e0ec   0x00000056   Code   RO          898    x$fpl$f2d           fz_ws.l(f2d.o)
    0x0800e142   0x00000002   PAD
    0x0800e144   0x000000c4   Code   RO          900    x$fpl$fadd          fz_ws.l(faddsub_clz.o)
    0x0800e208   0x00000184   Code   RO          907    x$fpl$fdiv          fz_ws.l(fdiv.o)
    0x0800e38c   0x00000036   Code   RO          910    x$fpl$ffix          fz_ws.l(ffix.o)
    0x0800e3c2   0x00000002   PAD
    0x0800e3c4   0x0000003e   Code   RO          914    x$fpl$ffixu         fz_ws.l(ffixu.o)
    0x0800e402   0x00000002   PAD
    0x0800e404   0x00000030   Code   RO          919    x$fpl$fflt          fz_ws.l(fflt_clz.o)
    0x0800e434   0x00000026   Code   RO          918    x$fpl$ffltu         fz_ws.l(fflt_clz.o)
    0x0800e45a   0x00000002   PAD
    0x0800e45c   0x00000102   Code   RO          924    x$fpl$fmul          fz_ws.l(fmul.o)
    0x0800e55e   0x0000008c   Code   RO          958    x$fpl$fnaninf       fz_ws.l(fnaninf.o)
    0x0800e5ea   0x0000000a   Code   RO          960    x$fpl$fretinf       fz_ws.l(fretinf.o)
    0x0800e5f4   0x000000ea   Code   RO          902    x$fpl$fsub          fz_ws.l(faddsub_clz.o)
    0x0800e6de   0x00000000   Code   RO          962    x$fpl$usenofp       fz_ws.l(usenofp.o)
    0x0800e6de   0x000017c0   Data   RO          278    .constdata          lcd.o
    0x0800fe9e   0x00000002   PAD
    0x0800fea0   0x00000004   Data   RO          375    .constdata          touch.o
    0x0800fea4   0x0000000a   Data   RO          414    .constdata          ott2001a.o
    0x0800feae   0x0000000a   Data   RO          430    .constdata          ft5206.o
    0x0800feb8   0x000000c2   Data   RO          446    .constdata          gt9147.o
    0x0800ff7a   0x00000002   PAD
    0x0800ff7c   0x00000018   Data   RO          537    .constdata          malloc.o
    0x0800ff94   0x00000100   Data   RO          660    .constdata          os_core.o
    0x08010094   0x00000028   Data   RO          829    .constdata          c_w.l(_printf_hex_int.o)
    0x080100bc   0x00000011   Data   RO          859    .constdata          c_w.l(__printf_flags_wp.o)
    0x080100cd   0x00000079   Data   RO          376    .conststring        touch.o
    0x08010146   0x00000002   PAD
    0x08010148   0x00000020   Data   RO         1119    Region$$Table       anon$$obj.o


    Execution Region RW_IRAM1 (Base: 0x20000000, Size: 0x0000d1a0, Max: 0x00010000, ABSOLUTE)

    Base Addr    Size         Type   Attr      Idx    E Section Name        Object

    0x20000000   0x00000020   Data   RW            3    .data               main.o
    0x20000020   0x00000014   Data   RW          222    .data               system_stm32f10x.o
    0x20000034   0x00000001   Data   RW          252    .data               key.o
    0x20000035   0x00000001   PAD
    0x20000036   0x00000004   Data   RW          279    .data               lcd.o
    0x2000003a   0x00000002   PAD
    0x2000003c   0x00000036   Data   RW          377    .data               touch.o
    0x20000072   0x00000001   Data   RW          415    .data               ott2001a.o
    0x20000073   0x00000001   Data   RW          431    .data               ft5206.o
    0x20000074   0x00000001   Data   RW          447    .data               gt9147.o
    0x20000075   0x00000001   PAD
    0x20000076   0x00000003   Data   RW          462    .data               tpad.o
    0x20000079   0x00000001   PAD
    0x2000007a   0x00000004   Data   RW          480    .data               delay.o
    0x2000007e   0x00000002   PAD
    0x20000080   0x00000008   Data   RW          512    .data               usart.o
    0x20000088   0x0000001c   Data   RW          538    .data               malloc.o
    0x200000a4   0x00000014   Data   RW          609    .data               stm32f10x_rcc.o
    0x200000b8   0x0000005c   Data   RW          661    .data               os_core.o
    0x20000114   0x00000006   Data   RW          784    .data               os_cpu_c.o
    0x2000011a   0x00000002   PAD
    0x2000011c   0x00001000   Zero   RW            2    .bss                main.o
    0x2000111c   0x0000000e   Zero   RW          277    .bss                lcd.o
    0x2000112a   0x000000c8   Zero   RW          511    .bss                usart.o
    0x200011f2   0x0000000e   PAD
    0x20001200   0x0000aa00   Zero   RW          536    .bss                malloc.o
    0x2000bc00   0x00000f40   Zero   RW          659    .bss                os_core.o
    0x2000cb40   0x00000060   Zero   RW          990    .bss                c_w.l(libspace.o)
    0x2000cba0   0x00000200   Zero   RW          566    HEAP                startup_stm32f10x_hd.o
    0x2000cda0   0x00000400   Zero   RW          565    STACK               startup_stm32f10x_hd.o



  Load Region LR$$.ARM.__AT_0x68000000 (Base: 0x68000000, Size: 0x00000000, Max: 0x000f0000, ABSOLUTE)

    Execution Region ER$$.ARM.__AT_0x68000000 (Base: 0x68000000, Size: 0x000f0000, Max: 0x000f0000, ABSOLUTE, UNINIT)

    Base Addr    Size         Type   Attr      Idx    E Section Name        Object

    0x68000000   0x000f0000   Zero   RW          534    .ARM.__AT_0x68000000  malloc.o



  Load Region LR$$.ARM.__AT_0x680F0000 (Base: 0x680f0000, Size: 0x00000000, Max: 0x0000f000, ABSOLUTE)

    Execution Region ER$$.ARM.__AT_0x680F0000 (Base: 0x680f0000, Size: 0x0000f000, Max: 0x0000f000, ABSOLUTE, UNINIT)

    Base Addr    Size         Type   Attr      Idx    E Section Name        Object

    0x680f0000   0x0000f000   Zero   RW          535    .ARM.__AT_0x680F0000  malloc.o


==============================================================================

Image component sizes


      Code (inc. data)   RO Data    RW Data    ZI Data      Debug   Object Name

       378          0          0          0          0       2506   24cxx.o
        56          6          0          0          0        416   beep.o
       644         34          0          0          0       1957   ctiic.o
       304         24          0          4          0       1601   delay.o
       820         36         10          1          0       2263   ft5206.o
      1112         74        194          1          0       2774   gt9147.o
       252         12          0          1          0        760   key.o
     19024        162       6080          4         14      21270   lcd.o
        76          8          0          0          0        427   led.o
      2920        462          0         32       4096     275775   main.o
       552         18         24         28    1088000       4248   malloc.o
       220         20          0          0          0       1657   misc.o
       632         20          0          0          0       1784   myiic.o
      2224        220        256         92       3904      15259   os_core.o
       180         36          0          0          0        256   os_cpu_a.o
       212          4          0          6          0      11055   os_cpu_c.o
      2072         40          0          0          0       6624   os_flag.o
       972         18          0          0          0       3954   os_mbox.o
      1512         32          0          0          0       5353   os_q.o
       904         16          0          0          0       3706   os_sem.o
      1996         70          0          0          0       7265   os_task.o
       440         30          0          0          0       1698   os_time.o
      1588         94          0          0          0       5341   os_tmr.o
       872         56         10          1          0       2411   ott2001a.o
        64         26        304          0       1536        724   startup_stm32f10x_hd.o
      1560         54          0          0          0       5199   stm32f10x_fsmc.o
       856         40          0          0          0       5501   stm32f10x_gpio.o
        22          0          0          0          0        927   stm32f10x_it.o
       932         44          0         20          0       8596   stm32f10x_rcc.o
      3610         88          0          0          0      21984   stm32f10x_tim.o
      1032         22          0          0          0       8228   stm32f10x_usart.o
         0          0          0          0          0         32   sys.o
       476         36          0         20          0       1523   system_stm32f10x.o
      4012        236        125         54          0       6345   touch.o
       568         40          0          3          0       2231   tpad.o
       328         18          0          8        200       2902   usart.o

    ----------------------------------------------------------------------
     53428       2096       7041        284    1097764     444552   Object Totals
         0          0         32          0          0          0   (incl. Generated)
         6          0          6          9         14          0   (incl. Padding)

    ----------------------------------------------------------------------

      Code (inc. data)   RO Data    RW Data    ZI Data      Debug   Library Member Name

         8          0          0          0          0         68   __main.o
       316          6         17          0          0         92   __printf_flags_wp.o
        14          0          0          0          0         68   __printf_wp.o
        52          8          0          0          0          0   __scatter.o
        26          0          0          0          0          0   __scatter_copy.o
        28          0          0          0          0          0   __scatter_zi.o
        44          0          0          0          0        108   _printf_char.o
        48          6          0          0          0         96   _printf_char_common.o
        36          4          0          0          0         80   _printf_char_file.o
         6          0          0          0          0          0   _printf_d.o
       120         18          0          0          0         92   _printf_dec.o
        92          4         40          0          0         88   _printf_hex_int.o
       184          0          0          0          0         88   _printf_intcommon.o
        82          0          0          0          0        108   _printf_pad.o
         0          0          0          0          0          0   _printf_percent.o
         4          0          0          0          0          0   _printf_percent_end.o
         6          0          0          0          0          0   _printf_s.o
        82          0          0          0          0         80   _printf_str.o
         6          0          0          0          0          0   _printf_x.o
        22          0          0          0          0        100   _rserrno.o
        10          0          0          0          0         68   _sputc.o
        12          0          0          0          0         72   exit.o
         8          0          0          0          0         68   ferror.o
         6          0          0          0          0        152   heapauxi.o
         2          0          0          0          0          0   libinit.o
         2          0          0          0          0          0   libinit2.o
         2          0          0          0          0          0   libshutdown.o
         2          0          0          0          0          0   libshutdown2.o
         8          4          0          0         96         68   libspace.o
        24          4          0          0          0         84   noretval__2printf.o
        40          6          0          0          0         84   noretval__2sprintf.o
         8          4          0          0          0         68   rt_errno_addr_intlibspace.o
         0          0          0          0          0          0   rtentry.o
        12          0          0          0          0          0   rtentry2.o
         6          0          0          0          0          0   rtentry4.o
         2          0          0          0          0          0   rtexit.o
        10          0          0          0          0          0   rtexit2.o
       128          0          0          0          0         68   strcmpv7m.o
        74          0          0          0          0         80   sys_stackheap_outer.o
         2          0          0          0          0         68   use_no_semi.o
         2          0          0          0          0         68   use_no_semi_2.o
       826         16          0          0          0        356   daddsub_clz.o
        24          0          0          0          0         68   dcmpi.o
        90          4          0          0          0         92   dfixu.o
        84          0          0          0          0        136   dflt_clz.o
       120          4          0          0          0         92   dleqf.o
       340         12          0          0          0        104   dmul.o
       156          4          0          0          0         92   dnaninf.o
        12          0          0          0          0         68   dretinf.o
       108          0          0          0          0         80   drleqf.o
       460         56          0          0          0        120   dsqrt_noumaal.o
        86          4          0          0          0         84   f2d.o
       430          8          0          0          0        168   faddsub_clz.o
       388         76          0          0          0         96   fdiv.o
        54          4          0          0          0         84   ffix.o
        62          4          0          0          0         84   ffixu.o
        86          0          0          0          0        136   fflt_clz.o
       258          4          0          0          0         84   fmul.o
       140          4          0          0          0         84   fnaninf.o
        10          0          0          0          0         68   fretinf.o
         0          0          0          0          0          0   usenofp.o
        78          0          0          0          0         84   sqrt.o

    ----------------------------------------------------------------------
      5370        264         57          0         96       4196   Library Totals
        22          0          0          0          0          0   (incl. Padding)

    ----------------------------------------------------------------------

      Code (inc. data)   RO Data    RW Data    ZI Data      Debug   Library Name

      1536         64         57          0         96       2016   c_w.l
      3734        200          0          0          0       2096   fz_ws.l
        78          0          0          0          0         84   m_ws.l

    ----------------------------------------------------------------------
      5370        264         57          0         96       4196   Library Totals

    ----------------------------------------------------------------------

==============================================================================


      Code (inc. data)   RO Data    RW Data    ZI Data      Debug   

     58798       2360       7098        284    1097860     443548   Grand Totals
     58798       2360       7098        284    1097860     443548   ELF Image Totals
     58798       2360       7098        284          0          0   ROM Totals

==============================================================================

    Total RO  Size (Code + RO Data)                65896 (  64.35kB)
    Total RW  Size (RW Data + ZI Data)           1098144 (1072.41kB)
    Total ROM Size (Code + RO Data + RW Data)      66180 (  64.63kB)

==============================================================================

